Component: ARM Compiler 5.05 update 2 (build 169) Tool: armlink [4d0f33]

==============================================================================

Section Cross References

    startup_stm32f103xb.o(RESET) refers to startup_stm32f103xb.o(STACK) for __initial_sp
    startup_stm32f103xb.o(RESET) refers to startup_stm32f103xb.o(.text) for Reset_Handler
    startup_stm32f103xb.o(RESET) refers to stm32f1xx_it.o(i.NMI_Handler) for NMI_Handler
    startup_stm32f103xb.o(RESET) refers to stm32f1xx_it.o(i.HardFault_Handler) for HardFault_Handler
    startup_stm32f103xb.o(RESET) refers to stm32f1xx_it.o(i.MemManage_Handler) for MemManage_Handler
    startup_stm32f103xb.o(RESET) refers to stm32f1xx_it.o(i.BusFault_Handler) for BusFault_Handler
    startup_stm32f103xb.o(RESET) refers to stm32f1xx_it.o(i.UsageFault_Handler) for UsageFault_Handler
    startup_stm32f103xb.o(RESET) refers to stm32f1xx_it.o(i.SVC_Handler) for SVC_Handler
    startup_stm32f103xb.o(RESET) refers to stm32f1xx_it.o(i.DebugMon_Handler) for DebugMon_Handler
    startup_stm32f103xb.o(RESET) refers to stm32f1xx_it.o(i.PendSV_Handler) for PendSV_Handler
    startup_stm32f103xb.o(RESET) refers to stm32f1xx_it.o(i.SysTick_Handler) for SysTick_Handler
    startup_stm32f103xb.o(RESET) refers to stm32f1xx_it.o(i.DMA1_Channel2_IRQHandler) for DMA1_Channel2_IRQHandler
    startup_stm32f103xb.o(RESET) refers to stm32f1xx_it.o(i.DMA1_Channel3_IRQHandler) for DMA1_Channel3_IRQHandler
    startup_stm32f103xb.o(RESET) refers to stm32f1xx_it.o(i.DMA1_Channel4_IRQHandler) for DMA1_Channel4_IRQHandler
    startup_stm32f103xb.o(RESET) refers to stm32f1xx_it.o(i.DMA1_Channel5_IRQHandler) for DMA1_Channel5_IRQHandler
    startup_stm32f103xb.o(RESET) refers to stm32f1xx_it.o(i.DMA1_Channel6_IRQHandler) for DMA1_Channel6_IRQHandler
    startup_stm32f103xb.o(RESET) refers to stm32f1xx_it.o(i.DMA1_Channel7_IRQHandler) for DMA1_Channel7_IRQHandler
    startup_stm32f103xb.o(RESET) refers to stm32f1xx_it.o(i.USB_LP_CAN1_RX0_IRQHandler) for USB_LP_CAN1_RX0_IRQHandler
    startup_stm32f103xb.o(RESET) refers to stm32f1xx_it.o(i.TIM2_IRQHandler) for TIM2_IRQHandler
    startup_stm32f103xb.o(RESET) refers to stm32f1xx_it.o(i.TIM3_IRQHandler) for TIM3_IRQHandler
    startup_stm32f103xb.o(RESET) refers to stm32f1xx_it.o(i.USART1_IRQHandler) for USART1_IRQHandler
    startup_stm32f103xb.o(RESET) refers to stm32f1xx_it.o(i.USART2_IRQHandler) for USART2_IRQHandler
    startup_stm32f103xb.o(RESET) refers to stm32f1xx_it.o(i.USART3_IRQHandler) for USART3_IRQHandler
    startup_stm32f103xb.o(.text) refers to system_stm32f1xx.o(i.SystemInit) for SystemInit
    startup_stm32f103xb.o(.text) refers to entry.o(.ARM.Collect$$$$00000000) for __main
    main.o(i.SystemClock_Config) refers to memseta.o(.text) for __aeabi_memclr4
    main.o(i.SystemClock_Config) refers to stm32f1xx_hal_rcc.o(i.HAL_RCC_OscConfig) for HAL_RCC_OscConfig
    main.o(i.SystemClock_Config) refers to stm32f1xx_hal_rcc.o(i.HAL_RCC_ClockConfig) for HAL_RCC_ClockConfig
    main.o(i.main) refers to stm32f1xx_hal.o(i.HAL_Init) for HAL_Init
    main.o(i.main) refers to main.o(i.SystemClock_Config) for SystemClock_Config
    main.o(i.main) refers to gpio.o(i.MX_GPIO_Init) for MX_GPIO_Init
    main.o(i.main) refers to dma.o(i.MX_DMA_Init) for MX_DMA_Init
    main.o(i.main) refers to can.o(i.MX_CAN_Init) for MX_CAN_Init
    main.o(i.main) refers to spi.o(i.MX_SPI1_Init) for MX_SPI1_Init
    main.o(i.main) refers to spi.o(i.MX_SPI2_Init) for MX_SPI2_Init
    main.o(i.main) refers to tim.o(i.MX_TIM2_Init) for MX_TIM2_Init
    main.o(i.main) refers to tim.o(i.MX_TIM3_Init) for MX_TIM3_Init
    main.o(i.main) refers to usart.o(i.MX_USART1_UART_Init) for MX_USART1_UART_Init
    main.o(i.main) refers to usart.o(i.MX_USART2_UART_Init) for MX_USART2_UART_Init
    main.o(i.main) refers to usart.o(i.MX_USART3_UART_Init) for MX_USART3_UART_Init
    main.o(i.main) refers to app.o(i.ApplicationProgram_main) for ApplicationProgram_main
    gpio.o(i.MX_GPIO_Init) refers to stm32f1xx_hal_gpio.o(i.HAL_GPIO_WritePin) for HAL_GPIO_WritePin
    gpio.o(i.MX_GPIO_Init) refers to stm32f1xx_hal_gpio.o(i.HAL_GPIO_Init) for HAL_GPIO_Init
    can.o(i.HAL_CAN_MspDeInit) refers to stm32f1xx_hal_gpio.o(i.HAL_GPIO_DeInit) for HAL_GPIO_DeInit
    can.o(i.HAL_CAN_MspDeInit) refers to stm32f1xx_hal_cortex.o(i.HAL_NVIC_DisableIRQ) for HAL_NVIC_DisableIRQ
    can.o(i.HAL_CAN_MspInit) refers to stm32f1xx_hal_gpio.o(i.HAL_GPIO_Init) for HAL_GPIO_Init
    can.o(i.HAL_CAN_MspInit) refers to stm32f1xx_hal_cortex.o(i.HAL_NVIC_SetPriority) for HAL_NVIC_SetPriority
    can.o(i.HAL_CAN_MspInit) refers to stm32f1xx_hal_cortex.o(i.HAL_NVIC_EnableIRQ) for HAL_NVIC_EnableIRQ
    can.o(i.MX_CAN_Init) refers to stm32f1xx_hal_can.o(i.HAL_CAN_Init) for HAL_CAN_Init
    can.o(i.MX_CAN_Init) refers to main.o(i.Error_Handler) for Error_Handler
    can.o(i.MX_CAN_Init) refers to can.o(.bss) for .bss
[...]
    i.Bsp_Cancom_ConfigurationInit           0x08000334   Section        0  bsp_hal_can.o(i.Bsp_Cancom_ConfigurationInit)
    i.Bsp_Cancom_FilterInit                  0x08000338   Section        0  bsp_hal_can.o(i.Bsp_Cancom_FilterInit)
    i.Bsp_Cancom_ReadERR                     0x0800033c   Section        0  bsp_hal_can.o(i.Bsp_Cancom_ReadERR)
    i.BusFault_Handler                       0x08000348   Section        0  stm32f1xx_it.o(i.BusFault_Handler)
    i.CANCommunication_InformationParsing    0x0800034c   Section        0  can_communication.o(i.CANCommunication_InformationParsing)
    CANCommunication_InformationParsing      0x0800034d   Thumb Code   182  can_communication.o(i.CANCommunication_InformationParsing)
    i.CANCommunication_Init                  0x0800040c   Section        0  can_communication.o(i.CANCommunication_Init)
    i.CANCommunication_Scan                  0x08000428   Section        0  can_communication.o(i.CANCommunication_Scan)
    i.CANSend                                0x080005d8   Section        0  bsp_hal_can.o(i.CANSend)
    i.CAN_OutQueue                           0x08000608   Section        0  bsp_hal_can.o(i.CAN_OutQueue)
    i.CAN_TT_ASYNC_Enable                    0x0800063c   Section        0  can_communication.o(i.CAN_TT_ASYNC_Enable)
    i.DMA1_Channel2_IRQHandler               0x08000660   Section        0  stm32f1xx_it.o(i.DMA1_Channel2_IRQHandler)
    i.DMA1_Channel3_IRQHandler               0x0800066c   Section        0  stm32f1xx_it.o(i.DMA1_Channel3_IRQHandler)
    i.DMA1_Channel4_IRQHandler               0x08000678   Section        0  stm32f1xx_it.o(i.DMA1_Channel4_IRQHandler)
    i.DMA1_Channel5_IRQHandler               0x08000684   Section        0  stm32f1xx_it.o(i.DMA1_Channel5_IRQHandler)
    i.DMA1_Channel6_IRQHandler               0x08000690   Section        0  stm32f1xx_it.o(i.DMA1_Channel6_IRQHandler)
    i.DMA1_Channel7_IRQHandler               0x0800069c   Section        0  stm32f1xx_it.o(i.DMA1_Channel7_IRQHandler)
    i.DMA_SetConfig                          0x080006a8   Section        0  stm32f1xx_hal_dma.o(i.DMA_SetConfig)
    DMA_SetConfig                            0x080006a9   Thumb Code    42  stm32f1xx_hal_dma.o(i.DMA_SetConfig)
    i.DebugMon_Handler                       0x080006d2   Section        0  stm32f1xx_it.o(i.DebugMon_Handler)
    i.Error_Handler                          0x080006d4   Section        0  main.o(i.Error_Handler)
    i.GetReferenceFromDevice                 0x080006d6   Section        0  can_communication_canconfig.o(i.GetReferenceFromDevice)
    i.GetReferenceToDevice                   0x080006d8   Section        0  can_communication_canconfig.o(i.GetReferenceToDevice)
    i.HAL_CAN_ActivateNotification           0x080006da   Section        0  stm32f1xx_hal_can.o(i.HAL_CAN_ActivateNotification)
    i.HAL_CAN_AddTxMessage                   0x080006fe   Section        0  stm32f1xx_hal_can.o(i.HAL_CAN_AddTxMessage)
    i.HAL_CAN_ConfigFilter                   0x080007c8   Section        0  stm32f1xx_hal_can.o(i.HAL_CAN_ConfigFilter)
    i.HAL_CAN_ErrorCallback                  0x080008b6   Section        0  stm32f1xx_hal_can.o(i.HAL_CAN_ErrorCallback)
    i.HAL_CAN_GetRxMessage                   0x080008b8   Section        0  stm32f1xx_hal_can.o(i.HAL_CAN_GetRxMessage)
    i.HAL_CAN_IRQHandler                     0x080009a0   Section        0  stm32f1xx_hal_can.o(i.HAL_CAN_IRQHandler)
    i.HAL_CAN_Init                           0x08000b9c   Section        0  stm32f1xx_hal_can.o(i.HAL_CAN_Init)
    i.HAL_CAN_MspInit                        0x08000cb8   Section        0  can.o(i.HAL_CAN_MspInit)
    i.HAL_CAN_RxFifo0FullCallback            0x08000d4c   Section        0  stm32f1xx_hal_can.o(i.HAL_CAN_RxFifo0FullCallback)
    i.HAL_CAN_RxFifo0MsgPendingCallback      0x08000d50   Section        0  bsp_hal_can.o(i.HAL_CAN_RxFifo0MsgPendingCallback)
    i.HAL_CAN_RxFifo1FullCallback            0x08000dec   Section        0  stm32f1xx_hal_can.o(i.HAL_CAN_RxFifo1FullCallback)
    i.HAL_CAN_RxFifo1MsgPendingCallback      0x08000dee   Section        0  stm32f1xx_hal_can.o(i.HAL_CAN_RxFifo1MsgPendingCallback)
    i.HAL_CAN_SleepCallback                  0x08000df0   Section        0  stm32f1xx_hal_can.o(i.HAL_CAN_SleepCallback)
    i.HAL_CAN_Start                          0x08000df4   Section        0  stm32f1xx_hal_can.o(i.HAL_CAN_Start)
    i.HAL_CAN_TxMailbox0AbortCallback        0x08000e4c   Section        0  stm32f1xx_hal_can.o(i.HAL_CAN_TxMailbox0AbortCallback)
    i.HAL_CAN_TxMailbox0CompleteCallback     0x08000e4e   Section        0  stm32f1xx_hal_can.o(i.HAL_CAN_TxMailbox0CompleteCallback)
    i.HAL_CAN_TxMailbox1AbortCallback        0x08000e50   Section        0  stm32f1xx_hal_can.o(i.HAL_CAN_TxMailbox1AbortCallback)
    i.HAL_CAN_TxMailbox1CompleteCallback     0x08000e52   Section        0  stm32f1xx_hal_can.o(i.HAL_CAN_TxMailbox1CompleteCallback)
    i.HAL_CAN_TxMailbox2AbortCallback        0x08000e54   Section        0  stm32f1xx_hal_can.o(i.HAL_CAN_TxMailbox2AbortCallback)
    i.HAL_CAN_TxMailbox2CompleteCallback     0x08000e56   Section        0  stm32f1xx_hal_can.o(i.HAL_CAN_TxMailbox2CompleteCallback)
    i.HAL_CAN_WakeUpFromRxMsgCallback        0x08000e58   Section        0  stm32f1xx_hal_can.o(i.HAL_CAN_WakeUpFromRxMsgCallback)
    i.HAL_DMA_Abort                          0x08000e5a   Section        0  stm32f1xx_hal_dma.o(i.HAL_DMA_Abort)
    i.HAL_DMA_Abort_IT                       0x08000ea0   Section        0  stm32f1xx_hal_dma.o(i.HAL_DMA_Abort_IT)
    i.HAL_DMA_IRQHandler                     0x08000f38   Section        0  stm32f1xx_hal_dma.o(i.HAL_DMA_IRQHandler)
    i.HAL_DMA_Init                           0x0800108c   Section        0  stm32f1xx_hal_dma.o(i.HAL_DMA_Init)
    i.HAL_DMA_Start_IT                       0x080010e8   Section        0  stm32f1xx_hal_dma.o(i.HAL_DMA_Start_IT)
    i.HAL_Delay                              0x08001158   Section        0  stm32f1xx_hal.o(i.HAL_Delay)
    i.HAL_GPIO_Init                          0x0800117c   Section        0  stm32f1xx_hal_gpio.o(i.HAL_GPIO_Init)
    i.HAL_GPIO_WritePin                      0x0800135c   Section        0  stm32f1xx_hal_gpio.o(i.HAL_GPIO_WritePin)
    i.HAL_GetTick                            0x08001368   Section        0  stm32f1xx_hal.o(i.HAL_GetTick)
    i.HAL_IncTick                            0x08001374   Section        0  stm32f1xx_hal.o(i.HAL_IncTick)
    i.HAL_Init                               0x08001384   Section        0  stm32f1xx_hal.o(i.HAL_Init)
    i.HAL_InitTick                           0x080013a8   Section        0  stm32f1xx_hal.o(i.HAL_InitTick)
    i.HAL_MspInit                            0x080013e8   Section        0  stm32f1xx_hal_msp.o(i.HAL_MspInit)
    i.HAL_NVIC_EnableIRQ                     0x08001424   Section        0  stm32f1xx_hal_cortex.o(i.HAL_NVIC_EnableIRQ)
    i.HAL_NVIC_SetPriority                   0x08001440   Section        0  stm32f1xx_hal_cortex.o(i.HAL_NVIC_SetPriority)
    i.HAL_NVIC_SetPriorityGrouping           0x08001480   Section        0  stm32f1xx_hal_cortex.o(i.HAL_NVIC_SetPriorityGrouping)
    i.HAL_RCC_ClockConfig                    0x080014a4   Section        0  stm32f1xx_hal_rcc.o(i.HAL_RCC_ClockConfig)
    i.HAL_RCC_GetPCLK1Freq                   0x080015d0   Section        0  stm32f1xx_hal_rcc.o(i.HAL_RCC_GetPCLK1Freq)
    i.HAL_RCC_GetPCLK2Freq                   0x080015f0   Section        0  stm32f1xx_hal_rcc.o(i.HAL_RCC_GetPCLK2Freq)
    i.HAL_RCC_GetSysClockFreq                0x08001610   Section        0  stm32f1xx_hal_rcc.o(i.HAL_RCC_GetSysClockFreq)
    i.HAL_RCC_OscConfig                      0x0800167c   Section        0  stm32f1xx_hal_rcc.o(i.HAL_RCC_OscConfig)
    i.HAL_SPI_Init                           0x0800199c   Section        0  stm32f1xx_hal_spi.o(i.HAL_SPI_Init)
    i.HAL_SPI_MspInit                        0x08001a18   Section        0  spi.o(i.HAL_SPI_MspInit)
    i.HAL_SPI_Transmit                       0x08001ad0   Section        0  stm32f1xx_hal_spi.o(i.HAL_SPI_Transmit)
    i.HAL_SYSTICK_Config                     0x08001c2c   Section        0  stm32f1xx_hal_cortex.o(i.HAL_SYSTICK_Config)
    i.HAL_TIMEx_BreakCallback                0x08001c54   Section        0  stm32f1xx_hal_tim_ex.o(i.HAL_TIMEx_BreakCallback)
    i.HAL_TIMEx_CommutCallback               0x08001c56   Section        0  stm32f1xx_hal_tim_ex.o(i.HAL_TIMEx_CommutCallback)
    i.HAL_TIMEx_MasterConfigSynchronization  0x08001c58   Section        0  stm32f1xx_hal_tim_ex.o(i.HAL_TIMEx_MasterConfigSynchronization)
    i.HAL_TIM_Base_Init                      0x08001c9a   Section        0  stm32f1xx_hal_tim.o(i.HAL_TIM_Base_Init)
    i.HAL_TIM_Base_MspInit                   0x08001cd0   Section        0  tim.o(i.HAL_TIM_Base_MspInit)
    i.HAL_TIM_Base_Start_IT                  0x08001d30   Section        0  stm32f1xx_hal_tim.o(i.HAL_TIM_Base_Start_IT)
    i.HAL_TIM_ConfigClockSource              0x08001d52   Section        0  stm32f1xx_hal_tim.o(i.HAL_TIM_ConfigClockSource)
    i.HAL_TIM_IC_CaptureCallback             0x08001e28   Section        0  stm32f1xx_hal_tim.o(i.HAL_TIM_IC_CaptureCallback)
    i.HAL_TIM_IRQHandler                     0x08001e2a   Section        0  stm32f1xx_hal_tim.o(i.HAL_TIM_IRQHandler)
    i.HAL_TIM_OC_DelayElapsedCallback        0x08001f90   Section        0  stm32f1xx_hal_tim.o(i.HAL_TIM_OC_DelayElapsedCallback)
    i.HAL_TIM_PWM_PulseFinishedCallback      0x08001f92   Section        0  stm32f1xx_hal_tim.o(i.HAL_TIM_PWM_PulseFinishedCallback)
    i.HAL_TIM_PeriodElapsedCallback          0x08001f94   Section        0  bsp_hal_time.o(i.HAL_TIM_PeriodElapsedCallback)
    i.HAL_TIM_TriggerCallback                0x08001fc4   Section        0  stm32f1xx_hal_tim.o(i.HAL_TIM_TriggerCallback)
    i.HAL_UART_DMAStop                       0x08001fc6   Section        0  stm32f1xx_hal_uart.o(i.HAL_UART_DMAStop)
    i.HAL_UART_ErrorCallback                 0x0800201e   Section        0  stm32f1xx_hal_uart.o(i.HAL_UART_ErrorCallback)
    i.HAL_UART_IRQHandler                    0x08002020   Section        0  stm32f1xx_hal_uart.o(i.HAL_UART_IRQHandler)
    i.HAL_UART_Init                          0x08002130   Section        0  stm32f1xx_hal_uart.o(i.HAL_UART_Init)
    i.HAL_UART_MspInit                       0x08002194   Section        0  usart.o(i.HAL_UART_MspInit)
    i.HAL_UART_Receive_DMA                   0x08002414   Section        0  stm32f1xx_hal_uart.o(i.HAL_UART_Receive_DMA)
    i.HAL_UART_Receive_IT                    0x080024ac   Section        0  stm32f1xx_hal_uart.o(i.HAL_UART_Receive_IT)
    i.HAL_UART_RxCpltCallback                0x08002500   Section        0  bsp_hal_uart485.o(i.HAL_UART_RxCpltCallback)
    i.HAL_UART_RxHalfCpltCallback            0x0800252c   Section        0  stm32f1xx_hal_uart.o(i.HAL_UART_RxHalfCpltCallback)
    i.HAL_UART_TxCpltCallback                0x0800252e   Section        0  stm32f1xx_hal_uart.o(i.HAL_UART_TxCpltCallback)
    i.HAL_USER_CANFilterConfig               0x08002530   Section        0  bsp_hal_can.o(i.HAL_USER_CANFilterConfig)
    HAL_USER_CANFilterConfig                 0x08002531   Thumb Code    76  bsp_hal_can.o(i.HAL_USER_CANFilterConfig)
    i.HardFault_Handler                      0x08002580   Section        0  stm32f1xx_it.o(i.HardFault_Handler)
    i.InitialUsedPGs                         0x08002584   Section        0  can_communication_canconfig.o(i.InitialUsedPGs)
    i.LCD_Display_Dir                        0x080025b8   Section        0  bsp_hal_lcd.o(i.LCD_Display_Dir)
    i.LCD_Pow                                0x080025cc   Section        0  bsp_hal_lcd.o(i.LCD_Pow)
    i.LCD_SPI_ReadWriteBuf                   0x080025dc   Section        0  bsp_hal_lcd.o(i.LCD_SPI_ReadWriteBuf)
    LCD_SPI_ReadWriteBuf                     0x080025dd   Thumb Code    72  bsp_hal_lcd.o(i.LCD_SPI_ReadWriteBuf)
    i.LCD_SPI_ReadWriteByte                  0x08002630   Section        0  bsp_hal_lcd.o(i.LCD_SPI_ReadWriteByte)
    i.LCD_ShowChar_BufMode                   0x08002648   Section        0  bsp_hal_lcd.o(i.LCD_ShowChar_BufMode)
    i.LCD_ShowNum                            0x08002834   Section        0  bsp_hal_lcd.o(i.LCD_ShowNum)
    i.LCD_WR_DATA                            0x080028b4   Section        0  bsp_hal_lcd.o(i.LCD_WR_DATA)
    LCD_WR_DATA                              0x080028b5   Thumb Code    24  bsp_hal_lcd.o(i.LCD_WR_DATA)
    i.LCD_WriteCommand                       0x080028d4   Section        0  bsp_hal_lcd.o(i.LCD_WriteCommand)
    i.LCD_WriteData                          0x08002908   Section        0  bsp_hal_lcd.o(i.LCD_WriteData)
    i.MX_CAN_Init                            0x0800293c   Section        0  can.o(i.MX_CAN_Init)
    i.MX_DMA_Init                            0x08002984   Section        0  dma.o(i.MX_DMA_Init)
    i.MX_GPIO_Init                           0x08002a00   Section        0  gpio.o(i.MX_GPIO_Init)
    i.MX_SPI1_Init                           0x08002b38   Section        0  spi.o(i.MX_SPI1_Init)
    i.MX_SPI2_Init                           0x08002b80   Section        0  spi.o(i.MX_SPI2_Init)
    i.MX_TIM2_Init                           0x08002bc4   Section        0  tim.o(i.MX_TIM2_Init)
    i.MX_TIM3_Init                           0x08002c28   Section        0  tim.o(i.MX_TIM3_Init)
    i.MX_USART1_UART_Init                    0x08002c90   Section        0  usart.o(i.MX_USART1_UART_Init)
    i.MX_USART2_UART_Init                    0x08002cc8   Section        0  usart.o(i.MX_USART2_UART_Init)
    i.MX_USART3_UART_Init                    0x08002d00   Section        0  usart.o(i.MX_USART3_UART_Init)
    i.MemManage_Handler                      0x08002d38   Section        0  stm32f1xx_it.o(i.MemManage_Handler)
    i.NMI_Handler                            0x08002d3a   Section        0  stm32f1xx_it.o(i.NMI_Handler)
    i.PendSV_Handler                         0x08002d3c   Section        0  stm32f1xx_it.o(i.PendSV_Handler)
    i.QueueOverflow_Dispose                  0x08002d3e   Section        0  can_communication.o(i.QueueOverflow_Dispose)
    i.SLAVE_DCMotorMiniwatt_CANinit          0x08002d44   Section        0  slave_dcmotorminiwatt.o(i.SLAVE_DCMotorMiniwatt_CANinit)
    i.SLAVE_DCMotorMiniwatt_Init             0x08002d64   Section        0  slave_dcmotorminiwatt.o(i.SLAVE_DCMotorMiniwatt_Init)
    i.SLAVE_DCMotorMiniwatt_ProtocolDefinitions 0x08002da4   Section        0  slave_dcmotorminiwatt.o(i.SLAVE_DCMotorMiniwatt_ProtocolDefinitions)
    SLAVE_DCMotorMiniwatt_ProtocolDefinitions 0x08002da5   Thumb Code   228  slave_dcmotorminiwatt.o(i.SLAVE_DCMotorMiniwatt_ProtocolDefinitions)
    i.SLAVE_DCMotorMiniwatt_SpeedSet         0x08002e88   Section        0  slave_dcmotorminiwatt.o(i.SLAVE_DCMotorMiniwatt_SpeedSet)
    i.SLAVE_SteeringEngine6CH_CANinit        0x08002e98   Section        0  slave_steeringengine_6ch.o(i.SLAVE_SteeringEngine6CH_CANinit)
    i.SLAVE_SteeringEngine6CH_Init           0x08002eb8   Section        0  slave_steeringengine_6ch.o(i.SLAVE_SteeringEngine6CH_Init)
    i.SLAVE_SteeringEngine6CH_MoreMotorControl 0x08002eec   Section        0  slave_steeringengine_6ch.o(i.SLAVE_SteeringEngine6CH_MoreMotorControl)
    i.SLAVE_SteeringEngine_6CH_ProtocolDefinitions 0x08003048   Section        0  slave_steeringengine_6ch.o(i.SLAVE_SteeringEngine_6CH_ProtocolDefinitions)
    SLAVE_SteeringEngine_6CH_ProtocolDefinitions 0x08003049   Thumb Code   314  slave_steeringengine_6ch.o(i.SLAVE_SteeringEngine_6CH_ProtocolDefinitions)
    i.SLAVE_SteppingMotor_ProtocolDefinitions 0x08003182   Section        0  slave_steppingmotor.o(i.SLAVE_SteppingMotor_ProtocolDefinitions)
    SLAVE_SteppingMotor_ProtocolDefinitions  0x08003183   Thumb Code   226  slave_steppingmotor.o(i.SLAVE_SteppingMotor_ProtocolDefinitions)
    i.SLAVE_SteppingMotorg_CANinit           0x08003264   Section        0  slave_steppingmotor.o(i.SLAVE_SteppingMotorg_CANinit)
    i.SLAVE_Tracking_BoolRead                0x08003284   Section        0  slave_tracking.o(i.SLAVE_Tracking_BoolRead)
    i.SLAVE_Tracking_CANinit                 0x08003288   Section        0  slave_tracking.o(i.SLAVE_Tracking_CANinit)
    i.SLAVE_Tracking_Init                    0x080032a8   Section        0  slave_tracking.o(i.SLAVE_Tracking_Init)
    i.SLAVE_Tracking_ProtocolDefinitions     0x080032e4   Section        0  slave_tracking.o(i.SLAVE_Tracking_ProtocolDefinitions)
    SLAVE_Tracking_ProtocolDefinitions       0x080032e5   Thumb Code   224  slave_tracking.o(i.SLAVE_Tracking_ProtocolDefinitions)
    i.SPI_EndRxTxTransaction                 0x080033c4   Section        0  stm32f1xx_hal_spi.o(i.SPI_EndRxTxTransaction)
    SPI_EndRxTxTransaction                   0x080033c5   Thumb Code    32  stm32f1xx_hal_spi.o(i.SPI_EndRxTxTransaction)
    i.SPI_WaitFlagStateUntilTimeout          0x080033e4   Section        0  stm32f1xx_hal_spi.o(i.SPI_WaitFlagStateUntilTimeout)
    SPI_WaitFlagStateUntilTimeout            0x080033e5   Thumb Code   148  stm32f1xx_hal_spi.o(i.SPI_WaitFlagStateUntilTimeout)
    i.ST7735_LAIBAO177_INITIAL               0x08003478   Section        0  bsp_hal_lcd.o(i.ST7735_LAIBAO177_INITIAL)
    i.SVC_Handler                            0x0800367c   Section        0  stm32f1xx_it.o(i.SVC_Handler)
    i.SendUsedPG                             0x0800367e   Section        0  can_communication.o(i.SendUsedPG)
    SendUsedPG                               0x0800367f   Thumb Code    72  can_communication.o(i.SendUsedPG)
    i.SysTick_Handler                        0x080036c6   Section        0  stm32f1xx_it.o(i.SysTick_Handler)
    i.SystemClock_Config                     0x080036ca   Section        0  main.o(i.SystemClock_Config)
    i.SystemInit                             0x08003718   Section        0  system_stm32f1xx.o(i.SystemInit)
    i.TIM2_IRQHandler                        0x08003760   Section        0  stm32f1xx_it.o(i.TIM2_IRQHandler)
    i.TIM3_IRQHandler                        0x0800376c   Section        0  stm32f1xx_it.o(i.TIM3_IRQHandler)
    i.TIM_Base_SetConfig                     0x08003778   Section        0  stm32f1xx_hal_tim.o(i.TIM_Base_SetConfig)
    i.TIM_ETR_SetConfig                      0x080037e4   Section        0  stm32f1xx_hal_tim.o(i.TIM_ETR_SetConfig)
    i.TIM_ITRx_SetConfig                     0x080037f8   Section        0  stm32f1xx_hal_tim.o(i.TIM_ITRx_SetConfig)
    TIM_ITRx_SetConfig                       0x080037f9   Thumb Code    16  stm32f1xx_hal_tim.o(i.TIM_ITRx_SetConfig)
    i.TIM_TI1_ConfigInputStage               0x08003808   Section        0  stm32f1xx_hal_tim.o(i.TIM_TI1_ConfigInputStage)
    TIM_TI1_ConfigInputStage                 0x08003809   Thumb Code    34  stm32f1xx_hal_tim.o(i.TIM_TI1_ConfigInputStage)
    i.TIM_TI2_ConfigInputStage               0x0800382a   Section        0  stm32f1xx_hal_tim.o(i.TIM_TI2_ConfigInputStage)
    TIM_TI2_ConfigInputStage                 0x0800382b   Thumb Code    36  stm32f1xx_hal_tim.o(i.TIM_TI2_ConfigInputStage)
    i.Tim_CheckTimeOut                       0x0800384e   Section        0  can_communication.o(i.Tim_CheckTimeOut)
    Tim_CheckTimeOut                         0x0800384f   Thumb Code    28  can_communication.o(i.Tim_CheckTimeOut)
    i.Tim_GetCurrentTimeAdd_Scan1MS          0x0800386c   Section        0  can_communication.o(i.Tim_GetCurrentTimeAdd_Scan1MS)
    i.Time2BreakExecution_Handler            0x0800387c   Section        0  app.o(i.Time2BreakExecution_Handler)
    i.TimeBreakExecution_Handler             0x0800388c   Section        0  app.o(i.TimeBreakExecution_Handler)
    TimeBreakExecution_Handler               0x0800388d   Thumb Code    46  app.o(i.TimeBreakExecution_Handler)
    i.Timer2_SetHandler                      0x080038c0   Section        0  bsp_hal_time.o(i.Timer2_SetHandler)
    i.Timer_SetHandler                       0x080038d4   Section        0  bsp_hal_time.o(i.Timer_SetHandler)
    i.UART2_IDLECallBack                     0x080038e8   Section        0  bsp_uart2.o(i.UART2_IDLECallBack)
    i.UART3_IDLECallBack                     0x08003940   Section        0  bsp_hal_uart3dma232andttl.o(i.UART3_IDLECallBack)
    i.UART_DMAAbortOnError                   0x08003998   Section        0  stm32f1xx_hal_uart.o(i.UART_DMAAbortOnError)
    UART_DMAAbortOnError                     0x08003999   Thumb Code    16  stm32f1xx_hal_uart.o(i.UART_DMAAbortOnError)
    i.UART_DMAError                          0x080039a8   Section        0  stm32f1xx_hal_uart.o(i.UART_DMAError)
    UART_DMAError                            0x080039a9   Thumb Code    74  stm32f1xx_hal_uart.o(i.UART_DMAError)
    i.UART_DMAReceiveCplt                    0x080039f2   Section        0  stm32f1xx_hal_uart.o(i.UART_DMAReceiveCplt)
    UART_DMAReceiveCplt                      0x080039f3   Thumb Code    60  stm32f1xx_hal_uart.o(i.UART_DMAReceiveCplt)
    i.UART_DMARxHalfCplt                     0x08003a2e   Section        0  stm32f1xx_hal_uart.o(i.UART_DMARxHalfCplt)
    UART_DMARxHalfCplt                       0x08003a2f   Thumb Code    10  stm32f1xx_hal_uart.o(i.UART_DMARxHalfCplt)
    i.UART_EndRxTransfer                     0x08003a38   Section        0  stm32f1xx_hal_uart.o(i.UART_EndRxTransfer)
    UART_EndRxTransfer                       0x08003a39   Thumb Code    28  stm32f1xx_hal_uart.o(i.UART_EndRxTransfer)
    i.UART_EndTxTransfer                     0x08003a54   Section        0  stm32f1xx_hal_uart.o(i.UART_EndTxTransfer)
    UART_EndTxTransfer                       0x08003a55   Thumb Code    18  stm32f1xx_hal_uart.o(i.UART_EndTxTransfer)
    i.UART_Receive_IT                        0x08003a66   Section        0  stm32f1xx_hal_uart.o(i.UART_Receive_IT)
    UART_Receive_IT                          0x08003a67   Thumb Code   150  stm32f1xx_hal_uart.o(i.UART_Receive_IT)
    i.UART_SetConfig                         0x08003afc   Section        0  stm32f1xx_hal_uart.o(i.UART_SetConfig)
    UART_SetConfig                           0x08003afd   Thumb Code   178  stm32f1xx_hal_uart.o(i.UART_SetConfig)
    i.UART_Transmit_IT                       0x08003bb4   Section        0  stm32f1xx_hal_uart.o(i.UART_Transmit_IT)
    UART_Transmit_IT                         0x08003bb5   Thumb Code    98  stm32f1xx_hal_uart.o(i.UART_Transmit_IT)
    i.USART1_IRQHandler                      0x08003c18   Section        0  stm32f1xx_it.o(i.USART1_IRQHandler)
    i.USART2_IRQHandler                      0x08003c24   Section        0  stm32f1xx_it.o(i.USART2_IRQHandler)
    i.USART3_IRQHandler                      0x08003c3c   Section        0  stm32f1xx_it.o(i.USART3_IRQHandler)
    i.USB_LP_CAN1_RX0_IRQHandler             0x08003c54   Section        0  stm32f1xx_it.o(i.USB_LP_CAN1_RX0_IRQHandler)
    i.UsageFault_Handler                     0x08003c60   Section        0  stm32f1xx_it.o(i.UsageFault_Handler)
    i.__NVIC_SetPriority                     0x08003c62   Section        0  stm32f1xx_hal_cortex.o(i.__NVIC_SetPriority)
    __NVIC_SetPriority                       0x08003c63   Thumb Code    32  stm32f1xx_hal_cortex.o(i.__NVIC_SetPriority)
    i.__scatterload_copy                     0x08003c82   Section       14  handlers.o(i.__scatterload_copy)
    i.__scatterload_null                     0x08003c90   Section        2  handlers.o(i.__scatterload_null)
    i.__scatterload_zeroinit                 0x08003c92   Section       14  handlers.o(i.__scatterload_zeroinit)
    i.car_move                               0x08003ca0   Section        0  app.o(i.car_move)
    i.car_move1                              0x08003cb4   Section        0  app.o(i.car_move1)
    i.car_spin                               0x08003d3c   Section        0  app.o(i.car_spin)
    i.catch1                                 0x08003d68   Section        0  app.o(i.catch1)
    i.error_calculate                        0x08003e74   Section        0  app.o(i.error_calculate)
    i.main                                   0x08003ee8   Section        0  main.o(i.main)
    i.motor_control                          0x08003f20   Section        0  app.o(i.motor_control)
    i.put                                    0x08003f64   Section        0  app.o(i.put)
    i.xCreate                                0x08004070   Section        0  can_communication.o(i.xCreate)
    .constdata                               0x08004130   Section       16  system_stm32f1xx.o(.constdata)
    .constdata                               0x08004140   Section        8  system_stm32f1xx.o(.constdata)
    .constdata                               0x08004148   Section     3236  bsp_hal_lcd.o(.constdata)
    .data                                    0x20000000   Section       12  stm32f1xx_hal.o(.data)
    .data                                    0x2000000c   Section        4  system_stm32f1xx.o(.data)
    .data                                    0x20000010   Section        9  bsp_hal_lcd.o(.data)
    .data                                    0x2000001c   Section        8  bsp_hal_time.o(.data)
    TimeCallBackFunc                         0x2000001c   Data           4  bsp_hal_time.o(.data)
    Time2CallBackFunc                        0x20000020   Data           4  bsp_hal_time.o(.data)
    .data                                    0x20000024   Section       12  bsp_hal_uart3dma232andttl.o(.data)
    USART_RX_LEN                             0x20000026   Data           2  bsp_hal_uart3dma232andttl.o(.data)
    UARTCallBackFunc                         0x20000028   Data           4  bsp_hal_uart3dma232andttl.o(.data)
    USART_RX_HEAD                            0x2000002c   Data           4  bsp_hal_uart3dma232andttl.o(.data)
    .data                                    0x20000030   Section       12  bsp_uart2.o(.data)
    USART_RX_LEN                             0x20000032   Data           2  bsp_uart2.o(.data)
    UARTCallBackFunc                         0x20000034   Data           4  bsp_uart2.o(.data)
    USART_RX_HEAD                            0x20000038   Data           4  bsp_uart2.o(.data)
    .data                                    0x2000003c   Section        8  bsp_hal_uart485.o(.data)
    UART485CallBackFunc                      0x20000040   Data           4  bsp_hal_uart485.o(.data)
    .data                                    0x20000044   Section      124  app.o(.data)
    .data                                    0x200000c0   Section        6  can_communication.o(.data)
    timeflg                                  0x200000c1   Data           1  can_communication.o(.data)
    Tim_GetCurrentTime                       0x200000c2   Data           2  can_communication.o(.data)
    time                                     0x200000c4   Data           2  can_communication.o(.data)
    .data                                    0x200000c8   Section        4  slave_dcmotorminiwatt.o(.data)
    head_handle                              0x200000c8   Data           4  slave_dcmotorminiwatt.o(.data)
    .data                                    0x200000cc   Section        4  slave_tracking.o(.data)
    head_handle                              0x200000cc   Data           4  slave_tracking.o(.data)
    .data                                    0x200000d0   Section        4  slave_steeringengine_6ch.o(.data)
    head_handle                              0x200000d0   Data           4  slave_steeringengine_6ch.o(.data)
    .data                                    0x200000d4   Section        4  slave_steppingmotor.o(.data)
    head_handle                              0x200000d4   Data           4  slave_steppingmotor.o(.data)
    .bss                                     0x200000d8   Section       40  can.o(.bss)
    .bss                                     0x20000100   Section      176  spi.o(.bss)
    .bss                                     0x200001b0   Section      128  tim.o(.bss)
    .bss                                     0x20000230   Section      600  usart.o(.bss)
    .bss                                     0x20000488   Section      512  bsp_hal_lcd.o(.bss)
    .bss                                     0x20000688   Section      324  bsp_hal_can.o(.bss)
    .bss                                     0x200007cc   Section      216  app.o(.bss)
    .bss                                     0x200008a4   Section      960  can_communication_canconfig.o(.bss)
    STACK                                    0x20000c68   Section     1024  startup_stm32f103xb.o(STACK)

    Global Symbols

    Symbol Name                              Value     Ov Type        Size  Object(Section)

    BuildAttributes$$THM_ISAv4$P$D$K$B$S$PE$A:L22UL41UL21$X:L11$S22US41US21$IEEE1$IW$USESV6$~STKCKD$USESV7$~SHL$OTIME$ROPI$EBA8$MICROLIB$REQ8$PRES8$EABIv2 0x00000000   Number         0  anon$$obj.o ABSOLUTE
    __ARM_use_no_argv                        0x00000000   Number         0  main.o ABSOLUTE
    _printf_a                                0x00000000   Number         0  stubs.o ABSOLUTE
    _printf_c                                0x00000000   Number         0  stubs.o ABSOLUTE
    _printf_charcount                        0x00000000   Number         0  stubs.o ABSOLUTE
    _printf_d                                0x00000000   Number         0  stubs.o ABSOLUTE
    _printf_e                                0x00000000   Number         0  stubs.o ABSOLUTE
    _printf_f                                0x00000000   Number         0  stubs.o ABSOLUTE
    _printf_flags                            0x00000000   Number         0  stubs.o ABSOLUTE
    _printf_fp_dec                           0x00000000   Number         0  stubs.o ABSOLUTE
    _printf_fp_hex                           0x00000000   Number         0  stubs.o ABSOLUTE
    _printf_g                                0x00000000   Number         0  stubs.o ABSOLUTE
    _printf_i                                0x00000000   Number         0  stubs.o ABSOLUTE
    _printf_int_dec                          0x00000000   Number         0  stubs.o ABSOLUTE
    _printf_l                                0x00000000   Number         0  stubs.o ABSOLUTE
    _printf_lc                               0x00000000   Number         0  stubs.o ABSOLUTE
    _printf_ll                               0x00000000   Number         0  stubs.o ABSOLUTE
    _printf_lld                              0x00000000   Number         0  stubs.o ABSOLUTE
    _printf_lli                              0x00000000   Number         0  stubs.o ABSOLUTE
    _printf_llo                              0x00000000   Number         0  stubs.o ABSOLUTE
    _printf_llu                              0x00000000   Number         0  stubs.o ABSOLUTE
    _printf_llx                              0x00000000   Number         0  stubs.o ABSOLUTE
    _printf_longlong_dec                     0x00000000   Number         0  stubs.o ABSOLUTE
    _printf_longlong_hex                     0x00000000   Number         0  stubs.o ABSOLUTE
    _printf_longlong_oct                     0x00000000   Number         0  stubs.o ABSOLUTE
    _printf_ls                               0x00000000   Number         0  stubs.o ABSOLUTE
    _printf_mbtowc                           0x00000000   Number         0  stubs.o ABSOLUTE
    _printf_n                                0x00000000   Number         0  stubs.o ABSOLUTE
    _printf_o                                0x00000000   Number         0  stubs.o ABSOLUTE
    _printf_p                                0x00000000   Number         0  stubs.o ABSOLUTE
    _printf_percent                          0x00000000   Number         0  stubs.o ABSOLUTE
    _printf_pre_padding                      0x00000000   Number         0  stubs.o ABSOLUTE
    _printf_return_value                     0x00000000   Number         0  stubs.o ABSOLUTE
    _printf_s                                0x00000000   Number         0  stubs.o ABSOLUTE
    _printf_sizespec                         0x00000000   Number         0  stubs.o ABSOLUTE
    _printf_str                              0x00000000   Number         0  stubs.o ABSOLUTE
    _printf_truncate_signed                  0x00000000   Number         0  stubs.o ABSOLUTE
    _printf_truncate_unsigned                0x00000000   Number         0  stubs.o ABSOLUTE
    _printf_u                                0x00000000   Number         0  stubs.o ABSOLUTE
    _printf_wc                               0x00000000   Number         0  stubs.o ABSOLUTE
    _printf_wctomb                           0x00000000   Number         0  stubs.o ABSOLUTE
    _printf_widthprec                        0x00000000   Number         0  stubs.o ABSOLUTE
    _printf_x                                0x00000000   Number         0  stubs.o ABSOLUTE
    __cpp_initialize__aeabi_                  - Undefined Weak Reference
    __cxa_finalize                            - Undefined Weak Reference
    __decompress                              - Undefined Weak Reference
    _clock_init                               - Undefined Weak Reference
    _microlib_exit                            - Undefined Weak Reference
    __Vectors_Size                           0x000000ec   Number         0  startup_stm32f103xb.o ABSOLUTE
    __Vectors                                0x08000000   Data           4  startup_stm32f103xb.o(RESET)
    __Vectors_End                            0x080000ec   Data           0  startup_stm32f103xb.o(RESET)
    __main                                   0x080000ed   Thumb Code     0  entry.o(.ARM.Collect$$$$00000000)
    _main_stk                                0x080000ed   Thumb Code     0  entry2.o(.ARM.Collect$$$$00000001)
    _main_scatterload                        0x080000f1   Thumb Code     0  entry5.o(.ARM.Collect$$$$00000004)
    __main_after_scatterload                 0x080000f5   Thumb Code     0  entry5.o(.ARM.Collect$$$$00000004)
    _main_clock                              0x080000f5   Thumb Code     0  entry7b.o(.ARM.Collect$$$$00000008)
    _main_cpp_init                           0x080000f5   Thumb Code     0  entry8b.o(.ARM.Collect$$$$0000000A)
    _main_init                               0x080000f5   Thumb Code     0  entry9a.o(.ARM.Collect$$$$0000000B)
    __rt_final_cpp                           0x080000fd   Thumb Code     0  entry10a.o(.ARM.Collect$$$$0000000D)
    __rt_final_exit                          0x080000fd   Thumb Code     0  entry11a.o(.ARM.Collect$$$$0000000F)
    Reset_Handler                            0x08000101   Thumb Code     8  startup_stm32f103xb.o(.text)
    ADC1_2_IRQHandler                        0x0800011b   Thumb Code     0  startup_stm32f103xb.o(.text)
    CAN1_RX1_IRQHandler                      0x0800011b   Thumb Code     0  startup_stm32f103xb.o(.text)
    CAN1_SCE_IRQHandler                      0x0800011b   Thumb Code     0  startup_stm32f103xb.o(.text)
    DMA1_Channel1_IRQHandler                 0x0800011b   Thumb Code     0  startup_stm32f103xb.o(.text)
    EXTI0_IRQHandler                         0x0800011b   Thumb Code     0  startup_stm32f103xb.o(.text)
    EXTI15_10_IRQHandler                     0x0800011b   Thumb Code     0  startup_stm32f103xb.o(.text)
    EXTI1_IRQHandler                         0x0800011b   Thumb Code     0  startup_stm32f103xb.o(.text)
    EXTI2_IRQHandler                         0x0800011b   Thumb Code     0  startup_stm32f103xb.o(.text)
    EXTI3_IRQHandler                         0x0800011b   Thumb Code     0  startup_stm32f103xb.o(.text)
    EXTI4_IRQHandler                         0x0800011b   Thumb Code     0  startup_stm32f103xb.o(.text)
    EXTI9_5_IRQHandler                       0x0800011b   Thumb Code     0  startup_stm32f103xb.o(.text)
    FLASH_IRQHandler                         0x0800011b   Thumb Code     0  startup_stm32f103xb.o(.text)
    I2C1_ER_IRQHandler                       0x0800011b   Thumb Code     0  startup_stm32f103xb.o(.text)
    I2C1_EV_IRQHandler                       0x0800011b   Thumb Code     0  startup_stm32f103xb.o(.text)
    I2C2_ER_IRQHandler                       0x0800011b   Thumb Code     0  startup_stm32f103xb.o(.text)
    I2C2_EV_IRQHandler                       0x0800011b   Thumb Code     0  startup_stm32f103xb.o(.text)
    PVD_IRQHandler                           0x0800011b   Thumb Code     0  startup_stm32f103xb.o(.text)
    RCC_IRQHandler                           0x0800011b   Thumb Code     0  startup_stm32f103xb.o(.text)
    RTC_Alarm_IRQHandler                     0x0800011b   Thumb Code     0  startup_stm32f103xb.o(.text)
    RTC_IRQHandler                           0x0800011b   Thumb Code     0  startup_stm32f103xb.o(.text)
    SPI1_IRQHandler                          0x0800011b   Thumb Code     0  startup_stm32f103xb.o(.text)
    SPI2_IRQHandler                          0x0800011b   Thumb Code     0  startup_stm32f103xb.o(.text)
    TAMPER_IRQHandler                        0x0800011b   Thumb Code     0  startup_stm32f103xb.o(.text)
    TIM1_BRK_IRQHandler                      0x0800011b   Thumb Code     0  startup_stm32f103xb.o(.text)
    TIM1_CC_IRQHandler                       0x0800011b   Thumb Code     0  startup_stm32f103xb.o(.text)
    TIM1_TRG_COM_IRQHandler                  0x0800011b   Thumb Code     0  startup_stm32f103xb.o(.text)
    TIM1_UP_IRQHandler                       0x0800011b   Thumb Code     0  startup_stm32f103xb.o(.text)
    TIM4_IRQHandler                          0x0800011b   Thumb Code     0  startup_stm32f103xb.o(.text)
    USBWakeUp_IRQHandler                     0x0800011b   Thumb Code     0  startup_stm32f103xb.o(.text)
    USB_HP_CAN1_TX_IRQHandler                0x0800011b   Thumb Code     0  startup_stm32f103xb.o(.text)
    WWDG_IRQHandler                          0x0800011b   Thumb Code     0  startup_stm32f103xb.o(.text)
    __aeabi_memcpy                           0x08000125   Thumb Code    36  memcpya.o(.text)
    __aeabi_memcpy4                          0x08000125   Thumb Code     0  memcpya.o(.text)
    __aeabi_memcpy8                          0x08000125   Thumb Code     0  memcpya.o(.text)
    __aeabi_memset                           0x08000149   Thumb Code    14  memseta.o(.text)
    __aeabi_memset4                          0x08000149   Thumb Code     0  memseta.o(.text)
    __aeabi_memset8                          0x08000149   Thumb Code     0  memseta.o(.text)
    __aeabi_memclr                           0x08000157   Thumb Code     4  memseta.o(.text)
    __aeabi_memclr4                          0x08000157   Thumb Code     0  memseta.o(.text)
    __aeabi_memclr8                          0x08000157   Thumb Code     0  memseta.o(.text)
    _memset$wrapper                          0x0800015b   Thumb Code    18  memseta.o(.text)
    __scatterload                            0x0800016d   Thumb Code    28  init.o(.text)
    __scatterload_rt2                        0x0800016d   Thumb Code     0  init.o(.text)
    ApplicationProgram_main                  0x08000219   Thumb Code   274  app.o(i.ApplicationProgram_main)
    Bsp_Cancom_ConfigurationInit             0x08000335   Thumb Code     4  bsp_hal_can.o(i.Bsp_Cancom_ConfigurationInit)
    Bsp_Cancom_FilterInit                    0x08000339   Thumb Code     4  bsp_hal_can.o(i.Bsp_Cancom_FilterInit)
    Bsp_Cancom_ReadERR                       0x0800033d   Thumb Code     6  bsp_hal_can.o(i.Bsp_Cancom_ReadERR)
    BusFault_Handler                         0x08000349   Thumb Code     2  stm32f1xx_it.o(i.BusFault_Handler)
    CANCommunication_Init                    0x0800040d   Thumb Code    22  can_communication.o(i.CANCommunication_Init)
    CANCommunication_Scan                    0x08000429   Thumb Code   422  can_communication.o(i.CANCommunication_Scan)
    CANSend                                  0x080005d9   Thumb Code    42  bsp_hal_can.o(i.CANSend)
    CAN_OutQueue                             0x08000609   Thumb Code    48  bsp_hal_can.o(i.CAN_OutQueue)
    CAN_TT_ASYNC_Enable                      0x0800063d   Thumb Code    30  can_communication.o(i.CAN_TT_ASYNC_Enable)
    DMA1_Channel2_IRQHandler                 0x08000661   Thumb Code     6  stm32f1xx_it.o(i.DMA1_Channel2_IRQHandler)
    DMA1_Channel3_IRQHandler                 0x0800066d   Thumb Code     6  stm32f1xx_it.o(i.DMA1_Channel3_IRQHandler)
    DMA1_Channel4_IRQHandler                 0x08000679   Thumb Code     6  stm32f1xx_it.o(i.DMA1_Channel4_IRQHandler)
    DMA1_Channel5_IRQHandler                 0x08000685   Thumb Code     6  stm32f1xx_it.o(i.DMA1_Channel5_IRQHandler)
    DMA1_Channel6_IRQHandler                 0x08000691   Thumb Code     6  stm32f1xx_it.o(i.DMA1_Channel6_IRQHandler)
    DMA1_Channel7_IRQHandler                 0x0800069d   Thumb Code     6  stm32f1xx_it.o(i.DMA1_Channel7_IRQHandler)
    DebugMon_Handler                         0x080006d3   Thumb Code     2  stm32f1xx_it.o(i.DebugMon_Handler)
    Error_Handler                            0x080006d5   Thumb Code     2  main.o(i.Error_Handler)
    GetReferenceFromDevice                   0x080006d7   Thumb Code     2  can_communication_canconfig.o(i.GetReferenceFromDevice)
    GetReferenceToDevice                     0x080006d9   Thumb Code     2  can_communication_canconfig.o(i.GetReferenceToDevice)
    HAL_CAN_ActivateNotification             0x080006db   Thumb Code    36  stm32f1xx_hal_can.o(i.HAL_CAN_ActivateNotification)
    HAL_CAN_AddTxMessage                     0x080006ff   Thumb Code   200  stm32f1xx_hal_can.o(i.HAL_CAN_AddTxMessage)
    HAL_CAN_ConfigFilter                     0x080007c9   Thumb Code   238  stm32f1xx_hal_can.o(i.HAL_CAN_ConfigFilter)
    HAL_CAN_ErrorCallback                    0x080008b7   Thumb Code     2  stm32f1xx_hal_can.o(i.HAL_CAN_ErrorCallback)
    HAL_CAN_GetRxMessage                     0x080008b9   Thumb Code   232  stm32f1xx_hal_can.o(i.HAL_CAN_GetRxMessage)
    HAL_CAN_IRQHandler                       0x080009a1   Thumb Code   508  stm32f1xx_hal_can.o(i.HAL_CAN_IRQHandler)
    HAL_CAN_Init                             0x08000b9d   Thumb Code   282  stm32f1xx_hal_can.o(i.HAL_CAN_Init)
    HAL_CAN_MspInit                          0x08000cb9   Thumb Code   130  can.o(i.HAL_CAN_MspInit)
    HAL_CAN_RxFifo0FullCallback              0x08000d4d   Thumb Code     2  stm32f1xx_hal_can.o(i.HAL_CAN_RxFifo0FullCallback)
    HAL_CAN_RxFifo0MsgPendingCallback        0x08000d51   Thumb Code   152  bsp_hal_can.o(i.HAL_CAN_RxFifo0MsgPendingCallback)
    HAL_CAN_RxFifo1FullCallback              0x08000ded   Thumb Code     2  stm32f1xx_hal_can.o(i.HAL_CAN_RxFifo1FullCallback)
    HAL_CAN_RxFifo1MsgPendingCallback        0x08000def   Thumb Code     2  stm32f1xx_hal_can.o(i.HAL_CAN_RxFifo1MsgPendingCallback)
    HAL_CAN_SleepCallback                    0x08000df1   Thumb Code     2  stm32f1xx_hal_can.o(i.HAL_CAN_SleepCallback)
    HAL_CAN_Start                            0x08000df5   Thumb Code    88  stm32f1xx_hal_can.o(i.HAL_CAN_Start)
    HAL_CAN_TxMailbox0AbortCallback          0x08000e4d   Thumb Code     2  stm32f1xx_hal_can.o(i.HAL_CAN_TxMailbox0AbortCallback)
    HAL_CAN_TxMailbox0CompleteCallback       0x08000e4f   Thumb Code     2  stm32f1xx_hal_can.o(i.HAL_CAN_TxMailbox0CompleteCallback)
    HAL_CAN_TxMailbox1AbortCallback          0x08000e51   Thumb Code     2  stm32f1xx_hal_can.o(i.HAL_CAN_TxMailbox1AbortCallback)
    HAL_CAN_TxMailbox1CompleteCallback       0x08000e53   Thumb Code     2  stm32f1xx_hal_can.o(i.HAL_CAN_TxMailbox1CompleteCallback)
    HAL_CAN_TxMailbox2AbortCallback          0x08000e55   Thumb Code     2  stm32f1xx_hal_can.o(i.HAL_CAN_TxMailbox2AbortCallback)
    HAL_CAN_TxMailbox2CompleteCallback       0x08000e57   Thumb Code     2  stm32f1xx_hal_can.o(i.HAL_CAN_TxMailbox2CompleteCallback)
    HAL_CAN_WakeUpFromRxMsgCallback          0x08000e59   Thumb Code     2  stm32f1xx_hal_can.o(i.HAL_CAN_WakeUpFromRxMsgCallback)
    HAL_DMA_Abort                            0x08000e5b   Thumb Code    70  stm32f1xx_hal_dma.o(i.HAL_DMA_Abort)
    HAL_DMA_Abort_IT                         0x08000ea1   Thumb Code   148  stm32f1xx_hal_dma.o(i.HAL_DMA_Abort_IT)
    HAL_DMA_IRQHandler                       0x08000f39   Thumb Code   316  stm32f1xx_hal_dma.o(i.HAL_DMA_IRQHandler)
    HAL_DMA_Init                             0x0800108d   Thumb Code    84  stm32f1xx_hal_dma.o(i.HAL_DMA_Init)
    HAL_DMA_Start_IT                         0x080010e9   Thumb Code   112  stm32f1xx_hal_dma.o(i.HAL_DMA_Start_IT)
    HAL_Delay                                0x08001159   Thumb Code    32  stm32f1xx_hal.o(i.HAL_Delay)
    HAL_GPIO_Init                            0x0800117d   Thumb Code   446  stm32f1xx_hal_gpio.o(i.HAL_GPIO_Init)
    HAL_GPIO_WritePin                        0x0800135d   Thumb Code    10  stm32f1xx_hal_gpio.o(i.HAL_GPIO_WritePin)
    HAL_GetTick                              0x08001369   Thumb Code     6  stm32f1xx_hal.o(i.HAL_GetTick)
    HAL_IncTick                              0x08001375   Thumb Code    12  stm32f1xx_hal.o(i.HAL_IncTick)
    HAL_Init                                 0x08001385   Thumb Code    32  stm32f1xx_hal.o(i.HAL_Init)
    HAL_InitTick                             0x080013a9   Thumb Code    54  stm32f1xx_hal.o(i.HAL_InitTick)
    HAL_MspInit                              0x080013e9   Thumb Code    52  stm32f1xx_hal_msp.o(i.HAL_MspInit)
    HAL_NVIC_EnableIRQ                       0x08001425   Thumb Code    26  stm32f1xx_hal_cortex.o(i.HAL_NVIC_EnableIRQ)
    HAL_NVIC_SetPriority                     0x08001441   Thumb Code    60  stm32f1xx_hal_cortex.o(i.HAL_NVIC_SetPriority)
    HAL_NVIC_SetPriorityGrouping             0x08001481   Thumb Code    26  stm32f1xx_hal_cortex.o(i.HAL_NVIC_SetPriorityGrouping)
    HAL_RCC_ClockConfig                      0x080014a5   Thumb Code   280  stm32f1xx_hal_rcc.o(i.HAL_RCC_ClockConfig)
    HAL_RCC_GetPCLK1Freq                     0x080015d1   Thumb Code    20  stm32f1xx_hal_rcc.o(i.HAL_RCC_GetPCLK1Freq)
    HAL_RCC_GetPCLK2Freq                     0x080015f1   Thumb Code    20  stm32f1xx_hal_rcc.o(i.HAL_RCC_GetPCLK2Freq)
    HAL_RCC_GetSysClockFreq                  0x08001611   Thumb Code    74  stm32f1xx_hal_rcc.o(i.HAL_RCC_GetSysClockFreq)
    HAL_RCC_OscConfig                        0x0800167d   Thumb Code   778  stm32f1xx_hal_rcc.o(i.HAL_RCC_OscConfig)
    HAL_SPI_Init                             0x0800199d   Thumb Code   124  stm32f1xx_hal_spi.o(i.HAL_SPI_Init)
    HAL_SPI_MspInit                          0x08001a19   Thumb Code   162  spi.o(i.HAL_SPI_MspInit)
    HAL_SPI_Transmit                         0x08001ad1   Thumb Code   348  stm32f1xx_hal_spi.o(i.HAL_SPI_Transmit)
    HAL_SYSTICK_Config                       0x08001c2d   Thumb Code    40  stm32f1xx_hal_cortex.o(i.HAL_SYSTICK_Config)
    HAL_TIMEx_BreakCallback                  0x08001c55   Thumb Code     2  stm32f1xx_hal_tim_ex.o(i.HAL_TIMEx_BreakCallback)
    HAL_TIMEx_CommutCallback                 0x08001c57   Thumb Code     2  stm32f1xx_hal_tim_ex.o(i.HAL_TIMEx_CommutCallback)
    HAL_TIMEx_MasterConfigSynchronization    0x08001c59   Thumb Code    66  stm32f1xx_hal_tim_ex.o(i.HAL_TIMEx_MasterConfigSynchronization)
    HAL_TIM_Base_Init                        0x08001c9b   Thumb Code    54  stm32f1xx_hal_tim.o(i.HAL_TIM_Base_Init)
    HAL_TIM_Base_MspInit                     0x08001cd1   Thumb Code    86  tim.o(i.HAL_TIM_Base_MspInit)
    HAL_TIM_Base_Start_IT                    0x08001d31   Thumb Code    34  stm32f1xx_hal_tim.o(i.HAL_TIM_Base_Start_IT)
    HAL_TIM_ConfigClockSource                0x08001d53   Thumb Code   214  stm32f1xx_hal_tim.o(i.HAL_TIM_ConfigClockSource)
    HAL_TIM_IC_CaptureCallback               0x08001e29   Thumb Code     2  stm32f1xx_hal_tim.o(i.HAL_TIM_IC_CaptureCallback)
    HAL_TIM_IRQHandler                       0x08001e2b   Thumb Code   358  stm32f1xx_hal_tim.o(i.HAL_TIM_IRQHandler)
    HAL_TIM_OC_DelayElapsedCallback          0x08001f91   Thumb Code     2  stm32f1xx_hal_tim.o(i.HAL_TIM_OC_DelayElapsedCallback)
    HAL_TIM_PWM_PulseFinishedCallback        0x08001f93   Thumb Code     2  stm32f1xx_hal_tim.o(i.HAL_TIM_PWM_PulseFinishedCallback)
    HAL_TIM_PeriodElapsedCallback            0x08001f95   Thumb Code    34  bsp_hal_time.o(i.HAL_TIM_PeriodElapsedCallback)
    HAL_TIM_TriggerCallback                  0x08001fc5   Thumb Code     2  stm32f1xx_hal_tim.o(i.HAL_TIM_TriggerCallback)
    HAL_UART_DMAStop                         0x08001fc7   Thumb Code    88  stm32f1xx_hal_uart.o(i.HAL_UART_DMAStop)
    HAL_UART_ErrorCallback                   0x0800201f   Thumb Code     2  stm32f1xx_hal_uart.o(i.HAL_UART_ErrorCallback)
    HAL_UART_IRQHandler                      0x08002021   Thumb Code   266  stm32f1xx_hal_uart.o(i.HAL_UART_IRQHandler)
    HAL_UART_Init                            0x08002131   Thumb Code    98  stm32f1xx_hal_uart.o(i.HAL_UART_Init)
    HAL_UART_MspInit                         0x08002195   Thumb Code   602  usart.o(i.HAL_UART_MspInit)
    HAL_UART_Receive_DMA                     0x08002415   Thumb Code   138  stm32f1xx_hal_uart.o(i.HAL_UART_Receive_DMA)
    HAL_UART_Receive_IT                      0x080024ad   Thumb Code    82  stm32f1xx_hal_uart.o(i.HAL_UART_Receive_IT)
    HAL_UART_RxCpltCallback                  0x08002501   Thumb Code    36  bsp_hal_uart485.o(i.HAL_UART_RxCpltCallback)
    HAL_UART_RxHalfCpltCallback              0x0800252d   Thumb Code     2  stm32f1xx_hal_uart.o(i.HAL_UART_RxHalfCpltCallback)
    HAL_UART_TxCpltCallback                  0x0800252f   Thumb Code     2  stm32f1xx_hal_uart.o(i.HAL_UART_TxCpltCallback)
    HardFault_Handler                        0x08002581   Thumb Code     2  stm32f1xx_it.o(i.HardFault_Handler)
    InitialUsedPGs                           0x08002585   Thumb Code    48  can_communication_canconfig.o(i.InitialUsedPGs)
    LCD_Display_Dir                          0x080025b9   Thumb Code    16  bsp_hal_lcd.o(i.LCD_Display_Dir)
    LCD_Pow                                  0x080025cd   Thumb Code    16  bsp_hal_lcd.o(i.LCD_Pow)
    LCD_SPI_ReadWriteByte                    0x08002631   Thumb Code    18  bsp_hal_lcd.o(i.LCD_SPI_ReadWriteByte)
    LCD_ShowChar_BufMode                     0x08002649   Thumb Code   476  bsp_hal_lcd.o(i.LCD_ShowChar_BufMode)
    LCD_ShowNum                              0x08002835   Thumb Code   124  bsp_hal_lcd.o(i.LCD_ShowNum)
    LCD_WriteCommand                         0x080028d5   Thumb Code    48  bsp_hal_lcd.o(i.LCD_WriteCommand)
    LCD_WriteData                            0x08002909   Thumb Code    48  bsp_hal_lcd.o(i.LCD_WriteData)
    MX_CAN_Init                              0x0800293d   Thumb Code    62  can.o(i.MX_CAN_Init)
    MX_DMA_Init                              0x08002985   Thumb Code   120  dma.o(i.MX_DMA_Init)
    MX_GPIO_Init                             0x08002a01   Thumb Code   294  gpio.o(i.MX_GPIO_Init)
    MX_SPI1_Init                             0x08002b39   Thumb Code    62  spi.o(i.MX_SPI1_Init)
    MX_SPI2_Init                             0x08002b81   Thumb Code    60  spi.o(i.MX_SPI2_Init)
    MX_TIM2_Init                             0x08002bc5   Thumb Code    96  tim.o(i.MX_TIM2_Init)
    MX_TIM3_Init                             0x08002c29   Thumb Code    94  tim.o(i.MX_TIM3_Init)
    MX_USART1_UART_Init                      0x08002c91   Thumb Code    48  usart.o(i.MX_USART1_UART_Init)
    MX_USART2_UART_Init                      0x08002cc9   Thumb Code    48  usart.o(i.MX_USART2_UART_Init)
    MX_USART3_UART_Init                      0x08002d01   Thumb Code    48  usart.o(i.MX_USART3_UART_Init)
    MemManage_Handler                        0x08002d39   Thumb Code     2  stm32f1xx_it.o(i.MemManage_Handler)
    NMI_Handler                              0x08002d3b   Thumb Code     2  stm32f1xx_it.o(i.NMI_Handler)
    PendSV_Handler                           0x08002d3d   Thumb Code     2  stm32f1xx_it.o(i.PendSV_Handler)
    QueueOverflow_Dispose                    0x08002d3f   Thumb Code     4  can_communication.o(i.QueueOverflow_Dispose)
    SLAVE_DCMotorMiniwatt_CANinit            0x08002d45   Thumb Code    28  slave_dcmotorminiwatt.o(i.SLAVE_DCMotorMiniwatt_CANinit)
    SLAVE_DCMotorMiniwatt_Init               0x08002d65   Thumb Code    60  slave_dcmotorminiwatt.o(i.SLAVE_DCMotorMiniwatt_Init)
    SLAVE_DCMotorMiniwatt_SpeedSet           0x08002e89   Thumb Code    14  slave_dcmotorminiwatt.o(i.SLAVE_DCMotorMiniwatt_SpeedSet)
    SLAVE_SteeringEngine6CH_CANinit          0x08002e99   Thumb Code    28  slave_steeringengine_6ch.o(i.SLAVE_SteeringEngine6CH_CANinit)
    SLAVE_SteeringEngine6CH_Init             0x08002eb9   Thumb Code    48  slave_steeringengine_6ch.o(i.SLAVE_SteeringEngine6CH_Init)
    SLAVE_SteeringEngine6CH_MoreMotorControl 0x08002eed   Thumb Code   348  slave_steeringengine_6ch.o(i.SLAVE_SteeringEngine6CH_MoreMotorControl)
    SLAVE_SteppingMotorg_CANinit             0x08003265   Thumb Code    28  slave_steppingmotor.o(i.SLAVE_SteppingMotorg_CANinit)
    SLAVE_Tracking_BoolRead                  0x08003285   Thumb Code     4  slave_tracking.o(i.SLAVE_Tracking_BoolRead)
    SLAVE_Tracking_CANinit                   0x08003289   Thumb Code    28  slave_tracking.o(i.SLAVE_Tracking_CANinit)
    SLAVE_Tracking_Init                      0x080032a9   Thumb Code    54  slave_tracking.o(i.SLAVE_Tracking_Init)
    ST7735_LAIBAO177_INITIAL                 0x08003479   Thumb Code   512  bsp_hal_lcd.o(i.ST7735_LAIBAO177_INITIAL)
    SVC_Handler                              0x0800367d   Thumb Code     2  stm32f1xx_it.o(i.SVC_Handler)
    SysTick_Handler                          0x080036c7   Thumb Code     4  stm32f1xx_it.o(i.SysTick_Handler)
    SystemClock_Config                       0x080036cb   Thumb Code    78  main.o(i.SystemClock_Config)
    SystemInit                               0x08003719   Thumb Code    56  system_stm32f1xx.o(i.SystemInit)
    TIM2_IRQHandler                          0x08003761   Thumb Code     6  stm32f1xx_it.o(i.TIM2_IRQHandler)
    TIM3_IRQHandler                          0x0800376d   Thumb Code     6  stm32f1xx_it.o(i.TIM3_IRQHandler)
    TIM_Base_SetConfig                       0x08003779   Thumb Code    94  stm32f1xx_hal_tim.o(i.TIM_Base_SetConfig)
    TIM_ETR_SetConfig                        0x080037e5   Thumb Code    20  stm32f1xx_hal_tim.o(i.TIM_ETR_SetConfig)
    Tim_GetCurrentTimeAdd_Scan1MS            0x0800386d   Thumb Code    10  can_communication.o(i.Tim_GetCurrentTimeAdd_Scan1MS)
    Time2BreakExecution_Handler              0x0800387d   Thumb Code    14  app.o(i.Time2BreakExecution_Handler)
    Timer2_SetHandler                        0x080038c1   Thumb Code    10  bsp_hal_time.o(i.Timer2_SetHandler)
    Timer_SetHandler                         0x080038d5   Thumb Code    10  bsp_hal_time.o(i.Timer_SetHandler)
    UART2_IDLECallBack                       0x080038e9   Thumb Code    78  bsp_uart2.o(i.UART2_IDLECallBack)
    UART3_IDLECallBack                       0x08003941   Thumb Code    78  bsp_hal_uart3dma232andttl.o(i.UART3_IDLECallBack)
    USART1_IRQHandler                        0x08003c19   Thumb Code     6  stm32f1xx_it.o(i.USART1_IRQHandler)
    USART2_IRQHandler                        0x08003c25   Thumb Code    18  stm32f1xx_it.o(i.USART2_IRQHandler)
    USART3_IRQHandler                        0x08003c3d   Thumb Code    18  stm32f1xx_it.o(i.USART3_IRQHandler)
    USB_LP_CAN1_RX0_IRQHandler               0x08003c55   Thumb Code     6  stm32f1xx_it.o(i.USB_LP_CAN1_RX0_IRQHandler)
    UsageFault_Handler                       0x08003c61   Thumb Code     2  stm32f1xx_it.o(i.UsageFault_Handler)
    __scatterload_copy                       0x08003c83   Thumb Code    14  handlers.o(i.__scatterload_copy)
    __scatterload_null                       0x08003c91   Thumb Code     2  handlers.o(i.__scatterload_null)
    __scatterload_zeroinit                   0x08003c93   Thumb Code    14  handlers.o(i.__scatterload_zeroinit)
    car_move                                 0x08003ca1   Thumb Code    16  app.o(i.car_move)
    car_move1                                0x08003cb5   Thumb Code   130  app.o(i.car_move1)
    car_spin                                 0x08003d3d   Thumb Code    38  app.o(i.car_spin)
    catch1                                   0x08003d69   Thumb Code   258  app.o(i.catch1)
    error_calculate                          0x08003e75   Thumb Code   108  app.o(i.error_calculate)
    main                                     0x08003ee9   Thumb Code    54  main.o(i.main)
    motor_control                            0x08003f21   Thumb Code    60  app.o(i.motor_control)
    put                                      0x08003f65   Thumb Code   258  app.o(i.put)
    xCreate                                  0x08004071   Thumb Code   192  can_communication.o(i.xCreate)
    AHBPrescTable                            0x08004130   Data          16  system_stm32f1xx.o(.constdata)
    APBPrescTable                            0x08004140   Data           8  system_stm32f1xx.o(.constdata)
    asc2_1206                                0x08004148   Data        1140  bsp_hal_lcd.o(.constdata)
    asc2_1608                                0x080045bc   Data        1552  bsp_hal_lcd.o(.constdata)
    tfont16                                  0x08004bcc   Data         544  bsp_hal_lcd.o(.constdata)
    Region$$Table$$Base                      0x08004dec   Number         0  anon$$obj.o(Region$$Table)
    Region$$Table$$Limit                     0x08004e0c   Number         0  anon$$obj.o(Region$$Table)
    uwTickFreq                               0x20000000   Data           1  stm32f1xx_hal.o(.data)
    uwTickPrio                               0x20000004   Data           4  stm32f1xx_hal.o(.data)
    uwTick                                   0x20000008   Data           4  stm32f1xx_hal.o(.data)
    SystemCoreClock                          0x2000000c   Data           4  system_stm32f1xx.o(.data)
    DotSite                                  0x20000010   Data           2  bsp_hal_lcd.o(.data)
    POINT_COLOR                              0x20000012   Data           2  bsp_hal_lcd.o(.data)
    BACK_COLOR                               0x20000014   Data           2  bsp_hal_lcd.o(.data)
    lcddev                                   0x20000016   Data           3  bsp_hal_lcd.o(.data)
    USART3_RX_STA                            0x20000024   Data           2  bsp_hal_uart3dma232andttl.o(.data)
    USART2_RX_STA                            0x20000030   Data           2  bsp_uart2.o(.data)
    RxBuffer                                 0x2000003c   Data           1  bsp_hal_uart485.o(.data)
    dir                                      0x20000044   Data           1  app.o(.data)
    captrue_state                            0x20000045   Data           1  app.o(.data)
    catch_flag                               0x20000046   Data           1  app.o(.data)
    count                                    0x20000047   Data           1  app.o(.data)
    end_state                                0x20000048   Data           1  app.o(.data)
    Tracking1                                0x20000049   Data           1  app.o(.data)
    Tracking2                                0x2000004a   Data           1  app.o(.data)
    Tracking3                                0x2000004b   Data           1  app.o(.data)
    Tracking4                                0x2000004c   Data           1  app.o(.data)
    g_1_set_speed                            0x2000004e   Data           2  app.o(.data)
    g_2_set_speed                            0x20000050   Data           2  app.o(.data)
    g_3_set_speed                            0x20000052   Data           2  app.o(.data)
    g_4_set_speed                            0x20000054   Data           2  app.o(.data)
    err                                      0x20000056   Data           2  app.o(.data)
    g_1_speed                                0x20000058   Data           2  app.o(.data)
    g_2_speed                                0x2000005a   Data           2  app.o(.data)
    g_3_speed                                0x2000005c   Data           2  app.o(.data)
    g_4_speed                                0x2000005e   Data           2  app.o(.data)
    pwm                                      0x20000060   Data          72  app.o(.data)
    tim                                      0x200000a8   Data          24  app.o(.data)
    canrxtxerr                               0x200000c0   Data           1  can_communication.o(.data)
    hcan                                     0x200000d8   Data          40  can.o(.bss)
    hspi1                                    0x20000100   Data          88  spi.o(.bss)
    hspi2                                    0x20000158   Data          88  spi.o(.bss)
    htim2                                    0x200001b0   Data          64  tim.o(.bss)
    htim3                                    0x200001f0   Data          64  tim.o(.bss)
    huart1                                   0x20000230   Data          64  usart.o(.bss)
    huart2                                   0x20000270   Data          64  usart.o(.bss)
    huart3                                   0x200002b0   Data          64  usart.o(.bss)
    hdma_usart1_rx                           0x200002f0   Data          68  usart.o(.bss)
    hdma_usart1_tx                           0x20000334   Data          68  usart.o(.bss)
    hdma_usart2_rx                           0x20000378   Data          68  usart.o(.bss)
    hdma_usart2_tx                           0x200003bc   Data          68  usart.o(.bss)
    hdma_usart3_rx                           0x20000400   Data          68  usart.o(.bss)
    hdma_usart3_tx                           0x20000444   Data          68  usart.o(.bss)
    lcd_buf1                                 0x20000488   Data         512  bsp_hal_lcd.o(.bss)
    CanRxQueueStruct                         0x20000688   Data         324  bsp_hal_can.o(.bss)
    motor1                                   0x200007cc   Data          24  app.o(.bss)
    motor2                                   0x200007e4   Data          24  app.o(.bss)
    motor3                                   0x200007fc   Data          24  app.o(.bss)
    motor4                                   0x20000814   Data          24  app.o(.bss)
    servo                                    0x2000082c   Data          40  app.o(.bss)
    Tracking_Device1                         0x20000854   Data          20  app.o(.bss)
    Tracking_Device2                         0x20000868   Data          20  app.o(.bss)
    Tracking_Device3                         0x2000087c   Data          20  app.o(.bss)
    Tracking_Device4                         0x20000890   Data          20  app.o(.bss)
    TxPGArray                                0x200008a4   Data         960  can_communication_canconfig.o(.bss)
    __initial_sp                             0x20001068   Data           0  startup_stm32f103xb.o(STACK)



==============================================================================

Memory Map of the image

  Image Entry point : 0x080000ed

  Load Region LR_IROM1 (Base: 0x08000000, Size: 0x00004ee4, Max: 0x00010000, ABSOLUTE)

    Execution Region ER_IROM1 (Exec base: 0x08000000, Load base: 0x08000000, Size: 0x00004e0c, Max: 0x00010000, ABSOLUTE)

    Exec Addr    Load Addr    Size         Type   Attr      Idx    E Section Name        Object

    0x08000000   0x08000000   0x000000ec   Data   RO            3    RESET               startup_stm32f103xb.o
    0x080000ec   0x080000ec   0x00000000   Code   RO         5049  * .ARM.Collect$$$$00000000  mc_w.l(entry.o)
    0x080000ec   0x080000ec   0x00000004   Code   RO         5363    .ARM.Collect$$$$00000001  mc_w.l(entry2.o)
    0x080000f0   0x080000f0   0x00000004   Code   RO         5366    .ARM.Collect$$$$00000004  mc_w.l(entry5.o)
    0x080000f4   0x080000f4   0x00000000   Code   RO         5368    .ARM.Collect$$$$00000008  mc_w.l(entry7b.o)
    0x080000f4   0x080000f4   0x00000000   Code   RO         5370    .ARM.Collect$$$$0000000A  mc_w.l(entry8b.o)
    0x080000f4   0x080000f4   0x00000008   Code   RO         5371    .ARM.Collect$$$$0000000B  mc_w.l(entry9a.o)
    0x080000fc   0x080000fc   0x00000000   Code   RO         5373    .ARM.Collect$$$$0000000D  mc_w.l(entry10a.o)
    0x080000fc   0x080000fc   0x00000000   Code   RO         5375    .ARM.Collect$$$$0000000F  mc_w.l(entry11a.o)
    0x080000fc   0x080000fc   0x00000004   Code   RO         5364    .ARM.Collect$$$$00002712  mc_w.l(entry2.o)
    0x08000100   0x08000100   0x00000024   Code   RO            4    .text               startup_stm32f103xb.o
    0x08000124   0x08000124   0x00000024   Code   RO         5054    .text               mc_w.l(memcpya.o)
    0x08000148   0x08000148   0x00000024   Code   RO         5056    .text               mc_w.l(memseta.o)
    0x0800016c   0x0800016c   0x00000024   Code   RO         5408    .text               mc_w.l(init.o)
    0x08000190   0x08000190   0x00000088   Code   RO         4269    i.ApplicationProgram_Iint  app.o
    0x08000218   0x08000218   0x0000011c   Code   RO         4270    i.ApplicationProgram_main  app.o
    0x08000334   0x08000334   0x00000004   Code   RO         3812    i.Bsp_Cancom_ConfigurationInit  bsp_hal_can.o
    0x08000338   0x08000338   0x00000004   Code   RO         3813    i.Bsp_Cancom_FilterInit  bsp_hal_can.o
    0x0800033c   0x0800033c   0x0000000c   Code   RO         3814    i.Bsp_Cancom_ReadERR  bsp_hal_can.o
    0x08000348   0x08000348   0x00000002   Code   RO          432    i.BusFault_Handler  stm32f1xx_it.o
    0x0800034a   0x0800034a   0x00000002   PAD
    0x0800034c   0x0800034c   0x000000c0   Code   RO         4428    i.CANCommunication_InformationParsing  can_communication.o
    0x0800040c   0x0800040c   0x0000001c   Code   RO         4429    i.CANCommunication_Init  can_communication.o
    0x08000428   0x08000428   0x000001b0   Code   RO         4430    i.CANCommunication_Scan  can_communication.o
    0x080005d8   0x080005d8   0x00000030   Code   RO         3815    i.CANSend           bsp_hal_can.o
    0x08000608   0x08000608   0x00000034   Code   RO         3816    i.CAN_OutQueue      bsp_hal_can.o
    0x0800063c   0x0800063c   0x00000024   Code   RO         4431    i.CAN_TT_ASYNC_Enable  can_communication.o
    0x08000660   0x08000660   0x0000000c   Code   RO          433    i.DMA1_Channel2_IRQHandler  stm32f1xx_it.o
    0x0800066c   0x0800066c   0x0000000c   Code   RO          434    i.DMA1_Channel3_IRQHandler  stm32f1xx_it.o
    0x08000678   0x08000678   0x0000000c   Code   RO          435    i.DMA1_Channel4_IRQHandler  stm32f1xx_it.o
    0x08000684   0x08000684   0x0000000c   Code   RO          436    i.DMA1_Channel5_IRQHandler  stm32f1xx_it.o
    0x08000690   0x08000690   0x0000000c   Code   RO          437    i.DMA1_Channel6_IRQHandler  stm32f1xx_it.o
    0x0800069c   0x0800069c   0x0000000c   Code   RO          438    i.DMA1_Channel7_IRQHandler  stm32f1xx_it.o
    0x080006a8   0x080006a8   0x0000002a   Code   RO         1252    i.DMA_SetConfig     stm32f1xx_hal_dma.o
    0x080006d2   0x080006d2   0x00000002   Code   RO          439    i.DebugMon_Handler  stm32f1xx_it.o
    0x080006d4   0x080006d4   0x00000002   Code   RO           13    i.Error_Handler     main.o
    0x080006d6   0x080006d6   0x00000002   Code   RO         4521    i.GetReferenceFromDevice  can_communication_canconfig.o
    0x080006d8   0x080006d8   0x00000002   Code   RO         4522    i.GetReferenceToDevice  can_communication_canconfig.o
    0x080006da   0x080006da   0x00000024   Code   RO          641    i.HAL_CAN_ActivateNotification  stm32f1xx_hal_can.o
    0x080006fe   0x080006fe   0x000000c8   Code   RO          642    i.HAL_CAN_AddTxMessage  stm32f1xx_hal_can.o
    0x080007c6   0x080007c6   0x00000002   PAD
    0x080007c8   0x080007c8   0x000000ee   Code   RO          643    i.HAL_CAN_ConfigFilter  stm32f1xx_hal_can.o
    0x080008b6   0x080008b6   0x00000002   Code   RO          646    i.HAL_CAN_ErrorCallback  stm32f1xx_hal_can.o
    0x080008b8   0x080008b8   0x000000e8   Code   RO          649    i.HAL_CAN_GetRxMessage  stm32f1xx_hal_can.o
    0x080009a0   0x080009a0   0x000001fc   Code   RO          653    i.HAL_CAN_IRQHandler  stm32f1xx_hal_can.o
    0x08000b9c   0x08000b9c   0x0000011a   Code   RO          654    i.HAL_CAN_Init      stm32f1xx_hal_can.o
    0x08000cb6   0x08000cb6   0x00000002   PAD
    0x08000cb8   0x08000cb8   0x00000094   Code   RO          190    i.HAL_CAN_MspInit   can.o
    0x08000d4c   0x08000d4c   0x00000002   Code   RO          661    i.HAL_CAN_RxFifo0FullCallback  stm32f1xx_hal_can.o
    0x08000d4e   0x08000d4e   0x00000002   PAD
    0x08000d50   0x08000d50   0x0000009c   Code   RO         3817    i.HAL_CAN_RxFifo0MsgPendingCallback  bsp_hal_can.o
    0x08000dec   0x08000dec   0x00000002   Code   RO          663    i.HAL_CAN_RxFifo1FullCallback  stm32f1xx_hal_can.o
    0x08000dee   0x08000dee   0x00000002   Code   RO          664    i.HAL_CAN_RxFifo1MsgPendingCallback  stm32f1xx_hal_can.o
    0x08000df0   0x08000df0   0x00000002   Code   RO          665    i.HAL_CAN_SleepCallback  stm32f1xx_hal_can.o
    0x08000df2   0x08000df2   0x00000002   PAD
    0x08000df4   0x08000df4   0x00000058   Code   RO          666    i.HAL_CAN_Start     stm32f1xx_hal_can.o
    0x08000e4c   0x08000e4c   0x00000002   Code   RO          668    i.HAL_CAN_TxMailbox0AbortCallback  stm32f1xx_hal_can.o
    0x08000e4e   0x08000e4e   0x00000002   Code   RO          669    i.HAL_CAN_TxMailbox0CompleteCallback  stm32f1xx_hal_can.o
    0x08000e50   0x08000e50   0x00000002   Code   RO          670    i.HAL_CAN_TxMailbox1AbortCallback  stm32f1xx_hal_can.o
    0x08000e52   0x08000e52   0x00000002   Code   RO          671    i.HAL_CAN_TxMailbox1CompleteCallback  stm32f1xx_hal_can.o
    0x08000e54   0x08000e54   0x00000002   Code   RO          672    i.HAL_CAN_TxMailbox2AbortCallback  stm32f1xx_hal_can.o
    0x08000e56   0x08000e56   0x00000002   Code   RO          673    i.HAL_CAN_TxMailbox2CompleteCallback  stm32f1xx_hal_can.o
    0x08000e58   0x08000e58   0x00000002   Code   RO          675    i.HAL_CAN_WakeUpFromRxMsgCallback  stm32f1xx_hal_can.o
    0x08000e5a   0x08000e5a   0x00000046   Code   RO         1253    i.HAL_DMA_Abort     stm32f1xx_hal_dma.o
    0x08000ea0   0x08000ea0   0x00000098   Code   RO         1254    i.HAL_DMA_Abort_IT  stm32f1xx_hal_dma.o
    0x08000f38   0x08000f38   0x00000154   Code   RO         1258    i.HAL_DMA_IRQHandler  stm32f1xx_hal_dma.o
    0x0800108c   0x0800108c   0x0000005c   Code   RO         1259    i.HAL_DMA_Init      stm32f1xx_hal_dma.o
    0x080010e8   0x080010e8   0x00000070   Code   RO         1263    i.HAL_DMA_Start_IT  stm32f1xx_hal_dma.o
    0x08001158   0x08001158   0x00000024   Code   RO          881    i.HAL_Delay         stm32f1xx_hal.o
    0x0800117c   0x0800117c   0x000001e0   Code   RO         1189    i.HAL_GPIO_Init     stm32f1xx_hal_gpio.o
    0x0800135c   0x0800135c   0x0000000a   Code   RO         1193    i.HAL_GPIO_WritePin  stm32f1xx_hal_gpio.o
    0x08001366   0x08001366   0x00000002   PAD
    0x08001368   0x08001368   0x0000000c   Code   RO          885    i.HAL_GetTick       stm32f1xx_hal.o
    0x08001374   0x08001374   0x00000010   Code   RO          891    i.HAL_IncTick       stm32f1xx_hal.o
    0x08001384   0x08001384   0x00000024   Code   RO          892    i.HAL_Init          stm32f1xx_hal.o
    0x080013a8   0x080013a8   0x00000040   Code   RO          893    i.HAL_InitTick      stm32f1xx_hal.o
    0x080013e8   0x080013e8   0x0000003c   Code   RO          580    i.HAL_MspInit       stm32f1xx_hal_msp.o
    0x08001424   0x08001424   0x0000001a   Code   RO         1349    i.HAL_NVIC_EnableIRQ  stm32f1xx_hal_cortex.o
    0x0800143e   0x0800143e   0x00000002   PAD
    0x08001440   0x08001440   0x00000040   Code   RO         1355    i.HAL_NVIC_SetPriority  stm32f1xx_hal_cortex.o
    0x08001480   0x08001480   0x00000024   Code   RO         1356    i.HAL_NVIC_SetPriorityGrouping  stm32f1xx_hal_cortex.o
    0x080014a4   0x080014a4   0x0000012c   Code   RO         1049    i.HAL_RCC_ClockConfig  stm32f1xx_hal_rcc.o
    0x080015d0   0x080015d0   0x00000020   Code   RO         1056    i.HAL_RCC_GetPCLK1Freq  stm32f1xx_hal_rcc.o
    0x080015f0   0x080015f0   0x00000020   Code   RO         1057    i.HAL_RCC_GetPCLK2Freq  stm32f1xx_hal_rcc.o
    0x08001610   0x08001610   0x0000006c   Code   RO         1058    i.HAL_RCC_GetSysClockFreq  stm32f1xx_hal_rcc.o
    0x0800167c   0x0800167c   0x00000320   Code   RO         1061    i.HAL_RCC_OscConfig  stm32f1xx_hal_rcc.o
    0x0800199c   0x0800199c   0x0000007c   Code   RO         1860    i.HAL_SPI_Init      stm32f1xx_hal_spi.o
    0x08001a18   0x08001a18   0x000000b8   Code   RO          256    i.HAL_SPI_MspInit   spi.o
    0x08001ad0   0x08001ad0   0x0000015c   Code   RO         1868    i.HAL_SPI_Transmit  stm32f1xx_hal_spi.o
    0x08001c2c   0x08001c2c   0x00000028   Code   RO         1360    i.HAL_SYSTICK_Config  stm32f1xx_hal_cortex.o
    0x08001c54   0x08001c54   0x00000002   Code   RO         2848    i.HAL_TIMEx_BreakCallback  stm32f1xx_hal_tim_ex.o
    0x08001c56   0x08001c56   0x00000002   Code   RO         2849    i.HAL_TIMEx_CommutCallback  stm32f1xx_hal_tim_ex.o
    0x08001c58   0x08001c58   0x00000042   Code   RO         2866    i.HAL_TIMEx_MasterConfigSynchronization  stm32f1xx_hal_tim_ex.o
    0x08001c9a   0x08001c9a   0x00000036   Code   RO         2173    i.HAL_TIM_Base_Init  stm32f1xx_hal_tim.o
    0x08001cd0   0x08001cd0   0x00000060   Code   RO          331    i.HAL_TIM_Base_MspInit  tim.o
    0x08001d30   0x08001d30   0x00000022   Code   RO         2178    i.HAL_TIM_Base_Start_IT  stm32f1xx_hal_tim.o
    0x08001d52   0x08001d52   0x000000d6   Code   RO         2182    i.HAL_TIM_ConfigClockSource  stm32f1xx_hal_tim.o
    0x08001e28   0x08001e28   0x00000002   Code   RO         2202    i.HAL_TIM_IC_CaptureCallback  stm32f1xx_hal_tim.o
    0x08001e2a   0x08001e2a   0x00000166   Code   RO         2216    i.HAL_TIM_IRQHandler  stm32f1xx_hal_tim.o
    0x08001f90   0x08001f90   0x00000002   Code   RO         2219    i.HAL_TIM_OC_DelayElapsedCallback  stm32f1xx_hal_tim.o
    0x08001f92   0x08001f92   0x00000002   Code   RO         2246    i.HAL_TIM_PWM_PulseFinishedCallback  stm32f1xx_hal_tim.o
    0x08001f94   0x08001f94   0x00000030   Code   RO         3771    i.HAL_TIM_PeriodElapsedCallback  bsp_hal_time.o
    0x08001fc4   0x08001fc4   0x00000002   Code   RO         2259    i.HAL_TIM_TriggerCallback  stm32f1xx_hal_tim.o
    0x08001fc6   0x08001fc6   0x00000058   Code   RO         3118    i.HAL_UART_DMAStop  stm32f1xx_hal_uart.o
    0x0800201e   0x0800201e   0x00000002   Code   RO         3120    i.HAL_UART_ErrorCallback  stm32f1xx_hal_uart.o
    0x08002020   0x08002020   0x00000110   Code   RO         3123    i.HAL_UART_IRQHandler  stm32f1xx_hal_uart.o
    0x08002130   0x08002130   0x00000062   Code   RO         3124    i.HAL_UART_Init     stm32f1xx_hal_uart.o
    0x08002192   0x08002192   0x00000002   PAD
    0x08002194   0x08002194   0x00000280   Code   RO          379    i.HAL_UART_MspInit  usart.o
    0x08002414   0x08002414   0x00000098   Code   RO         3128    i.HAL_UART_Receive_DMA  stm32f1xx_hal_uart.o
    0x080024ac   0x080024ac   0x00000052   Code   RO         3129    i.HAL_UART_Receive_IT  stm32f1xx_hal_uart.o
    0x080024fe   0x080024fe   0x00000002   PAD
    0x08002500   0x08002500   0x0000002c   Code   RO         4174    i.HAL_UART_RxCpltCallback  bsp_hal_uart485.o
    0x0800252c   0x0800252c   0x00000002   Code   RO         3131    i.HAL_UART_RxHalfCpltCallback  stm32f1xx_hal_uart.o
    0x0800252e   0x0800252e   0x00000002   Code   RO         3135    i.HAL_UART_TxCpltCallback  stm32f1xx_hal_uart.o
    0x08002530   0x08002530   0x00000050   Code   RO         3818    i.HAL_USER_CANFilterConfig  bsp_hal_can.o
    0x08002580   0x08002580   0x00000002   Code   RO          440    i.HardFault_Handler  stm32f1xx_it.o
    0x08002582   0x08002582   0x00000002   PAD
    0x08002584   0x08002584   0x00000034   Code   RO         4523    i.InitialUsedPGs    can_communication_canconfig.o
    0x080025b8   0x080025b8   0x00000014   Code   RO         3573    i.LCD_Display_Dir   bsp_hal_lcd.o
    0x080025cc   0x080025cc   0x00000010   Code   RO         3579    i.LCD_Pow           bsp_hal_lcd.o
    0x080025dc   0x080025dc   0x00000054   Code   RO         3580    i.LCD_SPI_ReadWriteBuf  bsp_hal_lcd.o
    0x08002630   0x08002630   0x00000018   Code   RO         3581    i.LCD_SPI_ReadWriteByte  bsp_hal_lcd.o
    0x08002648   0x08002648   0x000001ec   Code   RO         3584    i.LCD_ShowChar_BufMode  bsp_hal_lcd.o
    0x08002834   0x08002834   0x00000080   Code   RO         3585    i.LCD_ShowNum       bsp_hal_lcd.o
    0x080028b4   0x080028b4   0x00000020   Code   RO         3590    i.LCD_WR_DATA       bsp_hal_lcd.o
    0x080028d4   0x080028d4   0x00000034   Code   RO         3591    i.LCD_WriteCommand  bsp_hal_lcd.o
    0x08002908   0x08002908   0x00000034   Code   RO         3592    i.LCD_WriteData     bsp_hal_lcd.o
    0x0800293c   0x0800293c   0x00000048   Code   RO          191    i.MX_CAN_Init       can.o
    0x08002984   0x08002984   0x0000007c   Code   RO          231    i.MX_DMA_Init       dma.o
    0x08002a00   0x08002a00   0x00000138   Code   RO          165    i.MX_GPIO_Init      gpio.o
    0x08002b38   0x08002b38   0x00000048   Code   RO          257    i.MX_SPI1_Init      spi.o
    0x08002b80   0x08002b80   0x00000044   Code   RO          258    i.MX_SPI2_Init      spi.o
    0x08002bc4   0x08002bc4   0x00000064   Code   RO          332    i.MX_TIM2_Init      tim.o
    0x08002c28   0x08002c28   0x00000068   Code   RO          333    i.MX_TIM3_Init      tim.o
    0x08002c90   0x08002c90   0x00000038   Code   RO          380    i.MX_USART1_UART_Init  usart.o
    0x08002cc8   0x08002cc8   0x00000038   Code   RO          381    i.MX_USART2_UART_Init  usart.o
    0x08002d00   0x08002d00   0x00000038   Code   RO          382    i.MX_USART3_UART_Init  usart.o
    0x08002d38   0x08002d38   0x00000002   Code   RO          441    i.MemManage_Handler  stm32f1xx_it.o
    0x08002d3a   0x08002d3a   0x00000002   Code   RO          442    i.NMI_Handler       stm32f1xx_it.o
    0x08002d3c   0x08002d3c   0x00000002   Code   RO          443    i.PendSV_Handler    stm32f1xx_it.o
    0x08002d3e   0x08002d3e   0x00000004   Code   RO         4435    i.QueueOverflow_Dispose  can_communication.o
    0x08002d42   0x08002d42   0x00000002   PAD
    0x08002d44   0x08002d44   0x00000020   Code   RO         4566    i.SLAVE_DCMotorMiniwatt_CANinit  slave_dcmotorminiwatt.o
    0x08002d64   0x08002d64   0x00000040   Code   RO         4567    i.SLAVE_DCMotorMiniwatt_Init  slave_dcmotorminiwatt.o
    0x08002da4   0x08002da4   0x000000e4   Code   RO         4571    i.SLAVE_DCMotorMiniwatt_ProtocolDefinitions  slave_dcmotorminiwatt.o
    0x08002e88   0x08002e88   0x0000000e   Code   RO         4573    i.SLAVE_DCMotorMiniwatt_SpeedSet  slave_dcmotorminiwatt.o
    0x08002e96   0x08002e96   0x00000002   PAD
    0x08002e98   0x08002e98   0x00000020   Code   RO         4724    i.SLAVE_SteeringEngine6CH_CANinit  slave_steeringengine_6ch.o
    0x08002eb8   0x08002eb8   0x00000034   Code   RO         4727    i.SLAVE_SteeringEngine6CH_Init  slave_steeringengine_6ch.o
    0x08002eec   0x08002eec   0x0000015c   Code   RO         4728    i.SLAVE_SteeringEngine6CH_MoreMotorControl  slave_steeringengine_6ch.o
    0x08003048   0x08003048   0x0000013a   Code   RO         4732    i.SLAVE_SteeringEngine_6CH_ProtocolDefinitions  slave_steeringengine_6ch.o
    0x08003182   0x08003182   0x000000e2   Code   RO         4803    i.SLAVE_SteppingMotor_ProtocolDefinitions  slave_steppingmotor.o
    0x08003264   0x08003264   0x00000020   Code   RO         4806    i.SLAVE_SteppingMotorg_CANinit  slave_steppingmotor.o
    0x08003284   0x08003284   0x00000004   Code   RO         4647    i.SLAVE_Tracking_BoolRead  slave_tracking.o
    0x08003288   0x08003288   0x00000020   Code   RO         4648    i.SLAVE_Tracking_CANinit  slave_tracking.o
    0x080032a8   0x080032a8   0x0000003c   Code   RO         4650    i.SLAVE_Tracking_Init  slave_tracking.o
    0x080032e4   0x080032e4   0x000000e0   Code   RO         4653    i.SLAVE_Tracking_ProtocolDefinitions  slave_tracking.o
    0x080033c4   0x080033c4   0x00000020   Code   RO         1898    i.SPI_EndRxTxTransaction  stm32f1xx_hal_spi.o
    0x080033e4   0x080033e4   0x00000094   Code   RO         1903    i.SPI_WaitFlagStateUntilTimeout  stm32f1xx_hal_spi.o
    0x08003478   0x08003478   0x00000204   Code   RO         3594    i.ST7735_LAIBAO177_INITIAL  bsp_hal_lcd.o
    0x0800367c   0x0800367c   0x00000002   Code   RO          444    i.SVC_Handler       stm32f1xx_it.o
    0x0800367e   0x0800367e   0x00000048   Code   RO         4436    i.SendUsedPG        can_communication.o
    0x080036c6   0x080036c6   0x00000004   Code   RO          445    i.SysTick_Handler   stm32f1xx_it.o
    0x080036ca   0x080036ca   0x0000004e   Code   RO           14    i.SystemClock_Config  main.o
    0x08003718   0x08003718   0x00000048   Code   RO         3426    i.SystemInit        system_stm32f1xx.o
    0x08003760   0x08003760   0x0000000c   Code   RO          446    i.TIM2_IRQHandler   stm32f1xx_it.o
    0x0800376c   0x0800376c   0x0000000c   Code   RO          447    i.TIM3_IRQHandler   stm32f1xx_it.o
    0x08003778   0x08003778   0x0000006c   Code   RO         2261    i.TIM_Base_SetConfig  stm32f1xx_hal_tim.o
    0x080037e4   0x080037e4   0x00000014   Code   RO         2272    i.TIM_ETR_SetConfig  stm32f1xx_hal_tim.o
    0x080037f8   0x080037f8   0x00000010   Code   RO         2273    i.TIM_ITRx_SetConfig  stm32f1xx_hal_tim.o
    0x08003808   0x08003808   0x00000022   Code   RO         2279    i.TIM_TI1_ConfigInputStage  stm32f1xx_hal_tim.o
    0x0800382a   0x0800382a   0x00000024   Code   RO         2281    i.TIM_TI2_ConfigInputStage  stm32f1xx_hal_tim.o
    0x0800384e   0x0800384e   0x0000001c   Code   RO         4437    i.Tim_CheckTimeOut  can_communication.o
    0x0800386a   0x0800386a   0x00000002   PAD
    0x0800386c   0x0800386c   0x00000010   Code   RO         4438    i.Tim_GetCurrentTimeAdd_Scan1MS  can_communication.o
    0x0800387c   0x0800387c   0x0000000e   Code   RO         4271    i.Time2BreakExecution_Handler  app.o
    0x0800388a   0x0800388a   0x00000002   PAD
    0x0800388c   0x0800388c   0x00000034   Code   RO         4272    i.TimeBreakExecution_Handler  app.o
    0x080038c0   0x080038c0   0x00000014   Code   RO         3772    i.Timer2_SetHandler  bsp_hal_time.o
    0x080038d4   0x080038d4   0x00000014   Code   RO         3773    i.Timer_SetHandler  bsp_hal_time.o
    0x080038e8   0x080038e8   0x00000058   Code   RO         4016    i.UART2_IDLECallBack  bsp_uart2.o
    0x08003940   0x08003940   0x00000058   Code   RO         3969    i.UART3_IDLECallBack  bsp_hal_uart3dma232andttl.o
    0x08003998   0x08003998   0x00000010   Code   RO         3137    i.UART_DMAAbortOnError  stm32f1xx_hal_uart.o
    0x080039a8   0x080039a8   0x0000004a   Code   RO         3138    i.UART_DMAError     stm32f1xx_hal_uart.o
    0x080039f2   0x080039f2   0x0000003c   Code   RO         3139    i.UART_DMAReceiveCplt  stm32f1xx_hal_uart.o
    0x08003a2e   0x08003a2e   0x0000000a   Code   RO         3141    i.UART_DMARxHalfCplt  stm32f1xx_hal_uart.o
    0x08003a38   0x08003a38   0x0000001c   Code   RO         3147    i.UART_EndRxTransfer  stm32f1xx_hal_uart.o
    0x08003a54   0x08003a54   0x00000012   Code   RO         3148    i.UART_EndTxTransfer  stm32f1xx_hal_uart.o
    0x08003a66   0x08003a66   0x00000096   Code   RO         3149    i.UART_Receive_IT   stm32f1xx_hal_uart.o
    0x08003afc   0x08003afc   0x000000b8   Code   RO         3150    i.UART_SetConfig    stm32f1xx_hal_uart.o
    0x08003bb4   0x08003bb4   0x00000062   Code   RO         3151    i.UART_Transmit_IT  stm32f1xx_hal_uart.o
    0x08003c16   0x08003c16   0x00000002   PAD
    0x08003c18   0x08003c18   0x0000000c   Code   RO          448    i.USART1_IRQHandler  stm32f1xx_it.o
    0x08003c24   0x08003c24   0x00000018   Code   RO          449    i.USART2_IRQHandler  stm32f1xx_it.o
    0x08003c3c   0x08003c3c   0x00000018   Code   RO          450    i.USART3_IRQHandler  stm32f1xx_it.o
    0x08003c54   0x08003c54   0x0000000c   Code   RO          451    i.USB_LP_CAN1_RX0_IRQHandler  stm32f1xx_it.o
    0x08003c60   0x08003c60   0x00000002   Code   RO          452    i.UsageFault_Handler  stm32f1xx_it.o
    0x08003c62   0x08003c62   0x00000020   Code   RO         1362    i.__NVIC_SetPriority  stm32f1xx_hal_cortex.o
    0x08003c82   0x08003c82   0x0000000e   Code   RO         5452    i.__scatterload_copy  mc_w.l(handlers.o)
    0x08003c90   0x08003c90   0x00000002   Code   RO         5453    i.__scatterload_null  mc_w.l(handlers.o)
    0x08003c92   0x08003c92   0x0000000e   Code   RO         5454    i.__scatterload_zeroinit  mc_w.l(handlers.o)
    0x08003ca0   0x08003ca0   0x00000014   Code   RO         4273    i.car_move          app.o
    0x08003cb4   0x08003cb4   0x00000088   Code   RO         4274    i.car_move1         app.o
    0x08003d3c   0x08003d3c   0x0000002c   Code   RO         4275    i.car_spin          app.o
    0x08003d68   0x08003d68   0x0000010c   Code   RO         4276    i.catch1            app.o
    0x08003e74   0x08003e74   0x00000074   Code   RO         4277    i.error_calculate   app.o
    0x08003ee8   0x08003ee8   0x00000036   Code   RO           15    i.main              main.o
    0x08003f1e   0x08003f1e   0x00000002   PAD
    0x08003f20   0x08003f20   0x00000044   Code   RO         4279    i.motor_control     app.o
    0x08003f64   0x08003f64   0x0000010c   Code   RO         4280    i.put               app.o
    0x08004070   0x08004070   0x000000c0   Code   RO         4439    i.xCreate           can_communication.o
    0x08004130   0x08004130   0x00000010   Data   RO         3427    .constdata          system_stm32f1xx.o
    0x08004140   0x08004140   0x00000008   Data   RO         3428    .constdata          system_stm32f1xx.o
    0x08004148   0x08004148   0x00000ca4   Data   RO         3596    .constdata          bsp_hal_lcd.o
    0x08004dec   0x08004dec   0x00000020   Data   RO         5450    Region$$Table       anon$$obj.o


    Execution Region RW_IRAM1 (Exec base: 0x20000000, Load base: 0x08004e0c, Size: 0x00001068, Max: 0x00005000, ABSOLUTE)

    Exec Addr    Load Addr    Size         Type   Attr      Idx    E Section Name        Object

    0x20000000   0x08004e0c   0x0000000c   Data   RW          899    .data               stm32f1xx_hal.o
    0x2000000c   0x08004e18   0x00000004   Data   RW         3429    .data               system_stm32f1xx.o
    0x20000010   0x08004e1c   0x00000009   Data   RW         3597    .data               bsp_hal_lcd.o
    0x20000019   0x08004e25   0x00000003   PAD
    0x2000001c   0x08004e28   0x00000008   Data   RW         3774    .data               bsp_hal_time.o
    0x20000024   0x08004e30   0x0000000c   Data   RW         3970    .data               bsp_hal_uart3dma232andttl.o
    0x20000030   0x08004e3c   0x0000000c   Data   RW         4017    .data               bsp_uart2.o
    0x2000003c   0x08004e48   0x00000008   Data   RW         4175    .data               bsp_hal_uart485.o
    0x20000044   0x08004e50   0x0000007c   Data   RW         4282    .data               app.o
    0x200000c0   0x08004ecc   0x00000006   Data   RW         4440    .data               can_communication.o
    0x200000c6   0x08004ed2   0x00000002   PAD
    0x200000c8   0x08004ed4   0x00000004   Data   RW         4574    .data               slave_dcmotorminiwatt.o
    0x200000cc   0x08004ed8   0x00000004   Data   RW         4654    .data               slave_tracking.o
    0x200000d0   0x08004edc   0x00000004   Data   RW         4733    .data               slave_steeringengine_6ch.o
    0x200000d4   0x08004ee0   0x00000004   Data   RW         4807    .data               slave_steppingmotor.o
    0x200000d8        -       0x00000028   Zero   RW          192    .bss                can.o
    0x20000100        -       0x000000b0   Zero   RW          259    .bss                spi.o
    0x200001b0        -       0x00000080   Zero   RW          334    .bss                tim.o
    0x20000230        -       0x00000258   Zero   RW          383    .bss                usart.o
    0x20000488        -       0x00000200   Zero   RW         3595    .bss                bsp_hal_lcd.o
    0x20000688        -       0x00000144   Zero   RW         3820    .bss                bsp_hal_can.o
    0x200007cc        -       0x000000d8   Zero   RW         4281    .bss                app.o
    0x200008a4        -       0x000003c0   Zero   RW         4524    .bss                can_communication_canconfig.o
    0x20000c64   0x08004ee4   0x00000004   PAD
    0x20000c68        -       0x00000400   Zero   RW            1    STACK               startup_stm32f103xb.o


==============================================================================

Image component sizes


      Code (inc. data)   RO Data    RW Data    ZI Data      Debug   Object Name

      1406         82          0        124        216      14258   app.o
       356         24          0          0        324       6300   bsp_hal_can.o
         0          0          0          0          0        624   bsp_hal_gpio.o
      1416         62       3236          9        512      10257   bsp_hal_lcd.o
        88         34          0          8          0       2315   bsp_hal_time.o
        88         10          0         12          0       1673   bsp_hal_uart3dma232andttl.o
        44          8          0          8          0       1409   bsp_hal_uart485.o
        88         10          0         12          0       1481   bsp_uart2.o
       220         28          0          0         40       1767   can.o
      1000         38          0          6          0       8045   can_communication.o
        56          4          0          0        960       3857   can_communication_canconfig.o
       124          4          0          0          0        842   dma.o
       312         18          0          0          0       1079   gpio.o
       134          0          0          0          0     440056   main.o
       338          8          0          4          0       5390   slave_dcmotorminiwatt.o
       746          8          0          4          0       6732   slave_steeringengine_6ch.o
       258          4          0          4          0       4023   slave_steppingmotor.o
       320         10          0          4          0       5241   slave_tracking.o
       324         40          0          0        176       2394   spi.o
        36          8        236          0       1024        824   startup_stm32f103xb.o
       164         28          0         12          0       6149   stm32f1xx_hal.o
      1608          0          0          0          0      14295   stm32f1xx_hal_can.o
       198         14          0          0          0      29051   stm32f1xx_hal_cortex.o
       808         36          0          0          0       5126   stm32f1xx_hal_dma.o
       490         34          0          0          0       2964   stm32f1xx_hal_gpio.o
        60          8          0          0          0        914   stm32f1xx_hal_msp.o
      1272        100          0          0          0       5372   stm32f1xx_hal_rcc.o
       652          0          0          0          0       4262   stm32f1xx_hal_spi.o
       882         14          0          0          0       9953   stm32f1xx_hal_tim.o
        70          0          0          0          0       2485   stm32f1xx_hal_tim_ex.o
      1336         26          0          0          0      12067   stm32f1xx_hal_uart.o
       188         72          0          0          0       9797   stm32f1xx_it.o
        72         16         24          4          0       1259   system_stm32f1xx.o
       300         24          0          0        128       2439   tim.o
       808         62          0          0        600       3690   usart.o

    ----------------------------------------------------------------------
     16294        834       3528        216       3984     628390   Object Totals
         0          0         32          0          0          0   (incl. Generated)
        32          0          0          5          4          0   (incl. Padding)

    ----------------------------------------------------------------------

      Code (inc. data)   RO Data    RW Data    ZI Data      Debug   Library Member Name

         0          0          0          0          0          0   entry.o
         0          0          0          0          0          0   entry10a.o
         0          0          0          0          0          0   entry11a.o
         8          4          0          0          0          0   entry2.o
         4          0          0          0          0          0   entry5.o
         0          0          0          0          0          0   entry7b.o
         0          0          0          0          0          0   entry8b.o
         8          4          0          0          0          0   entry9a.o
        30          0          0          0          0          0   handlers.o
        36          8          0          0          0         68   init.o
        36          0          0          0          0         68   memcpya.o
        36          0          0          0          0        108   memseta.o

    ----------------------------------------------------------------------
       158         16          0          0          0        244   Library Totals
         0          0          0          0          0          0   (incl. Padding)

    ----------------------------------------------------------------------

      Code (inc. data)   RO Data    RW Data    ZI Data      Debug   Library Name

       158         16          0          0          0        244   mc_w.l

    ----------------------------------------------------------------------
       158         16          0          0          0        244   Library Totals

    ----------------------------------------------------------------------

==============================================================================


      Code (inc. data)   RO Data    RW Data    ZI Data      Debug   

     16452        850       3528        216       3984     619738   Grand Totals
     16452        850       3528        216       3984     619738   ELF Image Totals
     16452        850       3528        216          0          0   ROM Totals

==============================================================================

    Total RO  Size (Code + RO Data)                19980 (  19.51kB)
    Total RW  Size (RW Data + ZI Data)              4200 (   4.10kB)
    Total ROM Size (Code + RO Data + RW Data)      20196 (  19.72kB)

==============================================================================

