Component: ARM Compiler 5.06 update 6 (build 750) Tool: armlink [4d35ed]

==============================================================================

Section Cross References

    startup_stm32f103xb.o(RESET) refers to startup_stm32f103xb.o(STACK) for __initial_sp
    startup_stm32f103xb.o(RESET) refers to startup_stm32f103xb.o(.text) for Reset_Handler
    startup_stm32f103xb.o(RESET) refers to stm32f1xx_it.o(i.NMI_Handler) for NMI_Handler
    startup_stm32f103xb.o(RESET) refers to stm32f1xx_it.o(i.HardFault_Handler) for HardFault_Handler
    startup_stm32f103xb.o(RESET) refers to stm32f1xx_it.o(i.MemManage_Handler) for MemManage_Handler
    startup_stm32f103xb.o(RESET) refers to stm32f1xx_it.o(i.BusFault_Handler) for BusFault_Handler
    startup_stm32f103xb.o(RESET) refers to stm32f1xx_it.o(i.UsageFault_Handler) for UsageFault_Handler
    startup_stm32f103xb.o(RESET) refers to stm32f1xx_it.o(i.SVC_Handler) for SVC_Handler
    startup_stm32f103xb.o(RESET) refers to stm32f1xx_it.o(i.DebugMon_Handler) for DebugMon_Handler
    startup_stm32f103xb.o(RESET) refers to stm32f1xx_it.o(i.PendSV_Handler) for PendSV_Handler
    startup_stm32f103xb.o(RESET) refers to stm32f1xx_it.o(i.SysTick_Handler) for SysTick_Handler
    startup_stm32f103xb.o(RESET) refers to stm32f1xx_it.o(i.DMA1_Channel2_IRQHandler) for DMA1_Channel2_IRQHandler
    startup_stm32f103xb.o(RESET) refers to stm32f1xx_it.o(i.DMA1_Channel3_IRQHandler) for DMA1_Channel3_IRQHandler
    startup_stm32f103xb.o(RESET) refers to stm32f1xx_it.o(i.DMA1_Channel4_IRQHandler) for DMA1_Channel4_IRQHandler
    startup_stm32f103xb.o(RESET) refers to stm32f1xx_it.o(i.DMA1_Channel5_IRQHandler) for DMA1_Channel5_IRQHandler
    startup_stm32f103xb.o(RESET) refers to stm32f1xx_it.o(i.DMA1_Channel6_IRQHandler) for DMA1_Channel6_IRQHandler
    startup_stm32f103xb.o(RESET) refers to stm32f1xx_it.o(i.DMA1_Channel7_IRQHandler) for DMA1_Channel7_IRQHandler
    startup_stm32f103xb.o(RESET) refers to stm32f1xx_it.o(i.USB_LP_CAN1_RX0_IRQHandler) for USB_LP_CAN1_RX0_IRQHandler
    startup_stm32f103xb.o(RESET) refers to stm32f1xx_it.o(i.TIM2_IRQHandler) for TIM2_IRQHandler
    startup_stm32f103xb.o(RESET) refers to stm32f1xx_it.o(i.TIM3_IRQHandler) for TIM3_IRQHandler
    startup_stm32f103xb.o(RESET) refers to stm32f1xx_it.o(i.USART1_IRQHandler) for USART1_IRQHandler
    startup_stm32f103xb.o(RESET) refers to stm32f1xx_it.o(i.USART2_IRQHandler) for USART2_IRQHandler
    startup_stm32f103xb.o(RESET) refers to stm32f1xx_it.o(i.USART3_IRQHandler) for USART3_IRQHandler
    startup_stm32f103xb.o(.text) refers to system_stm32f1xx.o(i.SystemInit) for SystemInit
    startup_stm32f103xb.o(.text) refers to entry.o(.ARM.Collect$$$$00000000) for __main
    main.o(i.SystemClock_Config) refers to memseta.o(.text) for __aeabi_memclr4
    main.o(i.SystemClock_Config) refers to stm32f1xx_hal_rcc.o(i.HAL_RCC_OscConfig) for HAL_RCC_OscConfig
    main.o(i.SystemClock_Config) refers to stm32f1xx_hal_rcc.o(i.HAL_RCC_ClockConfig) for HAL_RCC_ClockConfig
    main.o(i.main) refers to stm32f1xx_hal.o(i.HAL_Init) for HAL_Init
    main.o(i.main) refers to main.o(i.SystemClock_Config) for SystemClock_Config
    main.o(i.main) refers to gpio.o(i.MX_GPIO_Init) for MX_GPIO_Init
    main.o(i.main) refers to dma.o(i.MX_DMA_Init) for MX_DMA_Init
    main.o(i.main) refers to can.o(i.MX_CAN_Init) for MX_CAN_Init
    main.o(i.main) refers to spi.o(i.MX_SPI1_Init) for MX_SPI1_Init
    main.o(i.main) refers to spi.o(i.MX_SPI2_Init) for MX_SPI2_Init
    main.o(i.main) refers to tim.o(i.MX_TIM2_Init) for MX_TIM2_Init
    main.o(i.main) refers to tim.o(i.MX_TIM3_Init) for MX_TIM3_Init
    main.o(i.main) refers to usart.o(i.MX_USART1_UART_Init) for MX_USART1_UART_Init
    main.o(i.main) refers to usart.o(i.MX_USART2_UART_Init) for MX_USART2_UART_Init
    main.o(i.main) refers to usart.o(i.MX_USART3_UART_Init) for MX_USART3_UART_Init
    main.o(i.main) refers to app.o(i.ApplicationProgram_main) for ApplicationProgram_main
    gpio.o(i.MX_GPIO_Init) refers to stm32f1xx_hal_gpio.o(i.HAL_GPIO_WritePin) for HAL_GPIO_WritePin
    gpio.o(i.MX_GPIO_Init) refers to stm32f1xx_hal_gpio.o(i.HAL_GPIO_Init) for HAL_GPIO_Init
    can.o(i.HAL_CAN_MspDeInit) refers to stm32f1xx_hal_gpio.o(i.HAL_GPIO_DeInit) for HAL_GPIO_DeInit
    can.o(i.HAL_CAN_MspDeInit) refers to stm32f1xx_hal_cortex.o(i.HAL_NVIC_DisableIRQ) for HAL_NVIC_DisableIRQ
    can.o(i.HAL_CAN_MspInit) refers to stm32f1xx_hal_gpio.o(i.HAL_GPIO_Init) for HAL_GPIO_Init
    can.o(i.HAL_CAN_MspInit) refers to stm32f1xx_hal_cortex.o(i.HAL_NVIC_SetPriority) for HAL_NVIC_SetPriority
    can.o(i.HAL_CAN_MspInit) refers to stm32f1xx_hal_cortex.o(i.HAL_NVIC_EnableIRQ) for HAL_NVIC_EnableIRQ
    can.o(i.MX_CAN_Init) refers to stm32f1xx_hal_can.o(i.HAL_CAN_Init) for HAL_CAN_Init
    can.o(i.MX_CAN_Init) refers to main.o(i.Error_Handler) for Error_Handler
    can.o(i.MX_CAN_Init) refers to can.o(.bss) for .bss
[...]
    UART_DMATxHalfCplt                       0x08005fc7   Thumb Code    10  stm32f1xx_hal_uart.o(i.UART_DMATxHalfCplt)
    i.UART_EndRxTransfer                     0x08005fd0   Section        0  stm32f1xx_hal_uart.o(i.UART_EndRxTransfer)
    UART_EndRxTransfer                       0x08005fd1   Thumb Code    28  stm32f1xx_hal_uart.o(i.UART_EndRxTransfer)
    i.UART_EndTxTransfer                     0x08005fec   Section        0  stm32f1xx_hal_uart.o(i.UART_EndTxTransfer)
    UART_EndTxTransfer                       0x08005fed   Thumb Code    18  stm32f1xx_hal_uart.o(i.UART_EndTxTransfer)
    i.UART_Receive_IT                        0x08005ffe   Section        0  stm32f1xx_hal_uart.o(i.UART_Receive_IT)
    UART_Receive_IT                          0x08005fff   Thumb Code   150  stm32f1xx_hal_uart.o(i.UART_Receive_IT)
    i.UART_SetConfig                         0x08006094   Section        0  stm32f1xx_hal_uart.o(i.UART_SetConfig)
    UART_SetConfig                           0x08006095   Thumb Code   178  stm32f1xx_hal_uart.o(i.UART_SetConfig)
    i.UART_Transmit_IT                       0x0800614c   Section        0  stm32f1xx_hal_uart.o(i.UART_Transmit_IT)
    UART_Transmit_IT                         0x0800614d   Thumb Code    98  stm32f1xx_hal_uart.o(i.UART_Transmit_IT)
    i.UART_WaitOnFlagUntilTimeout            0x080061ae   Section        0  stm32f1xx_hal_uart.o(i.UART_WaitOnFlagUntilTimeout)
    UART_WaitOnFlagUntilTimeout              0x080061af   Thumb Code   100  stm32f1xx_hal_uart.o(i.UART_WaitOnFlagUntilTimeout)
    i.UP_Handler                             0x08006214   Section        0  app.o(i.UP_Handler)
    UP_Handler                               0x08006215   Thumb Code     8  app.o(i.UP_Handler)
    i.USART1_IRQHandler                      0x08006220   Section        0  stm32f1xx_it.o(i.USART1_IRQHandler)
    i.USART2_IRQHandler                      0x0800622c   Section        0  stm32f1xx_it.o(i.USART2_IRQHandler)
    i.USART3_IRQHandler                      0x08006244   Section        0  stm32f1xx_it.o(i.USART3_IRQHandler)
    i.USB_LP_CAN1_RX0_IRQHandler             0x0800625c   Section        0  stm32f1xx_it.o(i.USB_LP_CAN1_RX0_IRQHandler)
    i.UartTime                               0x08006268   Section        0  app.o(i.UartTime)
    i.UsageFault_Handler                     0x080062a8   Section        0  stm32f1xx_it.o(i.UsageFault_Handler)
    i.W25Qxx_SPI_ReadWriteByte               0x080062ac   Section        0  bsp_hal_w25qxxflash.o(i.W25Qxx_SPI_ReadWriteByte)
    W25Qxx_SPI_ReadWriteByte                 0x080062ad   Thumb Code    28  bsp_hal_w25qxxflash.o(i.W25Qxx_SPI_ReadWriteByte)
    i.__NVIC_SetPriority                     0x080062cc   Section        0  stm32f1xx_hal_cortex.o(i.__NVIC_SetPriority)
    __NVIC_SetPriority                       0x080062cd   Thumb Code    32  stm32f1xx_hal_cortex.o(i.__NVIC_SetPriority)
    i.__scatterload_copy                     0x080062ec   Section       14  handlers.o(i.__scatterload_copy)
    i.__scatterload_null                     0x080062fa   Section        2  handlers.o(i.__scatterload_null)
    i.__scatterload_zeroinit                 0x080062fc   Section       14  handlers.o(i.__scatterload_zeroinit)
    i.button_attach                          0x0800630a   Section        0  separate_button.o(i.button_attach)
    i.button_handler                         0x08006312   Section        0  separate_button.o(i.button_handler)
    button_handler                           0x08006313   Thumb Code   284  separate_button.o(i.button_handler)
    i.button_init                            0x0800642e   Section        0  separate_button.o(i.button_init)
    i.button_start                           0x08006460   Section        0  separate_button.o(i.button_start)
    i.button_ticks                           0x08006484   Section        0  separate_button.o(i.button_ticks)
    i.delay_us                               0x080064a0   Section        0  bsp_hal_ps2.o(i.delay_us)
    delay_us                                 0x080064a1   Thumb Code    18  bsp_hal_ps2.o(i.delay_us)
    i.main                                   0x080064b2   Section        0  main.o(i.main)
    i.xCreate                                0x080064e8   Section        0  can_communication.o(i.xCreate)
    .constdata                               0x080065a8   Section       16  system_stm32f1xx.o(.constdata)
    .constdata                               0x080065b8   Section        8  system_stm32f1xx.o(.constdata)
    .constdata                               0x080065c0   Section     3236  bsp_hal_lcd.o(.constdata)
    .constdata                               0x08007264   Section      404  app.o(.constdata)
    .data                                    0x20000000   Section       12  stm32f1xx_hal.o(.data)
    .data                                    0x2000000c   Section        4  system_stm32f1xx.o(.data)
    .data                                    0x20000010   Section        9  bsp_hal_lcd.o(.data)
    .data                                    0x2000001c   Section        8  bsp_hal_time.o(.data)
    TimeCallBackFunc                         0x2000001c   Data           4  bsp_hal_time.o(.data)
    Time2CallBackFunc                        0x20000020   Data           4  bsp_hal_time.o(.data)
    .data                                    0x20000024   Section        8  bsp_hal_ps2.o(.data)
    .data                                    0x2000002c   Section       12  bsp_hal_uart3dma232andttl.o(.data)
    USART_RX_LEN                             0x2000002e   Data           2  bsp_hal_uart3dma232andttl.o(.data)
    UARTCallBackFunc                         0x20000030   Data           4  bsp_hal_uart3dma232andttl.o(.data)
    USART_RX_HEAD                            0x20000034   Data           4  bsp_hal_uart3dma232andttl.o(.data)
    .data                                    0x20000038   Section       12  bsp_uart2.o(.data)
    USART_RX_LEN                             0x2000003a   Data           2  bsp_uart2.o(.data)
    UARTCallBackFunc                         0x2000003c   Data           4  bsp_uart2.o(.data)
    USART_RX_HEAD                            0x20000040   Data           4  bsp_uart2.o(.data)
    .data                                    0x20000044   Section        8  bsp_hal_uart485.o(.data)
    UART485CallBackFunc                      0x20000048   Data           4  bsp_hal_uart485.o(.data)
    .data                                    0x2000004c   Section        4  separate_button.o(.data)
    head_handle                              0x2000004c   Data           4  separate_button.o(.data)
    .data                                    0x20000050   Section      158  app.o(.data)
    WorkModebuff                             0x2000005b   Data           1  app.o(.data)
    comflg                                   0x2000005c   Data           1  app.o(.data)
    speed_v0buff                             0x2000006a   Data           2  app.o(.data)
    speed_vtbuff                             0x2000006c   Data           2  app.o(.data)
    step_outbuff                             0x2000006e   Data           2  app.o(.data)
    time                                     0x20000070   Data           2  app.o(.data)
    DATA                                     0x20000072   Data           3  app.o(.data)
    DATA                                     0x20000090   Data           6  app.o(.data)
    .data                                    0x200000ee   Section        6  can_communication.o(.data)
    timeflg                                  0x200000ef   Data           1  can_communication.o(.data)
    Tim_GetCurrentTime                       0x200000f0   Data           2  can_communication.o(.data)
    time                                     0x200000f2   Data           2  can_communication.o(.data)
    .data                                    0x200000f4   Section        4  slave_dcmotorminiwatt.o(.data)
    head_handle                              0x200000f4   Data           4  slave_dcmotorminiwatt.o(.data)
    .data                                    0x200000f8   Section        4  slave_tracking.o(.data)
    head_handle                              0x200000f8   Data           4  slave_tracking.o(.data)
    .data                                    0x200000fc   Section        4  slave_steeringengine_6ch.o(.data)
    head_handle                              0x200000fc   Data           4  slave_steeringengine_6ch.o(.data)
    .data                                    0x20000100   Section        4  slave_steppingmotor.o(.data)
    head_handle                              0x20000100   Data           4  slave_steppingmotor.o(.data)
    .bss                                     0x20000104   Section       40  can.o(.bss)
    .bss                                     0x2000012c   Section      176  spi.o(.bss)
    .bss                                     0x200001dc   Section      128  tim.o(.bss)
    .bss                                     0x2000025c   Section      600  usart.o(.bss)
    .bss                                     0x200004b4   Section      512  bsp_hal_lcd.o(.bss)
    .bss                                     0x200006b4   Section      324  bsp_hal_can.o(.bss)
    .bss                                     0x200007f8   Section     4096  bsp_hal_w25qxxflash.o(.bss)
    .bss                                     0x200017f8   Section      852  app.o(.bss)
    KEY1_S                                   0x200018f4   Data          52  app.o(.bss)
    KEY2_S                                   0x20001928   Data          52  app.o(.bss)
    KEY3_S                                   0x2000195c   Data          52  app.o(.bss)
    KEY4_S                                   0x20001990   Data          52  app.o(.bss)
    KEY5_S                                   0x200019c4   Data          52  app.o(.bss)
    KEY6_S                                   0x200019f8   Data          52  app.o(.bss)
    KEY7_S                                   0x20001a2c   Data          52  app.o(.bss)
    .bss                                     0x20001b4c   Section      960  can_communication_canconfig.o(.bss)
    STACK                                    0x20001f10   Section     1024  startup_stm32f103xb.o(STACK)

    Global Symbols

    Symbol Name                              Value     Ov Type        Size  Object(Section)

    BuildAttributes$$THM_ISAv4$P$D$K$B$S$PE$A:L22UL41UL21$X:L11$S22US41US21$IEEE1$IW$USESV6$~STKCKD$USESV7$~SHL$OTIME$ROPI$EBA8$MICROLIB$REQ8$PRES8$EABIv2 0x00000000   Number         0  anon$$obj.o ABSOLUTE
    __ARM_use_no_argv                        0x00000000   Number         0  main.o ABSOLUTE
    _printf_a                                0x00000000   Number         0  stubs.o ABSOLUTE
    _printf_c                                0x00000000   Number         0  stubs.o ABSOLUTE
    _printf_charcount                        0x00000000   Number         0  stubs.o ABSOLUTE
    _printf_d                                0x00000000   Number         0  stubs.o ABSOLUTE
    _printf_e                                0x00000000   Number         0  stubs.o ABSOLUTE
    _printf_f                                0x00000000   Number         0  stubs.o ABSOLUTE
    _printf_flags                            0x00000000   Number         0  stubs.o ABSOLUTE
    _printf_fp_dec                           0x00000000   Number         0  stubs.o ABSOLUTE
    _printf_fp_hex                           0x00000000   Number         0  stubs.o ABSOLUTE
    _printf_g                                0x00000000   Number         0  stubs.o ABSOLUTE
    _printf_i                                0x00000000   Number         0  stubs.o ABSOLUTE
    _printf_int_dec                          0x00000000   Number         0  stubs.o ABSOLUTE
    _printf_l                                0x00000000   Number         0  stubs.o ABSOLUTE
    _printf_lc                               0x00000000   Number         0  stubs.o ABSOLUTE
    _printf_ll                               0x00000000   Number         0  stubs.o ABSOLUTE
    _printf_lld                              0x00000000   Number         0  stubs.o ABSOLUTE
    _printf_lli                              0x00000000   Number         0  stubs.o ABSOLUTE
    _printf_llo                              0x00000000   Number         0  stubs.o ABSOLUTE
    _printf_llu                              0x00000000   Number         0  stubs.o ABSOLUTE
    _printf_llx                              0x00000000   Number         0  stubs.o ABSOLUTE
    _printf_longlong_dec                     0x00000000   Number         0  stubs.o ABSOLUTE
    _printf_longlong_hex                     0x00000000   Number         0  stubs.o ABSOLUTE
    _printf_longlong_oct                     0x00000000   Number         0  stubs.o ABSOLUTE
    _printf_ls                               0x00000000   Number         0  stubs.o ABSOLUTE
    _printf_mbtowc                           0x00000000   Number         0  stubs.o ABSOLUTE
    _printf_n                                0x00000000   Number         0  stubs.o ABSOLUTE
    _printf_o                                0x00000000   Number         0  stubs.o ABSOLUTE
    _printf_p                                0x00000000   Number         0  stubs.o ABSOLUTE
    _printf_percent                          0x00000000   Number         0  stubs.o ABSOLUTE
    _printf_pre_padding                      0x00000000   Number         0  stubs.o ABSOLUTE
    _printf_return_value                     0x00000000   Number         0  stubs.o ABSOLUTE
    _printf_s                                0x00000000   Number         0  stubs.o ABSOLUTE
    _printf_sizespec                         0x00000000   Number         0  stubs.o ABSOLUTE
    _printf_str                              0x00000000   Number         0  stubs.o ABSOLUTE
    _printf_truncate_signed                  0x00000000   Number         0  stubs.o ABSOLUTE
    _printf_truncate_unsigned                0x00000000   Number         0  stubs.o ABSOLUTE
    _printf_u                                0x00000000   Number         0  stubs.o ABSOLUTE
    _printf_wc                               0x00000000   Number         0  stubs.o ABSOLUTE
    _printf_wctomb                           0x00000000   Number         0  stubs.o ABSOLUTE
    _printf_widthprec                        0x00000000   Number         0  stubs.o ABSOLUTE
    _printf_x                                0x00000000   Number         0  stubs.o ABSOLUTE
    __cpp_initialize__aeabi_                  - Undefined Weak Reference
    __cxa_finalize                            - Undefined Weak Reference
    __decompress                              - Undefined Weak Reference
    _clock_init                               - Undefined Weak Reference
    _microlib_exit                            - Undefined Weak Reference
    __Vectors_Size                           0x000000ec   Number         0  startup_stm32f103xb.o ABSOLUTE
    __Vectors                                0x08000000   Data           4  startup_stm32f103xb.o(RESET)
    __Vectors_End                            0x080000ec   Data           0  startup_stm32f103xb.o(RESET)
    __main                                   0x080000ed   Thumb Code     0  entry.o(.ARM.Collect$$$$00000000)
    _main_stk                                0x080000ed   Thumb Code     0  entry2.o(.ARM.Collect$$$$00000001)
    _main_scatterload                        0x080000f1   Thumb Code     0  entry5.o(.ARM.Collect$$$$00000004)
    __main_after_scatterload                 0x080000f5   Thumb Code     0  entry5.o(.ARM.Collect$$$$00000004)
    _main_clock                              0x080000f5   Thumb Code     0  entry7b.o(.ARM.Collect$$$$00000008)
    _main_cpp_init                           0x080000f5   Thumb Code     0  entry8b.o(.ARM.Collect$$$$0000000A)
    _main_init                               0x080000f5   Thumb Code     0  entry9a.o(.ARM.Collect$$$$0000000B)
    __rt_final_cpp                           0x080000fd   Thumb Code     0  entry10a.o(.ARM.Collect$$$$0000000D)
    __rt_final_exit                          0x080000fd   Thumb Code     0  entry11a.o(.ARM.Collect$$$$0000000F)
    Reset_Handler                            0x08000101   Thumb Code     8  startup_stm32f103xb.o(.text)
    ADC1_2_IRQHandler                        0x0800011b   Thumb Code     0  startup_stm32f103xb.o(.text)
    CAN1_RX1_IRQHandler                      0x0800011b   Thumb Code     0  startup_stm32f103xb.o(.text)
    CAN1_SCE_IRQHandler                      0x0800011b   Thumb Code     0  startup_stm32f103xb.o(.text)
    DMA1_Channel1_IRQHandler                 0x0800011b   Thumb Code     0  startup_stm32f103xb.o(.text)
    EXTI0_IRQHandler                         0x0800011b   Thumb Code     0  startup_stm32f103xb.o(.text)
    EXTI15_10_IRQHandler                     0x0800011b   Thumb Code     0  startup_stm32f103xb.o(.text)
    EXTI1_IRQHandler                         0x0800011b   Thumb Code     0  startup_stm32f103xb.o(.text)
    EXTI2_IRQHandler                         0x0800011b   Thumb Code     0  startup_stm32f103xb.o(.text)
    EXTI3_IRQHandler                         0x0800011b   Thumb Code     0  startup_stm32f103xb.o(.text)
    EXTI4_IRQHandler                         0x0800011b   Thumb Code     0  startup_stm32f103xb.o(.text)
    EXTI9_5_IRQHandler                       0x0800011b   Thumb Code     0  startup_stm32f103xb.o(.text)
    FLASH_IRQHandler                         0x0800011b   Thumb Code     0  startup_stm32f103xb.o(.text)
    I2C1_ER_IRQHandler                       0x0800011b   Thumb Code     0  startup_stm32f103xb.o(.text)
    I2C1_EV_IRQHandler                       0x0800011b   Thumb Code     0  startup_stm32f103xb.o(.text)
    I2C2_ER_IRQHandler                       0x0800011b   Thumb Code     0  startup_stm32f103xb.o(.text)
    I2C2_EV_IRQHandler                       0x0800011b   Thumb Code     0  startup_stm32f103xb.o(.text)
    PVD_IRQHandler                           0x0800011b   Thumb Code     0  startup_stm32f103xb.o(.text)
    RCC_IRQHandler                           0x0800011b   Thumb Code     0  startup_stm32f103xb.o(.text)
    RTC_Alarm_IRQHandler                     0x0800011b   Thumb Code     0  startup_stm32f103xb.o(.text)
    RTC_IRQHandler                           0x0800011b   Thumb Code     0  startup_stm32f103xb.o(.text)
    SPI1_IRQHandler                          0x0800011b   Thumb Code     0  startup_stm32f103xb.o(.text)
    SPI2_IRQHandler                          0x0800011b   Thumb Code     0  startup_stm32f103xb.o(.text)
    TAMPER_IRQHandler                        0x0800011b   Thumb Code     0  startup_stm32f103xb.o(.text)
    TIM1_BRK_IRQHandler                      0x0800011b   Thumb Code     0  startup_stm32f103xb.o(.text)
    TIM1_CC_IRQHandler                       0x0800011b   Thumb Code     0  startup_stm32f103xb.o(.text)
    TIM1_TRG_COM_IRQHandler                  0x0800011b   Thumb Code     0  startup_stm32f103xb.o(.text)
    TIM1_UP_IRQHandler                       0x0800011b   Thumb Code     0  startup_stm32f103xb.o(.text)
    TIM4_IRQHandler                          0x0800011b   Thumb Code     0  startup_stm32f103xb.o(.text)
    USBWakeUp_IRQHandler                     0x0800011b   Thumb Code     0  startup_stm32f103xb.o(.text)
    USB_HP_CAN1_TX_IRQHandler                0x0800011b   Thumb Code     0  startup_stm32f103xb.o(.text)
    WWDG_IRQHandler                          0x0800011b   Thumb Code     0  startup_stm32f103xb.o(.text)
    __aeabi_memcpy                           0x08000125   Thumb Code    36  memcpya.o(.text)
    __aeabi_memcpy4                          0x08000125   Thumb Code     0  memcpya.o(.text)
    __aeabi_memcpy8                          0x08000125   Thumb Code     0  memcpya.o(.text)
    __aeabi_memset                           0x08000149   Thumb Code    14  memseta.o(.text)
    __aeabi_memset4                          0x08000149   Thumb Code     0  memseta.o(.text)
    __aeabi_memset8                          0x08000149   Thumb Code     0  memseta.o(.text)
    __aeabi_memclr                           0x08000157   Thumb Code     4  memseta.o(.text)
    __aeabi_memclr4                          0x08000157   Thumb Code     0  memseta.o(.text)
    __aeabi_memclr8                          0x08000157   Thumb Code     0  memseta.o(.text)
    _memset$wrapper                          0x0800015b   Thumb Code    18  memseta.o(.text)
    __scatterload                            0x0800016d   Thumb Code    28  init.o(.text)
    __scatterload_rt2                        0x0800016d   Thumb Code     0  init.o(.text)
    ApplicationProgram_main                  0x08000455   Thumb Code   154  app.o(i.ApplicationProgram_main)
    Bsp_Cancom_ConfigurationInit             0x080004fd   Thumb Code     4  bsp_hal_can.o(i.Bsp_Cancom_ConfigurationInit)
    Bsp_Cancom_FilterInit                    0x08000501   Thumb Code     4  bsp_hal_can.o(i.Bsp_Cancom_FilterInit)
    Bsp_Cancom_ReadERR                       0x08000505   Thumb Code     6  bsp_hal_can.o(i.Bsp_Cancom_ReadERR)
    Bsp_UART2_SetHandler                     0x08000511   Thumb Code    30  bsp_uart2.o(i.Bsp_UART2_SetHandler)
    Bsp_UART2_Transmit                       0x08000539   Thumb Code    10  bsp_uart2.o(i.Bsp_UART2_Transmit)
    Bsp_UART3_SetHandler                     0x08000549   Thumb Code    30  bsp_hal_uart3dma232andttl.o(i.Bsp_UART3_SetHandler)
    Bsp_UART3_Transmit                       0x08000571   Thumb Code    10  bsp_hal_uart3dma232andttl.o(i.Bsp_UART3_Transmit)
    Bsp_UART485_SetHandler                   0x08000581   Thumb Code    12  bsp_hal_uart485.o(i.Bsp_UART485_SetHandler)
    Bsp_UART485_Transmit                     0x08000595   Thumb Code    48  bsp_hal_uart485.o(i.Bsp_UART485_Transmit)
    Bsp_USART3_MODE_Init                     0x080005cd   Thumb Code   166  bsp_hal_uart3dma232andttl.o(i.Bsp_USART3_MODE_Init)
    BusFault_Handler                         0x08000685   Thumb Code     2  stm32f1xx_it.o(i.BusFault_Handler)
    CANCommunication_Init                    0x08000749   Thumb Code    22  can_communication.o(i.CANCommunication_Init)
    CANCommunication_Scan                    0x08000765   Thumb Code   422  can_communication.o(i.CANCommunication_Scan)
    CANSend                                  0x08000915   Thumb Code    42  bsp_hal_can.o(i.CANSend)
    CAN_OutQueue                             0x08000945   Thumb Code    48  bsp_hal_can.o(i.CAN_OutQueue)
    CAN_TT_ASYNC_Enable                      0x08000979   Thumb Code    30  can_communication.o(i.CAN_TT_ASYNC_Enable)
    DISPLAY_RGB                              0x08000a15   Thumb Code    82  bsp_hal_lcd.o(i.DISPLAY_RGB)
    DISP_WINDOWS                             0x08000a67   Thumb Code    72  bsp_hal_lcd.o(i.DISP_WINDOWS)
    DMA1_Channel2_IRQHandler                 0x08000ab1   Thumb Code     6  stm32f1xx_it.o(i.DMA1_Channel2_IRQHandler)
    DMA1_Channel3_IRQHandler                 0x08000abd   Thumb Code     6  stm32f1xx_it.o(i.DMA1_Channel3_IRQHandler)
    DMA1_Channel4_IRQHandler                 0x08000ac9   Thumb Code     6  stm32f1xx_it.o(i.DMA1_Channel4_IRQHandler)
    DMA1_Channel5_IRQHandler                 0x08000ad5   Thumb Code     6  stm32f1xx_it.o(i.DMA1_Channel5_IRQHandler)
    DMA1_Channel6_IRQHandler                 0x08000ae1   Thumb Code     6  stm32f1xx_it.o(i.DMA1_Channel6_IRQHandler)
    DMA1_Channel7_IRQHandler                 0x08000aed   Thumb Code     6  stm32f1xx_it.o(i.DMA1_Channel7_IRQHandler)
    DebugMon_Handler                         0x08000b23   Thumb Code     2  stm32f1xx_it.o(i.DebugMon_Handler)
    Error_Handler                            0x08001b99   Thumb Code     2  main.o(i.Error_Handler)
    GUI_DrawFont16_BufMode                   0x08001b9d   Thumb Code   228  bsp_hal_lcd.o(i.GUI_DrawFont16_BufMode)
    GetReferenceFromDevice                   0x08001c8d   Thumb Code     2  can_communication_canconfig.o(i.GetReferenceFromDevice)
    GetReferenceToDevice                     0x08001c8f   Thumb Code     2  can_communication_canconfig.o(i.GetReferenceToDevice)
    Gui_StrCenter                            0x08001c91   Thumb Code    18  bsp_hal_lcd.o(i.Gui_StrCenter)
    HAL_CAN_ActivateNotification             0x08001ca3   Thumb Code    36  stm32f1xx_hal_can.o(i.HAL_CAN_ActivateNotification)
    HAL_CAN_AddTxMessage                     0x08001cc7   Thumb Code   200  stm32f1xx_hal_can.o(i.HAL_CAN_AddTxMessage)
    HAL_CAN_ConfigFilter                     0x08001d91   Thumb Code   238  stm32f1xx_hal_can.o(i.HAL_CAN_ConfigFilter)
    HAL_CAN_ErrorCallback                    0x08001e7f   Thumb Code     2  stm32f1xx_hal_can.o(i.HAL_CAN_ErrorCallback)
    HAL_CAN_GetRxMessage                     0x08001e81   Thumb Code   232  stm32f1xx_hal_can.o(i.HAL_CAN_GetRxMessage)
    HAL_CAN_IRQHandler                       0x08001f69   Thumb Code   508  stm32f1xx_hal_can.o(i.HAL_CAN_IRQHandler)
    HAL_CAN_Init                             0x08002165   Thumb Code   282  stm32f1xx_hal_can.o(i.HAL_CAN_Init)
    HAL_CAN_MspInit                          0x08002281   Thumb Code   130  can.o(i.HAL_CAN_MspInit)
    HAL_CAN_RxFifo0FullCallback              0x08002315   Thumb Code     2  stm32f1xx_hal_can.o(i.HAL_CAN_RxFifo0FullCallback)
    HAL_CAN_RxFifo0MsgPendingCallback        0x08002319   Thumb Code   152  bsp_hal_can.o(i.HAL_CAN_RxFifo0MsgPendingCallback)
    HAL_CAN_RxFifo1FullCallback              0x080023b5   Thumb Code     2  stm32f1xx_hal_can.o(i.HAL_CAN_RxFifo1FullCallback)
    HAL_CAN_RxFifo1MsgPendingCallback        0x080023b7   Thumb Code     2  stm32f1xx_hal_can.o(i.HAL_CAN_RxFifo1MsgPendingCallback)
    HAL_CAN_SleepCallback                    0x080023b9   Thumb Code     2  stm32f1xx_hal_can.o(i.HAL_CAN_SleepCallback)
    HAL_CAN_Start                            0x080023bd   Thumb Code    88  stm32f1xx_hal_can.o(i.HAL_CAN_Start)
    HAL_CAN_TxMailbox0AbortCallback          0x08002415   Thumb Code     2  stm32f1xx_hal_can.o(i.HAL_CAN_TxMailbox0AbortCallback)
    HAL_CAN_TxMailbox0CompleteCallback       0x08002417   Thumb Code     2  stm32f1xx_hal_can.o(i.HAL_CAN_TxMailbox0CompleteCallback)
    HAL_CAN_TxMailbox1AbortCallback          0x08002419   Thumb Code     2  stm32f1xx_hal_can.o(i.HAL_CAN_TxMailbox1AbortCallback)
    HAL_CAN_TxMailbox1CompleteCallback       0x0800241b   Thumb Code     2  stm32f1xx_hal_can.o(i.HAL_CAN_TxMailbox1CompleteCallback)
    HAL_CAN_TxMailbox2AbortCallback          0x0800241d   Thumb Code     2  stm32f1xx_hal_can.o(i.HAL_CAN_TxMailbox2AbortCallback)
    HAL_CAN_TxMailbox2CompleteCallback       0x0800241f   Thumb Code     2  stm32f1xx_hal_can.o(i.HAL_CAN_TxMailbox2CompleteCallback)
    HAL_CAN_WakeUpFromRxMsgCallback          0x08002421   Thumb Code     2  stm32f1xx_hal_can.o(i.HAL_CAN_WakeUpFromRxMsgCallback)
    HAL_DMA_Abort                            0x08002423   Thumb Code    70  stm32f1xx_hal_dma.o(i.HAL_DMA_Abort)
    HAL_DMA_Abort_IT                         0x08002469   Thumb Code   148  stm32f1xx_hal_dma.o(i.HAL_DMA_Abort_IT)
    HAL_DMA_IRQHandler                       0x08002501   Thumb Code   316  stm32f1xx_hal_dma.o(i.HAL_DMA_IRQHandler)
    HAL_DMA_Init                             0x08002655   Thumb Code    84  stm32f1xx_hal_dma.o(i.HAL_DMA_Init)
    HAL_DMA_Start_IT                         0x080026b1   Thumb Code   112  stm32f1xx_hal_dma.o(i.HAL_DMA_Start_IT)
    HAL_Delay                                0x08002721   Thumb Code    32  stm32f1xx_hal.o(i.HAL_Delay)
    HAL_GPIO_Init                            0x08002745   Thumb Code   446  stm32f1xx_hal_gpio.o(i.HAL_GPIO_Init)
    HAL_GPIO_ReadPin                         0x08002925   Thumb Code    10  stm32f1xx_hal_gpio.o(i.HAL_GPIO_ReadPin)
    HAL_GPIO_TogglePin                       0x0800292f   Thumb Code    14  stm32f1xx_hal_gpio.o(i.HAL_GPIO_TogglePin)
    HAL_GPIO_WritePin                        0x0800293d   Thumb Code    10  stm32f1xx_hal_gpio.o(i.HAL_GPIO_WritePin)
    HAL_GetTick                              0x08002949   Thumb Code     6  stm32f1xx_hal.o(i.HAL_GetTick)
    HAL_IncTick                              0x08002955   Thumb Code    12  stm32f1xx_hal.o(i.HAL_IncTick)
    HAL_Init                                 0x08002965   Thumb Code    32  stm32f1xx_hal.o(i.HAL_Init)
    HAL_InitTick                             0x08002989   Thumb Code    54  stm32f1xx_hal.o(i.HAL_InitTick)
    HAL_MspInit                              0x080029c9   Thumb Code    52  stm32f1xx_hal_msp.o(i.HAL_MspInit)
    HAL_NVIC_EnableIRQ                       0x08002a05   Thumb Code    26  stm32f1xx_hal_cortex.o(i.HAL_NVIC_EnableIRQ)
    HAL_NVIC_SetPriority                     0x08002a21   Thumb Code    60  stm32f1xx_hal_cortex.o(i.HAL_NVIC_SetPriority)
    HAL_NVIC_SetPriorityGrouping             0x08002a61   Thumb Code    26  stm32f1xx_hal_cortex.o(i.HAL_NVIC_SetPriorityGrouping)
    HAL_RCC_ClockConfig                      0x08002a85   Thumb Code   280  stm32f1xx_hal_rcc.o(i.HAL_RCC_ClockConfig)
    HAL_RCC_GetPCLK1Freq                     0x08002bb1   Thumb Code    20  stm32f1xx_hal_rcc.o(i.HAL_RCC_GetPCLK1Freq)
    HAL_RCC_GetPCLK2Freq                     0x08002bd1   Thumb Code    20  stm32f1xx_hal_rcc.o(i.HAL_RCC_GetPCLK2Freq)
    HAL_RCC_GetSysClockFreq                  0x08002bf1   Thumb Code    74  stm32f1xx_hal_rcc.o(i.HAL_RCC_GetSysClockFreq)
    HAL_RCC_OscConfig                        0x08002c5d   Thumb Code   778  stm32f1xx_hal_rcc.o(i.HAL_RCC_OscConfig)
    HAL_SPI_Init                             0x08002f7d   Thumb Code   124  stm32f1xx_hal_spi.o(i.HAL_SPI_Init)
    HAL_SPI_MspInit                          0x08002ff9   Thumb Code   162  spi.o(i.HAL_SPI_MspInit)
    HAL_SPI_Transmit                         0x080030b1   Thumb Code   348  stm32f1xx_hal_spi.o(i.HAL_SPI_Transmit)
    HAL_SPI_TransmitReceive                  0x0800320d   Thumb Code   482  stm32f1xx_hal_spi.o(i.HAL_SPI_TransmitReceive)
    HAL_SYSTICK_Config                       0x080033ef   Thumb Code    40  stm32f1xx_hal_cortex.o(i.HAL_SYSTICK_Config)
    HAL_TIMEx_BreakCallback                  0x08003417   Thumb Code     2  stm32f1xx_hal_tim_ex.o(i.HAL_TIMEx_BreakCallback)
    HAL_TIMEx_CommutCallback                 0x08003419   Thumb Code     2  stm32f1xx_hal_tim_ex.o(i.HAL_TIMEx_CommutCallback)
    HAL_TIMEx_MasterConfigSynchronization    0x0800341b   Thumb Code    66  stm32f1xx_hal_tim_ex.o(i.HAL_TIMEx_MasterConfigSynchronization)
    HAL_TIM_Base_Init                        0x0800345d   Thumb Code    54  stm32f1xx_hal_tim.o(i.HAL_TIM_Base_Init)
    HAL_TIM_Base_MspInit                     0x08003495   Thumb Code    86  tim.o(i.HAL_TIM_Base_MspInit)
    HAL_TIM_Base_Start_IT                    0x080034f5   Thumb Code    34  stm32f1xx_hal_tim.o(i.HAL_TIM_Base_Start_IT)
    HAL_TIM_ConfigClockSource                0x08003517   Thumb Code   214  stm32f1xx_hal_tim.o(i.HAL_TIM_ConfigClockSource)
    HAL_TIM_IC_CaptureCallback               0x080035ed   Thumb Code     2  stm32f1xx_hal_tim.o(i.HAL_TIM_IC_CaptureCallback)
    HAL_TIM_IRQHandler                       0x080035ef   Thumb Code   358  stm32f1xx_hal_tim.o(i.HAL_TIM_IRQHandler)
    HAL_TIM_OC_DelayElapsedCallback          0x08003755   Thumb Code     2  stm32f1xx_hal_tim.o(i.HAL_TIM_OC_DelayElapsedCallback)
    HAL_TIM_PWM_PulseFinishedCallback        0x08003757   Thumb Code     2  stm32f1xx_hal_tim.o(i.HAL_TIM_PWM_PulseFinishedCallback)
    HAL_TIM_PeriodElapsedCallback            0x08003759   Thumb Code    34  bsp_hal_time.o(i.HAL_TIM_PeriodElapsedCallback)
    HAL_TIM_TriggerCallback                  0x08003789   Thumb Code     2  stm32f1xx_hal_tim.o(i.HAL_TIM_TriggerCallback)
    HAL_UART_DMAStop                         0x0800378b   Thumb Code    88  stm32f1xx_hal_uart.o(i.HAL_UART_DMAStop)
    HAL_UART_ErrorCallback                   0x080037e3   Thumb Code     2  stm32f1xx_hal_uart.o(i.HAL_UART_ErrorCallback)
    HAL_UART_IRQHandler                      0x080037e5   Thumb Code   266  stm32f1xx_hal_uart.o(i.HAL_UART_IRQHandler)
    HAL_UART_Init                            0x080038f5   Thumb Code    98  stm32f1xx_hal_uart.o(i.HAL_UART_Init)
    HAL_UART_MspInit                         0x08003959   Thumb Code   602  usart.o(i.HAL_UART_MspInit)
    HAL_UART_Receive_DMA                     0x08003bd9   Thumb Code   138  stm32f1xx_hal_uart.o(i.HAL_UART_Receive_DMA)
    HAL_UART_Receive_IT                      0x08003c71   Thumb Code    82  stm32f1xx_hal_uart.o(i.HAL_UART_Receive_IT)
    HAL_UART_RxCpltCallback                  0x08003cc5   Thumb Code    36  bsp_hal_uart485.o(i.HAL_UART_RxCpltCallback)
    HAL_UART_RxHalfCpltCallback              0x08003cf1   Thumb Code     2  stm32f1xx_hal_uart.o(i.HAL_UART_RxHalfCpltCallback)
    HAL_UART_Transmit                        0x08003cf3   Thumb Code   186  stm32f1xx_hal_uart.o(i.HAL_UART_Transmit)
    HAL_UART_Transmit_DMA                    0x08003dad   Thumb Code   114  stm32f1xx_hal_uart.o(i.HAL_UART_Transmit_DMA)
    HAL_UART_TxCpltCallback                  0x08003e2d   Thumb Code     2  stm32f1xx_hal_uart.o(i.HAL_UART_TxCpltCallback)
    HAL_UART_TxHalfCpltCallback              0x08003e2f   Thumb Code     2  stm32f1xx_hal_uart.o(i.HAL_UART_TxHalfCpltCallback)
    HardFault_Handler                        0x08003e81   Thumb Code     2  stm32f1xx_it.o(i.HardFault_Handler)
    IN_1                                     0x08003e85   Thumb Code    12  bsp_hal_gpio.o(i.IN_1)
    IN_2                                     0x08003e95   Thumb Code    16  bsp_hal_gpio.o(i.IN_2)
    IN_3                                     0x08003ea9   Thumb Code    16  bsp_hal_gpio.o(i.IN_3)
    IN_4                                     0x08003ebd   Thumb Code    16  bsp_hal_gpio.o(i.IN_4)
    InitialUsedPGs                           0x08003ed1   Thumb Code    48  can_communication_canconfig.o(i.InitialUsedPGs)
    KEY_1                                    0x08004041   Thumb Code    16  bsp_hal_gpio.o(i.KEY_1)
    KEY_2                                    0x08004055   Thumb Code    16  bsp_hal_gpio.o(i.KEY_2)
    KEY_3                                    0x08004069   Thumb Code    16  bsp_hal_gpio.o(i.KEY_3)
    KEY_4                                    0x0800407d   Thumb Code    16  bsp_hal_gpio.o(i.KEY_4)
    KEY_5                                    0x08004091   Thumb Code    16  bsp_hal_gpio.o(i.KEY_5)
    KEY_6                                    0x080040a5   Thumb Code    16  bsp_hal_gpio.o(i.KEY_6)
    KEY_7                                    0x080040b9   Thumb Code    16  bsp_hal_gpio.o(i.KEY_7)
    LCD_Clear                                0x080040cd   Thumb Code    80  bsp_hal_lcd.o(i.LCD_Clear)
    LCD_Display_Dir                          0x0800411d   Thumb Code    16  bsp_hal_lcd.o(i.LCD_Display_Dir)
    LCD_Pow                                  0x08004131   Thumb Code    16  bsp_hal_lcd.o(i.LCD_Pow)
    LCD_SPI_ReadWriteByte                    0x08004195   Thumb Code    18  bsp_hal_lcd.o(i.LCD_SPI_ReadWriteByte)
    LCD_SetWindows                           0x080041ad   Thumb Code    82  bsp_hal_lcd.o(i.LCD_SetWindows)
    LCD_ShowChar_BufMode                     0x08004201   Thumb Code   476  bsp_hal_lcd.o(i.LCD_ShowChar_BufMode)
    LCD_ShowString_BufMode                   0x080043ed   Thumb Code   150  bsp_hal_lcd.o(i.LCD_ShowString_BufMode)
    LCD_ShowxNum                             0x08004489   Thumb Code   160  bsp_hal_lcd.o(i.LCD_ShowxNum)
    LCD_ShowxPMNum                           0x0800452d   Thumb Code   194  bsp_hal_lcd.o(i.LCD_ShowxPMNum)
    LCD_WriteCommand                         0x08004615   Thumb Code    48  bsp_hal_lcd.o(i.LCD_WriteCommand)
    LCD_WriteData                            0x08004649   Thumb Code    48  bsp_hal_lcd.o(i.LCD_WriteData)
    LCD_Write_Data                           0x0800467d   Thumb Code    20  bsp_hal_lcd.o(i.LCD_Write_Data)
    MX_CAN_Init                              0x08004691   Thumb Code    62  can.o(i.MX_CAN_Init)
    MX_DMA_Init                              0x080046d9   Thumb Code   120  dma.o(i.MX_DMA_Init)
    MX_GPIO_Init                             0x08004755   Thumb Code   294  gpio.o(i.MX_GPIO_Init)
    MX_SPI1_Init                             0x0800488d   Thumb Code    62  spi.o(i.MX_SPI1_Init)
    MX_SPI2_Init                             0x080048d5   Thumb Code    60  spi.o(i.MX_SPI2_Init)
    MX_TIM2_Init                             0x08004919   Thumb Code    96  tim.o(i.MX_TIM2_Init)
    MX_TIM3_Init                             0x0800497d   Thumb Code    94  tim.o(i.MX_TIM3_Init)
    MX_USART1_UART_Init                      0x080049e5   Thumb Code    48  usart.o(i.MX_USART1_UART_Init)
    MX_USART2_UART_Init                      0x08004a1d   Thumb Code    48  usart.o(i.MX_USART2_UART_Init)
    MX_USART3_UART_Init                      0x08004a55   Thumb Code    48  usart.o(i.MX_USART3_UART_Init)
    MemManage_Handler                        0x08004a8d   Thumb Code     2  stm32f1xx_it.o(i.MemManage_Handler)
    NMI_Handler                              0x08004a8f   Thumb Code     2  stm32f1xx_it.o(i.NMI_Handler)
    PS2_ClearData                            0x08004a91   Thumb Code    24  bsp_hal_ps2.o(i.PS2_ClearData)
    PS2_ReadData                             0x08004b41   Thumb Code   192  bsp_hal_ps2.o(i.PS2_ReadData)
    PS2_SetInit                              0x08004c09   Thumb Code   396  bsp_hal_ps2.o(i.PS2_SetInit)
    PendSV_Handler                           0x08004de5   Thumb Code     2  stm32f1xx_it.o(i.PendSV_Handler)
    QueueOverflow_Dispose                    0x08004de7   Thumb Code     4  can_communication.o(i.QueueOverflow_Dispose)
    SCIRW                                    0x08004ded   Thumb Code    32  app.o(i.SCIRW)
    SLAVE_DCMotorMiniwatt_CANinit            0x08004e19   Thumb Code    28  slave_dcmotorminiwatt.o(i.SLAVE_DCMotorMiniwatt_CANinit)
    SLAVE_DCMotorMiniwatt_Init               0x08004e39   Thumb Code    60  slave_dcmotorminiwatt.o(i.SLAVE_DCMotorMiniwatt_Init)
    SLAVE_DCMotorMiniwatt_SpeedRead          0x08004f5d   Thumb Code    14  slave_dcmotorminiwatt.o(i.SLAVE_DCMotorMiniwatt_SpeedRead)
    SLAVE_DCMotorMiniwatt_SpeedSet           0x08004f6b   Thumb Code    14  slave_dcmotorminiwatt.o(i.SLAVE_DCMotorMiniwatt_SpeedSet)
    SLAVE_SteeringEngine6CH_CANinit          0x08004f79   Thumb Code    28  slave_steeringengine_6ch.o(i.SLAVE_SteeringEngine6CH_CANinit)
    SLAVE_SteeringEngine6CH_Init             0x08004f99   Thumb Code    48  slave_steeringengine_6ch.o(i.SLAVE_SteeringEngine6CH_Init)
    SLAVE_SteeringEngine6CH_MoreMotorControl 0x08004fcd   Thumb Code   348  slave_steeringengine_6ch.o(i.SLAVE_SteeringEngine6CH_MoreMotorControl)
    SLAVE_SteppingMotor_Control              0x08005263   Thumb Code    54  slave_steppingmotor.o(i.SLAVE_SteppingMotor_Control)
    SLAVE_SteppingMotor_Init                 0x08005299   Thumb Code    48  slave_steppingmotor.o(i.SLAVE_SteppingMotor_Init)
    SLAVE_SteppingMotorg_CANinit             0x080053b1   Thumb Code    28  slave_steppingmotor.o(i.SLAVE_SteppingMotorg_CANinit)
    SLAVE_Tracking_AdcModeEnable             0x080053d1   Thumb Code    20  slave_tracking.o(i.SLAVE_Tracking_AdcModeEnable)
    SLAVE_Tracking_BoolRead                  0x080053e5   Thumb Code     4  slave_tracking.o(i.SLAVE_Tracking_BoolRead)
    SLAVE_Tracking_CANinit                   0x080053e9   Thumb Code    28  slave_tracking.o(i.SLAVE_Tracking_CANinit)
    SLAVE_Tracking_CheckModeEnable           0x08005409   Thumb Code    10  slave_tracking.o(i.SLAVE_Tracking_CheckModeEnable)
    SLAVE_Tracking_Init                      0x08005415   Thumb Code    54  slave_tracking.o(i.SLAVE_Tracking_Init)
    SLAVE_Tracking_ModeRead                  0x08005451   Thumb Code     4  slave_tracking.o(i.SLAVE_Tracking_ModeRead)
    SPI_FLASH_Write_Enable                   0x08005555   Thumb Code    34  bsp_hal_w25qxxflash.o(i.SPI_FLASH_Write_Enable)
    SPI_Flash_Erase_Sector                   0x0800557d   Thumb Code    70  bsp_hal_w25qxxflash.o(i.SPI_Flash_Erase_Sector)
    SPI_Flash_Init                           0x080055c9   Thumb Code    56  bsp_hal_w25qxxflash.o(i.SPI_Flash_Init)
    SPI_Flash_Read                           0x08005605   Thumb Code    84  bsp_hal_w25qxxflash.o(i.SPI_Flash_Read)
    SPI_Flash_ReadID                         0x0800565d   Thumb Code    72  bsp_hal_w25qxxflash.o(i.SPI_Flash_ReadID)
    SPI_Flash_ReadSR                         0x080056a9   Thumb Code    42  bsp_hal_w25qxxflash.o(i.SPI_Flash_ReadSR)
    SPI_Flash_Wait_Busy                      0x080056d9   Thumb Code    14  bsp_hal_w25qxxflash.o(i.SPI_Flash_Wait_Busy)
    SPI_Flash_Write                          0x080056e9   Thumb Code   152  bsp_hal_w25qxxflash.o(i.SPI_Flash_Write)
    SPI_Flash_Write_NoCheck                  0x08005785   Thumb Code    62  bsp_hal_w25qxxflash.o(i.SPI_Flash_Write_NoCheck)
    SPI_Flash_Write_Page                     0x080057c5   Thumb Code    90  bsp_hal_w25qxxflash.o(i.SPI_Flash_Write_Page)
    ST7735_LAIBAO177_INITIAL                 0x080058b9   Thumb Code   512  bsp_hal_lcd.o(i.ST7735_LAIBAO177_INITIAL)
    SVC_Handler                              0x08005abd   Thumb Code     2  stm32f1xx_it.o(i.SVC_Handler)
    SysTick_Handler                          0x08005b51   Thumb Code     4  stm32f1xx_it.o(i.SysTick_Handler)
    SystemClock_Config                       0x08005b55   Thumb Code    78  main.o(i.SystemClock_Config)
    SystemInit                               0x08005ba5   Thumb Code    56  system_stm32f1xx.o(i.SystemInit)
    TIM2_IRQHandler                          0x08005bed   Thumb Code     6  stm32f1xx_it.o(i.TIM2_IRQHandler)
    TIM3_IRQHandler                          0x08005bf9   Thumb Code     6  stm32f1xx_it.o(i.TIM3_IRQHandler)
    TIM_Base_SetConfig                       0x08005c05   Thumb Code    94  stm32f1xx_hal_tim.o(i.TIM_Base_SetConfig)
    TIM_ETR_SetConfig                        0x08005c71   Thumb Code    20  stm32f1xx_hal_tim.o(i.TIM_ETR_SetConfig)
    Tim_GetCurrentTimeAdd_Scan1MS            0x08005cf9   Thumb Code    10  can_communication.o(i.Tim_GetCurrentTimeAdd_Scan1MS)
    Time2BreakExecution_Handler              0x08005d09   Thumb Code    14  app.o(i.Time2BreakExecution_Handler)
    Timer2_SetHandler                        0x08005d4d   Thumb Code    10  bsp_hal_time.o(i.Timer2_SetHandler)
    Timer_SetHandler                         0x08005d61   Thumb Code    10  bsp_hal_time.o(i.Timer_SetHandler)
    UART2_IDLECallBack                       0x08005e0d   Thumb Code    78  bsp_uart2.o(i.UART2_IDLECallBack)
    UART3_IDLECallBack                       0x08005ea1   Thumb Code    78  bsp_hal_uart3dma232andttl.o(i.UART3_IDLECallBack)
    USART1_IRQHandler                        0x08006221   Thumb Code     6  stm32f1xx_it.o(i.USART1_IRQHandler)
    USART2_IRQHandler                        0x0800622d   Thumb Code    18  stm32f1xx_it.o(i.USART2_IRQHandler)
    USART3_IRQHandler                        0x08006245   Thumb Code    18  stm32f1xx_it.o(i.USART3_IRQHandler)
    USB_LP_CAN1_RX0_IRQHandler               0x0800625d   Thumb Code     6  stm32f1xx_it.o(i.USB_LP_CAN1_RX0_IRQHandler)
    UartTime                                 0x08006269   Thumb Code    56  app.o(i.UartTime)
    UsageFault_Handler                       0x080062a9   Thumb Code     2  stm32f1xx_it.o(i.UsageFault_Handler)
    __scatterload_copy                       0x080062ed   Thumb Code    14  handlers.o(i.__scatterload_copy)
    __scatterload_null                       0x080062fb   Thumb Code     2  handlers.o(i.__scatterload_null)
    __scatterload_zeroinit                   0x080062fd   Thumb Code    14  handlers.o(i.__scatterload_zeroinit)
    button_attach                            0x0800630b   Thumb Code     8  separate_button.o(i.button_attach)
    button_init                              0x0800642f   Thumb Code    50  separate_button.o(i.button_init)
    button_start                             0x08006461   Thumb Code    32  separate_button.o(i.button_start)
    button_ticks                             0x08006485   Thumb Code    22  separate_button.o(i.button_ticks)
    main                                     0x080064b3   Thumb Code    54  main.o(i.main)
    xCreate                                  0x080064e9   Thumb Code   192  can_communication.o(i.xCreate)
    AHBPrescTable                            0x080065a8   Data          16  system_stm32f1xx.o(.constdata)
    APBPrescTable                            0x080065b8   Data           8  system_stm32f1xx.o(.constdata)
    asc2_1206                                0x080065c0   Data        1140  bsp_hal_lcd.o(.constdata)
    asc2_1608                                0x08006a34   Data        1552  bsp_hal_lcd.o(.constdata)
    tfont16                                  0x08007044   Data         544  bsp_hal_lcd.o(.constdata)
    DisplayWindow                            0x08007264   Data          36  app.o(.constdata)
    display                                  0x08007288   Data         368  app.o(.constdata)
    Region$$Table$$Base                      0x080073f8   Number         0  anon$$obj.o(Region$$Table)
    Region$$Table$$Limit                     0x08007418   Number         0  anon$$obj.o(Region$$Table)
    uwTickFreq                               0x20000000   Data           1  stm32f1xx_hal.o(.data)
    uwTickPrio                               0x20000004   Data           4  stm32f1xx_hal.o(.data)
    uwTick                                   0x20000008   Data           4  stm32f1xx_hal.o(.data)
    SystemCoreClock                          0x2000000c   Data           4  system_stm32f1xx.o(.data)
    DotSite                                  0x20000010   Data           2  bsp_hal_lcd.o(.data)
    POINT_COLOR                              0x20000012   Data           2  bsp_hal_lcd.o(.data)
    BACK_COLOR                               0x20000014   Data           2  bsp_hal_lcd.o(.data)
    lcddev                                   0x20000016   Data           3  bsp_hal_lcd.o(.data)
    PS2_Data                                 0x20000024   Data           8  bsp_hal_ps2.o(.data)
    USART3_RX_STA                            0x2000002c   Data           2  bsp_hal_uart3dma232andttl.o(.data)
    USART2_RX_STA                            0x20000038   Data           2  bsp_uart2.o(.data)
    RxBuffer                                 0x20000044   Data           1  bsp_hal_uart485.o(.data)
    USART_RX_sj                              0x20000050   Data           1  app.o(.data)
    uart1displayflg                          0x20000051   Data           1  app.o(.data)
    uart2displayflg                          0x20000052   Data           1  app.o(.data)
    uart3displayflg                          0x20000053   Data           1  app.o(.data)
    uartttldisplayflg                        0x20000054   Data           1  app.o(.data)
    lcd_page                                 0x20000055   Data           1  app.o(.data)
    lcd_line                                 0x20000056   Data           1  app.o(.data)
    lcd_linebuff                             0x20000057   Data           1  app.o(.data)
    window_flg                               0x20000058   Data           1  app.o(.data)
    keymark                                  0x20000059   Data           1  app.o(.data)
    WorkMode                                 0x2000005a   Data           1  app.o(.data)
    in_data                                  0x2000005d   Data           1  app.o(.data)
    w25q16_flg                               0x2000005e   Data           1  app.o(.data)
    ttland232flg                             0x2000005f   Data           1  app.o(.data)
    ttland232flgbuff                         0x20000060   Data           1  app.o(.data)
    USART_RX_NUM                             0x20000062   Data           2  app.o(.data)
    speed_v0                                 0x20000064   Data           2  app.o(.data)
    speed_vt                                 0x20000066   Data           2  app.o(.data)
    step_out                                 0x20000068   Data           2  app.o(.data)
    Time_Cnt                                 0x20000078   Data           4  app.o(.data)
    Time_buff                                0x2000007c   Data           4  app.o(.data)
    TrackingState                            0x20000080   Data           4  app.o(.data)
    TrackingValue                            0x20000084   Data           4  app.o(.data)
    LCD_Display_Hand                         0x20000088   Data           4  app.o(.data)
    adcval_head                              0x2000008c   Data           4  app.o(.data)
    SpeedValue                               0x20000096   Data           8  app.o(.data)
    SpeedValuebuff                           0x2000009e   Data           8  app.o(.data)
    ReadSpeedValue                           0x200000a6   Data           8  app.o(.data)
    ReadSpeedValuebuff                       0x200000ae   Data           8  app.o(.data)
    TrackingValuebuff                        0x200000b6   Data           8  app.o(.data)
    testdata                                 0x200000be   Data          12  app.o(.data)
    AngleValue                               0x200000ca   Data          12  app.o(.data)
    AngleValuebuff                           0x200000d6   Data          12  app.o(.data)
    AngleTimeValue                           0x200000e2   Data          12  app.o(.data)
    canrxtxerr                               0x200000ee   Data           1  can_communication.o(.data)
    hcan                                     0x20000104   Data          40  can.o(.bss)
    hspi1                                    0x2000012c   Data          88  spi.o(.bss)
    hspi2                                    0x20000184   Data          88  spi.o(.bss)
    htim2                                    0x200001dc   Data          64  tim.o(.bss)
    htim3                                    0x2000021c   Data          64  tim.o(.bss)
    huart1                                   0x2000025c   Data          64  usart.o(.bss)
    huart2                                   0x2000029c   Data          64  usart.o(.bss)
    huart3                                   0x200002dc   Data          64  usart.o(.bss)
    hdma_usart1_rx                           0x2000031c   Data          68  usart.o(.bss)
    hdma_usart1_tx                           0x20000360   Data          68  usart.o(.bss)
    hdma_usart2_rx                           0x200003a4   Data          68  usart.o(.bss)
    hdma_usart2_tx                           0x200003e8   Data          68  usart.o(.bss)
    hdma_usart3_rx                           0x2000042c   Data          68  usart.o(.bss)
    hdma_usart3_tx                           0x20000470   Data          68  usart.o(.bss)
    lcd_buf1                                 0x200004b4   Data         512  bsp_hal_lcd.o(.bss)
    CanRxQueueStruct                         0x200006b4   Data         324  bsp_hal_can.o(.bss)
    SPI_FLASH_BUF                            0x200007f8   Data        4096  bsp_hal_w25qxxflash.o(.bss)
    datatemp                                 0x200017f8   Data          12  app.o(.bss)
    USART_RX_BUF                             0x20001804   Data         200  app.o(.bss)
    USART2_RX_BUF                            0x200018cc   Data          20  app.o(.bss)
    USART3_RX_BUF                            0x200018e0   Data          20  app.o(.bss)
    SteppingMotor_S                          0x20001a60   Data          20  app.o(.bss)
    DCMotorMiniwatt1_S                       0x20001a74   Data          24  app.o(.bss)
    DCMotorMiniwatt2_S                       0x20001a8c   Data          24  app.o(.bss)
    DCMotorMiniwatt3_S                       0x20001aa4   Data          24  app.o(.bss)
    DCMotorMiniwatt4_S                       0x20001abc   Data          24  app.o(.bss)
    Tracking_Device1                         0x20001ad4   Data          20  app.o(.bss)
    Tracking_Device2                         0x20001ae8   Data          20  app.o(.bss)
    Tracking_Device3                         0x20001afc   Data          20  app.o(.bss)
    Tracking_Device4                         0x20001b10   Data          20  app.o(.bss)
    Servo_Device                             0x20001b24   Data          40  app.o(.bss)
    TxPGArray                                0x20001b4c   Data         960  can_communication_canconfig.o(.bss)
    __initial_sp                             0x20002310   Data           0  startup_stm32f103xb.o(STACK)



==============================================================================

Memory Map of the image

  Image Entry point : 0x080000ed

  Load Region LR_IROM1 (Base: 0x08000000, Size: 0x0000751c, Max: 0x00010000, ABSOLUTE)

    Execution Region ER_IROM1 (Exec base: 0x08000000, Load base: 0x08000000, Size: 0x00007418, Max: 0x00010000, ABSOLUTE)

    Exec Addr    Load Addr    Size         Type   Attr      Idx    E Section Name        Object

    0x08000000   0x08000000   0x000000ec   Data   RO            3    RESET               startup_stm32f103xb.o
    0x080000ec   0x080000ec   0x00000000   Code   RO         5141  * .ARM.Collect$$$$00000000  mc_w.l(entry.o)
    0x080000ec   0x080000ec   0x00000004   Code   RO         5455    .ARM.Collect$$$$00000001  mc_w.l(entry2.o)
    0x080000f0   0x080000f0   0x00000004   Code   RO         5458    .ARM.Collect$$$$00000004  mc_w.l(entry5.o)
    0x080000f4   0x080000f4   0x00000000   Code   RO         5460    .ARM.Collect$$$$00000008  mc_w.l(entry7b.o)
    0x080000f4   0x080000f4   0x00000000   Code   RO         5462    .ARM.Collect$$$$0000000A  mc_w.l(entry8b.o)
    0x080000f4   0x080000f4   0x00000008   Code   RO         5463    .ARM.Collect$$$$0000000B  mc_w.l(entry9a.o)
    0x080000fc   0x080000fc   0x00000000   Code   RO         5465    .ARM.Collect$$$$0000000D  mc_w.l(entry10a.o)
    0x080000fc   0x080000fc   0x00000000   Code   RO         5467    .ARM.Collect$$$$0000000F  mc_w.l(entry11a.o)
    0x080000fc   0x080000fc   0x00000004   Code   RO         5456    .ARM.Collect$$$$00002712  mc_w.l(entry2.o)
    0x08000100   0x08000100   0x00000024   Code   RO            4    .text               startup_stm32f103xb.o
    0x08000124   0x08000124   0x00000024   Code   RO         5146    .text               mc_w.l(memcpya.o)
    0x08000148   0x08000148   0x00000024   Code   RO         5148    .text               mc_w.l(memseta.o)
    0x0800016c   0x0800016c   0x00000024   Code   RO         5500    .text               mc_w.l(init.o)
    0x08000190   0x08000190   0x000002c4   Code   RO         4269    i.ApplicationProgram_Iint  app.o
    0x08000454   0x08000454   0x000000a8   Code   RO         4270    i.ApplicationProgram_main  app.o
    0x080004fc   0x080004fc   0x00000004   Code   RO         3812    i.Bsp_Cancom_ConfigurationInit  bsp_hal_can.o
    0x08000500   0x08000500   0x00000004   Code   RO         3813    i.Bsp_Cancom_FilterInit  bsp_hal_can.o
    0x08000504   0x08000504   0x0000000c   Code   RO         3814    i.Bsp_Cancom_ReadERR  bsp_hal_can.o
    0x08000510   0x08000510   0x00000028   Code   RO         4014    i.Bsp_UART2_SetHandler  bsp_uart2.o
    0x08000538   0x08000538   0x00000010   Code   RO         4015    i.Bsp_UART2_Transmit  bsp_uart2.o
    0x08000548   0x08000548   0x00000028   Code   RO         3966    i.Bsp_UART3_SetHandler  bsp_hal_uart3dma232andttl.o
    0x08000570   0x08000570   0x00000010   Code   RO         3967    i.Bsp_UART3_Transmit  bsp_hal_uart3dma232andttl.o
    0x08000580   0x08000580   0x00000014   Code   RO         4172    i.Bsp_UART485_SetHandler  bsp_hal_uart485.o
    0x08000594   0x08000594   0x00000038   Code   RO         4173    i.Bsp_UART485_Transmit  bsp_hal_uart485.o
    0x080005cc   0x080005cc   0x000000b8   Code   RO         3968    i.Bsp_USART3_MODE_Init  bsp_hal_uart3dma232andttl.o
    0x08000684   0x08000684   0x00000002   Code   RO          432    i.BusFault_Handler  stm32f1xx_it.o
    0x08000686   0x08000686   0x00000002   PAD
    0x08000688   0x08000688   0x000000c0   Code   RO         4520    i.CANCommunication_InformationParsing  can_communication.o
    0x08000748   0x08000748   0x0000001c   Code   RO         4521    i.CANCommunication_Init  can_communication.o
    0x08000764   0x08000764   0x000001b0   Code   RO         4522    i.CANCommunication_Scan  can_communication.o
    0x08000914   0x08000914   0x00000030   Code   RO         3815    i.CANSend           bsp_hal_can.o
    0x08000944   0x08000944   0x00000034   Code   RO         3816    i.CAN_OutQueue      bsp_hal_can.o
    0x08000978   0x08000978   0x00000024   Code   RO         4523    i.CAN_TT_ASYNC_Enable  can_communication.o
    0x0800099c   0x0800099c   0x00000078   Code   RO         4271    i.DCMotor_Ctrl_Scan  app.o
    0x08000a14   0x08000a14   0x00000052   Code   RO         3566    i.DISPLAY_RGB       bsp_hal_lcd.o
    0x08000a66   0x08000a66   0x00000048   Code   RO         3567    i.DISP_WINDOWS      bsp_hal_lcd.o
    0x08000aae   0x08000aae   0x00000002   PAD
    0x08000ab0   0x08000ab0   0x0000000c   Code   RO          433    i.DMA1_Channel2_IRQHandler  stm32f1xx_it.o
    0x08000abc   0x08000abc   0x0000000c   Code   RO          434    i.DMA1_Channel3_IRQHandler  stm32f1xx_it.o
    0x08000ac8   0x08000ac8   0x0000000c   Code   RO          435    i.DMA1_Channel4_IRQHandler  stm32f1xx_it.o
    0x08000ad4   0x08000ad4   0x0000000c   Code   RO          436    i.DMA1_Channel5_IRQHandler  stm32f1xx_it.o
    0x08000ae0   0x08000ae0   0x0000000c   Code   RO          437    i.DMA1_Channel6_IRQHandler  stm32f1xx_it.o
    0x08000aec   0x08000aec   0x0000000c   Code   RO          438    i.DMA1_Channel7_IRQHandler  stm32f1xx_it.o
    0x08000af8   0x08000af8   0x0000002a   Code   RO         1252    i.DMA_SetConfig     stm32f1xx_hal_dma.o
    0x08000b22   0x08000b22   0x00000002   Code   RO          439    i.DebugMon_Handler  stm32f1xx_it.o
    0x08000b24   0x08000b24   0x00000194   Code   RO         4272    i.Display_ChangeData  app.o
    0x08000cb8   0x08000cb8   0x0000007c   Code   RO         4273    i.Display_ENTER     app.o
    0x08000d34   0x08000d34   0x00000060   Code   RO         4274    i.Display_NewLine   app.o
    0x08000d94   0x08000d94   0x0000003c   Code   RO         4275    i.Display_TurnPage  app.o
    0x08000dd0   0x08000dd0   0x00000090   Code   RO         4276    i.Display_Window_Clear  app.o
    0x08000e60   0x08000e60   0x00000110   Code   RO         4277    i.Display_Window_DCBrushMotor  app.o
    0x08000f70   0x08000f70   0x00000460   Code   RO         4278    i.Display_Window_PS2  app.o
    0x080013d0   0x080013d0   0x00000034   Code   RO         4279    i.Display_Window_Sensor  app.o
    0x08001404   0x08001404   0x000000a0   Code   RO         4280    i.Display_Window_Servo  app.o
    0x080014a4   0x080014a4   0x00000134   Code   RO         4281    i.Display_Window_StepMotor  app.o
    0x080015d8   0x080015d8   0x00000230   Code   RO         4282    i.Display_Window_Test  app.o
    0x08001808   0x08001808   0x00000290   Code   RO         4283    i.Display_Window_TrackingSensor  app.o
    0x08001a98   0x08001a98   0x00000100   Code   RO         4284    i.Display_Window_TrackingSensorBool  app.o
    0x08001b98   0x08001b98   0x00000002   Code   RO           13    i.Error_Handler     main.o
    0x08001b9a   0x08001b9a   0x00000002   PAD
    0x08001b9c   0x08001b9c   0x000000f0   Code   RO         3570    i.GUI_DrawFont16_BufMode  bsp_hal_lcd.o
    0x08001c8c   0x08001c8c   0x00000002   Code   RO         4613    i.GetReferenceFromDevice  can_communication_canconfig.o
    0x08001c8e   0x08001c8e   0x00000002   Code   RO         4614    i.GetReferenceToDevice  can_communication_canconfig.o
    0x08001c90   0x08001c90   0x00000012   Code   RO         3571    i.Gui_StrCenter     bsp_hal_lcd.o
    0x08001ca2   0x08001ca2   0x00000024   Code   RO          641    i.HAL_CAN_ActivateNotification  stm32f1xx_hal_can.o
    0x08001cc6   0x08001cc6   0x000000c8   Code   RO          642    i.HAL_CAN_AddTxMessage  stm32f1xx_hal_can.o
    0x08001d8e   0x08001d8e   0x00000002   PAD
    0x08001d90   0x08001d90   0x000000ee   Code   RO          643    i.HAL_CAN_ConfigFilter  stm32f1xx_hal_can.o
    0x08001e7e   0x08001e7e   0x00000002   Code   RO          646    i.HAL_CAN_ErrorCallback  stm32f1xx_hal_can.o
    0x08001e80   0x08001e80   0x000000e8   Code   RO          649    i.HAL_CAN_GetRxMessage  stm32f1xx_hal_can.o
    0x08001f68   0x08001f68   0x000001fc   Code   RO          653    i.HAL_CAN_IRQHandler  stm32f1xx_hal_can.o
    0x08002164   0x08002164   0x0000011a   Code   RO          654    i.HAL_CAN_Init      stm32f1xx_hal_can.o
    0x0800227e   0x0800227e   0x00000002   PAD
    0x08002280   0x08002280   0x00000094   Code   RO          190    i.HAL_CAN_MspInit   can.o
    0x08002314   0x08002314   0x00000002   Code   RO          661    i.HAL_CAN_RxFifo0FullCallback  stm32f1xx_hal_can.o
    0x08002316   0x08002316   0x00000002   PAD
    0x08002318   0x08002318   0x0000009c   Code   RO         3817    i.HAL_CAN_RxFifo0MsgPendingCallback  bsp_hal_can.o
    0x080023b4   0x080023b4   0x00000002   Code   RO          663    i.HAL_CAN_RxFifo1FullCallback  stm32f1xx_hal_can.o
    0x080023b6   0x080023b6   0x00000002   Code   RO          664    i.HAL_CAN_RxFifo1MsgPendingCallback  stm32f1xx_hal_can.o
    0x080023b8   0x080023b8   0x00000002   Code   RO          665    i.HAL_CAN_SleepCallback  stm32f1xx_hal_can.o
    0x080023ba   0x080023ba   0x00000002   PAD
    0x080023bc   0x080023bc   0x00000058   Code   RO          666    i.HAL_CAN_Start     stm32f1xx_hal_can.o
    0x08002414   0x08002414   0x00000002   Code   RO          668    i.HAL_CAN_TxMailbox0AbortCallback  stm32f1xx_hal_can.o
    0x08002416   0x08002416   0x00000002   Code   RO          669    i.HAL_CAN_TxMailbox0CompleteCallback  stm32f1xx_hal_can.o
    0x08002418   0x08002418   0x00000002   Code   RO          670    i.HAL_CAN_TxMailbox1AbortCallback  stm32f1xx_hal_can.o
    0x0800241a   0x0800241a   0x00000002   Code   RO          671    i.HAL_CAN_TxMailbox1CompleteCallback  stm32f1xx_hal_can.o
    0x0800241c   0x0800241c   0x00000002   Code   RO          672    i.HAL_CAN_TxMailbox2AbortCallback  stm32f1xx_hal_can.o
    0x0800241e   0x0800241e   0x00000002   Code   RO          673    i.HAL_CAN_TxMailbox2CompleteCallback  stm32f1xx_hal_can.o
    0x08002420   0x08002420   0x00000002   Code   RO          675    i.HAL_CAN_WakeUpFromRxMsgCallback  stm32f1xx_hal_can.o
    0x08002422   0x08002422   0x00000046   Code   RO         1253    i.HAL_DMA_Abort     stm32f1xx_hal_dma.o
    0x08002468   0x08002468   0x00000098   Code   RO         1254    i.HAL_DMA_Abort_IT  stm32f1xx_hal_dma.o
    0x08002500   0x08002500   0x00000154   Code   RO         1258    i.HAL_DMA_IRQHandler  stm32f1xx_hal_dma.o
    0x08002654   0x08002654   0x0000005c   Code   RO         1259    i.HAL_DMA_Init      stm32f1xx_hal_dma.o
    0x080026b0   0x080026b0   0x00000070   Code   RO         1263    i.HAL_DMA_Start_IT  stm32f1xx_hal_dma.o
    0x08002720   0x08002720   0x00000024   Code   RO          881    i.HAL_Delay         stm32f1xx_hal.o
    0x08002744   0x08002744   0x000001e0   Code   RO         1189    i.HAL_GPIO_Init     stm32f1xx_hal_gpio.o
    0x08002924   0x08002924   0x0000000a   Code   RO         1191    i.HAL_GPIO_ReadPin  stm32f1xx_hal_gpio.o
    0x0800292e   0x0800292e   0x0000000e   Code   RO         1192    i.HAL_GPIO_TogglePin  stm32f1xx_hal_gpio.o
    0x0800293c   0x0800293c   0x0000000a   Code   RO         1193    i.HAL_GPIO_WritePin  stm32f1xx_hal_gpio.o
    0x08002946   0x08002946   0x00000002   PAD
    0x08002948   0x08002948   0x0000000c   Code   RO          885    i.HAL_GetTick       stm32f1xx_hal.o
    0x08002954   0x08002954   0x00000010   Code   RO          891    i.HAL_IncTick       stm32f1xx_hal.o
    0x08002964   0x08002964   0x00000024   Code   RO          892    i.HAL_Init          stm32f1xx_hal.o
    0x08002988   0x08002988   0x00000040   Code   RO          893    i.HAL_InitTick      stm32f1xx_hal.o
    0x080029c8   0x080029c8   0x0000003c   Code   RO          580    i.HAL_MspInit       stm32f1xx_hal_msp.o
    0x08002a04   0x08002a04   0x0000001a   Code   RO         1349    i.HAL_NVIC_EnableIRQ  stm32f1xx_hal_cortex.o
    0x08002a1e   0x08002a1e   0x00000002   PAD
    0x08002a20   0x08002a20   0x00000040   Code   RO         1355    i.HAL_NVIC_SetPriority  stm32f1xx_hal_cortex.o
    0x08002a60   0x08002a60   0x00000024   Code   RO         1356    i.HAL_NVIC_SetPriorityGrouping  stm32f1xx_hal_cortex.o
    0x08002a84   0x08002a84   0x0000012c   Code   RO         1049    i.HAL_RCC_ClockConfig  stm32f1xx_hal_rcc.o
    0x08002bb0   0x08002bb0   0x00000020   Code   RO         1056    i.HAL_RCC_GetPCLK1Freq  stm32f1xx_hal_rcc.o
    0x08002bd0   0x08002bd0   0x00000020   Code   RO         1057    i.HAL_RCC_GetPCLK2Freq  stm32f1xx_hal_rcc.o
    0x08002bf0   0x08002bf0   0x0000006c   Code   RO         1058    i.HAL_RCC_GetSysClockFreq  stm32f1xx_hal_rcc.o
    0x08002c5c   0x08002c5c   0x00000320   Code   RO         1061    i.HAL_RCC_OscConfig  stm32f1xx_hal_rcc.o
    0x08002f7c   0x08002f7c   0x0000007c   Code   RO         1860    i.HAL_SPI_Init      stm32f1xx_hal_spi.o
    0x08002ff8   0x08002ff8   0x000000b8   Code   RO          256    i.HAL_SPI_MspInit   spi.o
    0x080030b0   0x080030b0   0x0000015c   Code   RO         1868    i.HAL_SPI_Transmit  stm32f1xx_hal_spi.o
    0x0800320c   0x0800320c   0x000001e2   Code   RO         1869    i.HAL_SPI_TransmitReceive  stm32f1xx_hal_spi.o
    0x080033ee   0x080033ee   0x00000028   Code   RO         1360    i.HAL_SYSTICK_Config  stm32f1xx_hal_cortex.o
    0x08003416   0x08003416   0x00000002   Code   RO         2848    i.HAL_TIMEx_BreakCallback  stm32f1xx_hal_tim_ex.o
    0x08003418   0x08003418   0x00000002   Code   RO         2849    i.HAL_TIMEx_CommutCallback  stm32f1xx_hal_tim_ex.o
    0x0800341a   0x0800341a   0x00000042   Code   RO         2866    i.HAL_TIMEx_MasterConfigSynchronization  stm32f1xx_hal_tim_ex.o
    0x0800345c   0x0800345c   0x00000036   Code   RO         2173    i.HAL_TIM_Base_Init  stm32f1xx_hal_tim.o
    0x08003492   0x08003492   0x00000002   PAD
    0x08003494   0x08003494   0x00000060   Code   RO          331    i.HAL_TIM_Base_MspInit  tim.o
    0x080034f4   0x080034f4   0x00000022   Code   RO         2178    i.HAL_TIM_Base_Start_IT  stm32f1xx_hal_tim.o
    0x08003516   0x08003516   0x000000d6   Code   RO         2182    i.HAL_TIM_ConfigClockSource  stm32f1xx_hal_tim.o
    0x080035ec   0x080035ec   0x00000002   Code   RO         2202    i.HAL_TIM_IC_CaptureCallback  stm32f1xx_hal_tim.o
    0x080035ee   0x080035ee   0x00000166   Code   RO         2216    i.HAL_TIM_IRQHandler  stm32f1xx_hal_tim.o
    0x08003754   0x08003754   0x00000002   Code   RO         2219    i.HAL_TIM_OC_DelayElapsedCallback  stm32f1xx_hal_tim.o
    0x08003756   0x08003756   0x00000002   Code   RO         2246    i.HAL_TIM_PWM_PulseFinishedCallback  stm32f1xx_hal_tim.o
    0x08003758   0x08003758   0x00000030   Code   RO         3771    i.HAL_TIM_PeriodElapsedCallback  bsp_hal_time.o
    0x08003788   0x08003788   0x00000002   Code   RO         2259    i.HAL_TIM_TriggerCallback  stm32f1xx_hal_tim.o
    0x0800378a   0x0800378a   0x00000058   Code   RO         3118    i.HAL_UART_DMAStop  stm32f1xx_hal_uart.o
    0x080037e2   0x080037e2   0x00000002   Code   RO         3120    i.HAL_UART_ErrorCallback  stm32f1xx_hal_uart.o
    0x080037e4   0x080037e4   0x00000110   Code   RO         3123    i.HAL_UART_IRQHandler  stm32f1xx_hal_uart.o
    0x080038f4   0x080038f4   0x00000062   Code   RO         3124    i.HAL_UART_Init     stm32f1xx_hal_uart.o
    0x08003956   0x08003956   0x00000002   PAD
    0x08003958   0x08003958   0x00000280   Code   RO          379    i.HAL_UART_MspInit  usart.o
    0x08003bd8   0x08003bd8   0x00000098   Code   RO         3128    i.HAL_UART_Receive_DMA  stm32f1xx_hal_uart.o
    0x08003c70   0x08003c70   0x00000052   Code   RO         3129    i.HAL_UART_Receive_IT  stm32f1xx_hal_uart.o
    0x08003cc2   0x08003cc2   0x00000002   PAD
    0x08003cc4   0x08003cc4   0x0000002c   Code   RO         4174    i.HAL_UART_RxCpltCallback  bsp_hal_uart485.o
    0x08003cf0   0x08003cf0   0x00000002   Code   RO         3131    i.HAL_UART_RxHalfCpltCallback  stm32f1xx_hal_uart.o
    0x08003cf2   0x08003cf2   0x000000ba   Code   RO         3132    i.HAL_UART_Transmit  stm32f1xx_hal_uart.o
    0x08003dac   0x08003dac   0x00000080   Code   RO         3133    i.HAL_UART_Transmit_DMA  stm32f1xx_hal_uart.o
    0x08003e2c   0x08003e2c   0x00000002   Code   RO         3135    i.HAL_UART_TxCpltCallback  stm32f1xx_hal_uart.o
    0x08003e2e   0x08003e2e   0x00000002   Code   RO         3136    i.HAL_UART_TxHalfCpltCallback  stm32f1xx_hal_uart.o
    0x08003e30   0x08003e30   0x00000050   Code   RO         3818    i.HAL_USER_CANFilterConfig  bsp_hal_can.o
    0x08003e80   0x08003e80   0x00000002   Code   RO          440    i.HardFault_Handler  stm32f1xx_it.o
    0x08003e82   0x08003e82   0x00000002   PAD
    0x08003e84   0x08003e84   0x00000010   Code   RO         3463    i.IN_1              bsp_hal_gpio.o
    0x08003e94   0x08003e94   0x00000014   Code   RO         3464    i.IN_2              bsp_hal_gpio.o
    0x08003ea8   0x08003ea8   0x00000014   Code   RO         3465    i.IN_3              bsp_hal_gpio.o
    0x08003ebc   0x08003ebc   0x00000014   Code   RO         3466    i.IN_4              bsp_hal_gpio.o
    0x08003ed0   0x08003ed0   0x00000034   Code   RO         4615    i.InitialUsedPGs    can_communication_canconfig.o
    0x08003f04   0x08003f04   0x00000034   Code   RO         4285    i.KEY1_Handler      app.o
    0x08003f38   0x08003f38   0x00000018   Code   RO         4286    i.KEY2_Handler      app.o
    0x08003f50   0x08003f50   0x0000001c   Code   RO         4287    i.KEY3_Handler      app.o
    0x08003f6c   0x08003f6c   0x00000060   Code   RO         4288    i.KEY4_Handler      app.o
    0x08003fcc   0x08003fcc   0x00000044   Code   RO         4289    i.KEY5_Handler      app.o
    0x08004010   0x08004010   0x00000018   Code   RO         4290    i.KEY6_Handler      app.o
    0x08004028   0x08004028   0x00000018   Code   RO         4291    i.KEY7_Handler      app.o
    0x08004040   0x08004040   0x00000014   Code   RO         3467    i.KEY_1             bsp_hal_gpio.o
    0x08004054   0x08004054   0x00000014   Code   RO         3468    i.KEY_2             bsp_hal_gpio.o
    0x08004068   0x08004068   0x00000014   Code   RO         3469    i.KEY_3             bsp_hal_gpio.o
    0x0800407c   0x0800407c   0x00000014   Code   RO         3470    i.KEY_4             bsp_hal_gpio.o
    0x08004090   0x08004090   0x00000014   Code   RO         3471    i.KEY_5             bsp_hal_gpio.o
    0x080040a4   0x080040a4   0x00000014   Code   RO         3472    i.KEY_6             bsp_hal_gpio.o
    0x080040b8   0x080040b8   0x00000014   Code   RO         3473    i.KEY_7             bsp_hal_gpio.o
    0x080040cc   0x080040cc   0x00000050   Code   RO         3572    i.LCD_Clear         bsp_hal_lcd.o
    0x0800411c   0x0800411c   0x00000014   Code   RO         3573    i.LCD_Display_Dir   bsp_hal_lcd.o
    0x08004130   0x08004130   0x00000010   Code   RO         3579    i.LCD_Pow           bsp_hal_lcd.o
    0x08004140   0x08004140   0x00000054   Code   RO         3580    i.LCD_SPI_ReadWriteBuf  bsp_hal_lcd.o
    0x08004194   0x08004194   0x00000018   Code   RO         3581    i.LCD_SPI_ReadWriteByte  bsp_hal_lcd.o
    0x080041ac   0x080041ac   0x00000052   Code   RO         3582    i.LCD_SetWindows    bsp_hal_lcd.o
    0x080041fe   0x080041fe   0x00000002   PAD
    0x08004200   0x08004200   0x000001ec   Code   RO         3584    i.LCD_ShowChar_BufMode  bsp_hal_lcd.o
    0x080043ec   0x080043ec   0x0000009c   Code   RO         3587    i.LCD_ShowString_BufMode  bsp_hal_lcd.o
    0x08004488   0x08004488   0x000000a4   Code   RO         3588    i.LCD_ShowxNum      bsp_hal_lcd.o
    0x0800452c   0x0800452c   0x000000c8   Code   RO         3589    i.LCD_ShowxPMNum    bsp_hal_lcd.o
    0x080045f4   0x080045f4   0x00000020   Code   RO         3590    i.LCD_WR_DATA       bsp_hal_lcd.o
    0x08004614   0x08004614   0x00000034   Code   RO         3591    i.LCD_WriteCommand  bsp_hal_lcd.o
    0x08004648   0x08004648   0x00000034   Code   RO         3592    i.LCD_WriteData     bsp_hal_lcd.o
    0x0800467c   0x0800467c   0x00000014   Code   RO         3593    i.LCD_Write_Data    bsp_hal_lcd.o
    0x08004690   0x08004690   0x00000048   Code   RO          191    i.MX_CAN_Init       can.o
    0x080046d8   0x080046d8   0x0000007c   Code   RO          231    i.MX_DMA_Init       dma.o
    0x08004754   0x08004754   0x00000138   Code   RO          165    i.MX_GPIO_Init      gpio.o
    0x0800488c   0x0800488c   0x00000048   Code   RO          257    i.MX_SPI1_Init      spi.o
    0x080048d4   0x080048d4   0x00000044   Code   RO          258    i.MX_SPI2_Init      spi.o
    0x08004918   0x08004918   0x00000064   Code   RO          332    i.MX_TIM2_Init      tim.o
    0x0800497c   0x0800497c   0x00000068   Code   RO          333    i.MX_TIM3_Init      tim.o
    0x080049e4   0x080049e4   0x00000038   Code   RO          380    i.MX_USART1_UART_Init  usart.o
    0x08004a1c   0x08004a1c   0x00000038   Code   RO          381    i.MX_USART2_UART_Init  usart.o
    0x08004a54   0x08004a54   0x00000038   Code   RO          382    i.MX_USART3_UART_Init  usart.o
    0x08004a8c   0x08004a8c   0x00000002   Code   RO          441    i.MemManage_Handler  stm32f1xx_it.o
    0x08004a8e   0x08004a8e   0x00000002   Code   RO          442    i.NMI_Handler       stm32f1xx_it.o
    0x08004a90   0x08004a90   0x0000001c   Code   RO         3884    i.PS2_ClearData     bsp_hal_ps2.o
    0x08004aac   0x08004aac   0x00000094   Code   RO         3885    i.PS2_Cmd           bsp_hal_ps2.o
    0x08004b40   0x08004b40   0x000000c8   Code   RO         3887    i.PS2_ReadData      bsp_hal_ps2.o
    0x08004c08   0x08004c08   0x00000190   Code   RO         3889    i.PS2_SetInit       bsp_hal_ps2.o
    0x08004d98   0x08004d98   0x0000004c   Code   RO         3890    i.PS2_ShortPoll     bsp_hal_ps2.o
    0x08004de4   0x08004de4   0x00000002   Code   RO          443    i.PendSV_Handler    stm32f1xx_it.o
    0x08004de6   0x08004de6   0x00000004   Code   RO         4527    i.QueueOverflow_Dispose  can_communication.o
    0x08004dea   0x08004dea   0x00000002   PAD
    0x08004dec   0x08004dec   0x0000002c   Code   RO         4292    i.SCIRW             app.o
    0x08004e18   0x08004e18   0x00000020   Code   RO         4658    i.SLAVE_DCMotorMiniwatt_CANinit  slave_dcmotorminiwatt.o
    0x08004e38   0x08004e38   0x00000040   Code   RO         4659    i.SLAVE_DCMotorMiniwatt_Init  slave_dcmotorminiwatt.o
    0x08004e78   0x08004e78   0x000000e4   Code   RO         4663    i.SLAVE_DCMotorMiniwatt_ProtocolDefinitions  slave_dcmotorminiwatt.o
    0x08004f5c   0x08004f5c   0x0000000e   Code   RO         4664    i.SLAVE_DCMotorMiniwatt_SpeedRead  slave_dcmotorminiwatt.o
    0x08004f6a   0x08004f6a   0x0000000e   Code   RO         4665    i.SLAVE_DCMotorMiniwatt_SpeedSet  slave_dcmotorminiwatt.o
    0x08004f78   0x08004f78   0x00000020   Code   RO         4816    i.SLAVE_SteeringEngine6CH_CANinit  slave_steeringengine_6ch.o
    0x08004f98   0x08004f98   0x00000034   Code   RO         4819    i.SLAVE_SteeringEngine6CH_Init  slave_steeringengine_6ch.o
    0x08004fcc   0x08004fcc   0x0000015c   Code   RO         4820    i.SLAVE_SteeringEngine6CH_MoreMotorControl  slave_steeringengine_6ch.o
    0x08005128   0x08005128   0x0000013a   Code   RO         4824    i.SLAVE_SteeringEngine_6CH_ProtocolDefinitions  slave_steeringengine_6ch.o
    0x08005262   0x08005262   0x00000036   Code   RO         4892    i.SLAVE_SteppingMotor_Control  slave_steppingmotor.o
    0x08005298   0x08005298   0x00000034   Code   RO         4893    i.SLAVE_SteppingMotor_Init  slave_steppingmotor.o
    0x080052cc   0x080052cc   0x000000e2   Code   RO         4895    i.SLAVE_SteppingMotor_ProtocolDefinitions  slave_steppingmotor.o
    0x080053ae   0x080053ae   0x00000002   PAD
    0x080053b0   0x080053b0   0x00000020   Code   RO         4898    i.SLAVE_SteppingMotorg_CANinit  slave_steppingmotor.o
    0x080053d0   0x080053d0   0x00000014   Code   RO         4738    i.SLAVE_Tracking_AdcModeEnable  slave_tracking.o
    0x080053e4   0x080053e4   0x00000004   Code   RO         4739    i.SLAVE_Tracking_BoolRead  slave_tracking.o
    0x080053e8   0x080053e8   0x00000020   Code   RO         4740    i.SLAVE_Tracking_CANinit  slave_tracking.o
    0x08005408   0x08005408   0x0000000a   Code   RO         4741    i.SLAVE_Tracking_CheckModeEnable  slave_tracking.o
    0x08005412   0x08005412   0x00000002   PAD
    0x08005414   0x08005414   0x0000003c   Code   RO         4742    i.SLAVE_Tracking_Init  slave_tracking.o
    0x08005450   0x08005450   0x00000004   Code   RO         4743    i.SLAVE_Tracking_ModeRead  slave_tracking.o
    0x08005454   0x08005454   0x000000e0   Code   RO         4745    i.SLAVE_Tracking_ProtocolDefinitions  slave_tracking.o
    0x08005534   0x08005534   0x00000020   Code   RO         1898    i.SPI_EndRxTxTransaction  stm32f1xx_hal_spi.o
    0x08005554   0x08005554   0x00000028   Code   RO         4057    i.SPI_FLASH_Write_Enable  bsp_hal_w25qxxflash.o
    0x0800557c   0x0800557c   0x0000004c   Code   RO         4060    i.SPI_Flash_Erase_Sector  bsp_hal_w25qxxflash.o
    0x080055c8   0x080055c8   0x0000003c   Code   RO         4061    i.SPI_Flash_Init    bsp_hal_w25qxxflash.o
    0x08005604   0x08005604   0x00000058   Code   RO         4063    i.SPI_Flash_Read    bsp_hal_w25qxxflash.o
    0x0800565c   0x0800565c   0x0000004c   Code   RO         4064    i.SPI_Flash_ReadID  bsp_hal_w25qxxflash.o
    0x080056a8   0x080056a8   0x00000030   Code   RO         4065    i.SPI_Flash_ReadSR  bsp_hal_w25qxxflash.o
    0x080056d8   0x080056d8   0x0000000e   Code   RO         4067    i.SPI_Flash_Wait_Busy  bsp_hal_w25qxxflash.o
    0x080056e6   0x080056e6   0x00000002   PAD
    0x080056e8   0x080056e8   0x0000009c   Code   RO         4068    i.SPI_Flash_Write   bsp_hal_w25qxxflash.o
    0x08005784   0x08005784   0x0000003e   Code   RO         4069    i.SPI_Flash_Write_NoCheck  bsp_hal_w25qxxflash.o
    0x080057c2   0x080057c2   0x00000002   PAD
    0x080057c4   0x080057c4   0x00000060   Code   RO         4070    i.SPI_Flash_Write_Page  bsp_hal_w25qxxflash.o
    0x08005824   0x08005824   0x00000094   Code   RO         1903    i.SPI_WaitFlagStateUntilTimeout  stm32f1xx_hal_spi.o
    0x080058b8   0x080058b8   0x00000204   Code   RO         3594    i.ST7735_LAIBAO177_INITIAL  bsp_hal_lcd.o
    0x08005abc   0x08005abc   0x00000002   Code   RO          444    i.SVC_Handler       stm32f1xx_it.o
    0x08005abe   0x08005abe   0x00000048   Code   RO         4528    i.SendUsedPG        can_communication.o
    0x08005b06   0x08005b06   0x00000002   PAD
    0x08005b08   0x08005b08   0x00000048   Code   RO         4293    i.Servo_Ctrl_Scan   app.o
    0x08005b50   0x08005b50   0x00000004   Code   RO          445    i.SysTick_Handler   stm32f1xx_it.o
    0x08005b54   0x08005b54   0x0000004e   Code   RO           14    i.SystemClock_Config  main.o
    0x08005ba2   0x08005ba2   0x00000002   PAD
    0x08005ba4   0x08005ba4   0x00000048   Code   RO         3426    i.SystemInit        system_stm32f1xx.o
    0x08005bec   0x08005bec   0x0000000c   Code   RO          446    i.TIM2_IRQHandler   stm32f1xx_it.o
    0x08005bf8   0x08005bf8   0x0000000c   Code   RO          447    i.TIM3_IRQHandler   stm32f1xx_it.o
    0x08005c04   0x08005c04   0x0000006c   Code   RO         2261    i.TIM_Base_SetConfig  stm32f1xx_hal_tim.o
    0x08005c70   0x08005c70   0x00000014   Code   RO         2272    i.TIM_ETR_SetConfig  stm32f1xx_hal_tim.o
    0x08005c84   0x08005c84   0x00000010   Code   RO         2273    i.TIM_ITRx_SetConfig  stm32f1xx_hal_tim.o
    0x08005c94   0x08005c94   0x00000022   Code   RO         2279    i.TIM_TI1_ConfigInputStage  stm32f1xx_hal_tim.o
    0x08005cb6   0x08005cb6   0x00000024   Code   RO         2281    i.TIM_TI2_ConfigInputStage  stm32f1xx_hal_tim.o
    0x08005cda   0x08005cda   0x0000001c   Code   RO         4529    i.Tim_CheckTimeOut  can_communication.o
    0x08005cf6   0x08005cf6   0x00000002   PAD
    0x08005cf8   0x08005cf8   0x00000010   Code   RO         4530    i.Tim_GetCurrentTimeAdd_Scan1MS  can_communication.o
    0x08005d08   0x08005d08   0x0000000e   Code   RO         4294    i.Time2BreakExecution_Handler  app.o
    0x08005d16   0x08005d16   0x00000002   PAD
    0x08005d18   0x08005d18   0x00000034   Code   RO         4295    i.TimeBreakExecution_Handler  app.o
    0x08005d4c   0x08005d4c   0x00000014   Code   RO         3772    i.Timer2_SetHandler  bsp_hal_time.o
    0x08005d60   0x08005d60   0x00000014   Code   RO         3773    i.Timer_SetHandler  bsp_hal_time.o
    0x08005d74   0x08005d74   0x0000005c   Code   RO         4296    i.TrackingSensor_Ctrl_Scan  app.o
    0x08005dd0   0x08005dd0   0x0000003c   Code   RO         4297    i.UART2BreakExecution_Handler  app.o
    0x08005e0c   0x08005e0c   0x00000058   Code   RO         4016    i.UART2_IDLECallBack  bsp_uart2.o
    0x08005e64   0x08005e64   0x0000003c   Code   RO         4298    i.UART3BreakExecution_Handler  app.o
    0x08005ea0   0x08005ea0   0x00000058   Code   RO         3969    i.UART3_IDLECallBack  bsp_hal_uart3dma232andttl.o
    0x08005ef8   0x08005ef8   0x00000010   Code   RO         3137    i.UART_DMAAbortOnError  stm32f1xx_hal_uart.o
    0x08005f08   0x08005f08   0x0000004a   Code   RO         3138    i.UART_DMAError     stm32f1xx_hal_uart.o
    0x08005f52   0x08005f52   0x0000003c   Code   RO         3139    i.UART_DMAReceiveCplt  stm32f1xx_hal_uart.o
    0x08005f8e   0x08005f8e   0x0000000a   Code   RO         3141    i.UART_DMARxHalfCplt  stm32f1xx_hal_uart.o
    0x08005f98   0x08005f98   0x0000002e   Code   RO         3143    i.UART_DMATransmitCplt  stm32f1xx_hal_uart.o
    0x08005fc6   0x08005fc6   0x0000000a   Code   RO         3145    i.UART_DMATxHalfCplt  stm32f1xx_hal_uart.o
    0x08005fd0   0x08005fd0   0x0000001c   Code   RO         3147    i.UART_EndRxTransfer  stm32f1xx_hal_uart.o
    0x08005fec   0x08005fec   0x00000012   Code   RO         3148    i.UART_EndTxTransfer  stm32f1xx_hal_uart.o
    0x08005ffe   0x08005ffe   0x00000096   Code   RO         3149    i.UART_Receive_IT   stm32f1xx_hal_uart.o
    0x08006094   0x08006094   0x000000b8   Code   RO         3150    i.UART_SetConfig    stm32f1xx_hal_uart.o
    0x0800614c   0x0800614c   0x00000062   Code   RO         3151    i.UART_Transmit_IT  stm32f1xx_hal_uart.o
    0x080061ae   0x080061ae   0x00000064   Code   RO         3152    i.UART_WaitOnFlagUntilTimeout  stm32f1xx_hal_uart.o
    0x08006212   0x08006212   0x00000002   PAD
    0x08006214   0x08006214   0x0000000c   Code   RO         4299    i.UP_Handler        app.o
    0x08006220   0x08006220   0x0000000c   Code   RO          448    i.USART1_IRQHandler  stm32f1xx_it.o
    0x0800622c   0x0800622c   0x00000018   Code   RO          449    i.USART2_IRQHandler  stm32f1xx_it.o
    0x08006244   0x08006244   0x00000018   Code   RO          450    i.USART3_IRQHandler  stm32f1xx_it.o
    0x0800625c   0x0800625c   0x0000000c   Code   RO          451    i.USB_LP_CAN1_RX0_IRQHandler  stm32f1xx_it.o
    0x08006268   0x08006268   0x00000040   Code   RO         4300    i.UartTime          app.o
    0x080062a8   0x080062a8   0x00000002   Code   RO          452    i.UsageFault_Handler  stm32f1xx_it.o
    0x080062aa   0x080062aa   0x00000002   PAD
    0x080062ac   0x080062ac   0x00000020   Code   RO         4071    i.W25Qxx_SPI_ReadWriteByte  bsp_hal_w25qxxflash.o
    0x080062cc   0x080062cc   0x00000020   Code   RO         1362    i.__NVIC_SetPriority  stm32f1xx_hal_cortex.o
    0x080062ec   0x080062ec   0x0000000e   Code   RO         5544    i.__scatterload_copy  mc_w.l(handlers.o)
    0x080062fa   0x080062fa   0x00000002   Code   RO         5545    i.__scatterload_null  mc_w.l(handlers.o)
    0x080062fc   0x080062fc   0x0000000e   Code   RO         5546    i.__scatterload_zeroinit  mc_w.l(handlers.o)
    0x0800630a   0x0800630a   0x00000008   Code   RO         4211    i.button_attach     separate_button.o
    0x08006312   0x08006312   0x0000011c   Code   RO         4212    i.button_handler    separate_button.o
    0x0800642e   0x0800642e   0x00000032   Code   RO         4213    i.button_init       separate_button.o
    0x08006460   0x08006460   0x00000024   Code   RO         4214    i.button_start      separate_button.o
    0x08006484   0x08006484   0x0000001c   Code   RO         4216    i.button_ticks      separate_button.o
    0x080064a0   0x080064a0   0x00000012   Code   RO         3892    i.delay_us          bsp_hal_ps2.o
    0x080064b2   0x080064b2   0x00000036   Code   RO           15    i.main              main.o
    0x080064e8   0x080064e8   0x000000c0   Code   RO         4531    i.xCreate           can_communication.o
    0x080065a8   0x080065a8   0x00000010   Data   RO         3427    .constdata          system_stm32f1xx.o
    0x080065b8   0x080065b8   0x00000008   Data   RO         3428    .constdata          system_stm32f1xx.o
    0x080065c0   0x080065c0   0x00000ca4   Data   RO         3596    .constdata          bsp_hal_lcd.o
    0x08007264   0x08007264   0x00000194   Data   RO         4302    .constdata          app.o
    0x080073f8   0x080073f8   0x00000020   Data   RO         5542    Region$$Table       anon$$obj.o


    Execution Region RW_IRAM1 (Exec base: 0x20000000, Load base: 0x08007418, Size: 0x00002310, Max: 0x00005000, ABSOLUTE)

    Exec Addr    Load Addr    Size         Type   Attr      Idx    E Section Name        Object

    0x20000000   0x08007418   0x0000000c   Data   RW          899    .data               stm32f1xx_hal.o
    0x2000000c   0x08007424   0x00000004   Data   RW         3429    .data               system_stm32f1xx.o
    0x20000010   0x08007428   0x00000009   Data   RW         3597    .data               bsp_hal_lcd.o
    0x20000019   0x08007431   0x00000003   PAD
    0x2000001c   0x08007434   0x00000008   Data   RW         3774    .data               bsp_hal_time.o
    0x20000024   0x0800743c   0x00000008   Data   RW         3895    .data               bsp_hal_ps2.o
    0x2000002c   0x08007444   0x0000000c   Data   RW         3970    .data               bsp_hal_uart3dma232andttl.o
    0x20000038   0x08007450   0x0000000c   Data   RW         4017    .data               bsp_uart2.o
    0x20000044   0x0800745c   0x00000008   Data   RW         4175    .data               bsp_hal_uart485.o
    0x2000004c   0x08007464   0x00000004   Data   RW         4218    .data               separate_button.o
    0x20000050   0x08007468   0x0000009e   Data   RW         4303    .data               app.o
    0x200000ee   0x08007506   0x00000006   Data   RW         4532    .data               can_communication.o
    0x200000f4   0x0800750c   0x00000004   Data   RW         4666    .data               slave_dcmotorminiwatt.o
    0x200000f8   0x08007510   0x00000004   Data   RW         4746    .data               slave_tracking.o
    0x200000fc   0x08007514   0x00000004   Data   RW         4825    .data               slave_steeringengine_6ch.o
    0x20000100   0x08007518   0x00000004   Data   RW         4899    .data               slave_steppingmotor.o
    0x20000104        -       0x00000028   Zero   RW          192    .bss                can.o
    0x2000012c        -       0x000000b0   Zero   RW          259    .bss                spi.o
    0x200001dc        -       0x00000080   Zero   RW          334    .bss                tim.o
    0x2000025c        -       0x00000258   Zero   RW          383    .bss                usart.o
    0x200004b4        -       0x00000200   Zero   RW         3595    .bss                bsp_hal_lcd.o
    0x200006b4        -       0x00000144   Zero   RW         3820    .bss                bsp_hal_can.o
    0x200007f8        -       0x00001000   Zero   RW         4072    .bss                bsp_hal_w25qxxflash.o
    0x200017f8        -       0x00000354   Zero   RW         4301    .bss                app.o
    0x20001b4c        -       0x000003c0   Zero   RW         4616    .bss                can_communication_canconfig.o
    0x20001f0c   0x0800751c   0x00000004   PAD
    0x20001f10        -       0x00000400   Zero   RW            1    STACK               startup_stm32f103xb.o


==============================================================================

Image component sizes


      Code (inc. data)   RO Data    RW Data    ZI Data      Debug   Object Name

      5994        800        404        158        852      29884   app.o
       356         24          0          0        324       6076   bsp_hal_can.o
       216         44          0          0          0       6496   bsp_hal_gpio.o
      2402         86       3236          9        512      17807   bsp_hal_lcd.o
       870         26          0          8          0       6254   bsp_hal_ps2.o
        88         34          0          8          0       2255   bsp_hal_time.o
       328         44          0         12          0       3844   bsp_hal_uart3dma232andttl.o
       120         24          0          8          0       2569   bsp_hal_uart485.o
       748         44          0          0       4096       8381   bsp_hal_w25qxxflash.o
       144         26          0         12          0       2589   bsp_uart2.o
       220         28          0          0         40       1683   can.o
      1000         38          0          6          0       7857   can_communication.o
        56          4          0          0        960       3721   can_communication_canconfig.o
       124          4          0          0          0        790   dma.o
       312         18          0          0          0       1023   gpio.o
       134          0          0          0          0     439688   main.o
       406         10          0          4          0       5344   separate_button.o
       352          8          0          4          0       6056   slave_dcmotorminiwatt.o
       746          8          0          4          0       6704   slave_steeringengine_6ch.o
       364          8          0          4          0       5800   slave_steppingmotor.o
       354         10          0          4          0       7199   slave_tracking.o
       324         40          0          0        176       2294   spi.o
        36          8        236          0       1024        812   startup_stm32f103xb.o
       164         28          0         12          0       5957   stm32f1xx_hal.o
      1608          0          0          0          0      13803   stm32f1xx_hal_can.o
       198         14          0          0          0      28995   stm32f1xx_hal_cortex.o
       808         36          0          0          0       5042   stm32f1xx_hal_dma.o
       514         34          0          0          0       4156   stm32f1xx_hal_gpio.o
        60          8          0          0          0        858   stm32f1xx_hal_msp.o
      1272        100          0          0          0       5236   stm32f1xx_hal_rcc.o
      1134          0          0          0          0       6056   stm32f1xx_hal_spi.o
       882         14          0          0          0       9661   stm32f1xx_hal_tim.o
        70          0          0          0          0       2381   stm32f1xx_hal_tim_ex.o
      1808         40          0          0          0      16313   stm32f1xx_hal_uart.o
       188         72          0          0          0       9245   stm32f1xx_it.o
        72         16         24          4          0       1183   system_stm32f1xx.o
       300         24          0          0        128       2327   tim.o
       808         62          0          0        600       3570   usart.o

    ----------------------------------------------------------------------
     25630       1784       3932        260       8716     689909   Object Totals
         0          0         32          0          0          0   (incl. Generated)
        50          0          0          3          4          0   (incl. Padding)

    ----------------------------------------------------------------------

      Code (inc. data)   RO Data    RW Data    ZI Data      Debug   Library Member Name

         0          0          0          0          0          0   entry.o
         0          0          0          0          0          0   entry10a.o
         0          0          0          0          0          0   entry11a.o
         8          4          0          0          0          0   entry2.o
         4          0          0          0          0          0   entry5.o
         0          0          0          0          0          0   entry7b.o
         0          0          0          0          0          0   entry8b.o
         8          4          0          0          0          0   entry9a.o
        30          0          0          0          0          0   handlers.o
        36          8          0          0          0         68   init.o
        36          0          0          0          0         68   memcpya.o
        36          0          0          0          0        108   memseta.o

    ----------------------------------------------------------------------
       158         16          0          0          0        244   Library Totals
         0          0          0          0          0          0   (incl. Padding)

    ----------------------------------------------------------------------

      Code (inc. data)   RO Data    RW Data    ZI Data      Debug   Library Name

       158         16          0          0          0        244   mc_w.l

    ----------------------------------------------------------------------
       158         16          0          0          0        244   Library Totals

    ----------------------------------------------------------------------

==============================================================================


      Code (inc. data)   RO Data    RW Data    ZI Data      Debug   

     25788       1800       3932        260       8716     676837   Grand Totals
     25788       1800       3932        260       8716     676837   ELF Image Totals
     25788       1800       3932        260          0          0   ROM Totals

==============================================================================

    Total RO  Size (Code + RO Data)                29720 (  29.02kB)
    Total RW  Size (RW Data + ZI Data)              8976 (   8.77kB)
    Total ROM Size (Code + RO Data + RW Data)      29980 (  29.28kB)

==============================================================================

